14:30:18  INFO     [RAMS] Starting resource monitor ...
14:30:18  INFO     [RAMS] Loading model tiers ...
WARNING ⚠️ Unable to automatically guess model task, assuming 'task=detect'. Explicitly define task for your model, i.e. 'task=detect', 'segment', 'classify', 'pose', 'obb' or 'semantic'.
Loading yolov8n.engine for TensorRT inference...
[09/09/2026-14:30:21] [TRT] [I] Loaded engine size: 7 MiB
[09/09/2026-14:30:21] [TRT] [I] [MemUsageChange] TensorRT-managed allocation in IExecutionContext creation: CPU +0, GPU +3, now: CPU 0, GPU 9 (MiB)
14:30:22  INFO     [RAMS] YOLOv8-nano ready — TensorRT yolov8n.engine (imgsz=320).
WARNING ⚠️ Unable to automatically guess model task, assuming 'task=detect'. Explicitly define task for your model, i.e. 'task=detect', 'segment', 'classify', 'pose', 'obb' or 'semantic'.
Loading yolov8s.engine for TensorRT inference...
[09/09/2026-14:30:22] [TRT] [I] The logger passed into createInferRuntime differs from one already provided for an existing builder, runtime, or refitter. Uses of the global logger, returned by nvinfer1::getLogger(), will return the existing value.
[09/09/2026-14:30:22] [TRT] [I] Loaded engine size: 23 MiB
[09/09/2026-14:30:22] [TRT] [I] [MemUsageChange] TensorRT-managed allocation in IExecutionContext creation: CPU +1, GPU +7, now: CPU 1, GPU 38 (MiB)
14:30:22  INFO     [RAMS] YOLOv8-small ready — TensorRT yolov8s.engine (imgsz=416).
WARNING ⚠️ Unable to automatically guess model task, assuming 'task=detect'. Explicitly define task for your model, i.e. 'task=detect', 'segment', 'classify', 'pose', 'obb' or 'semantic'.
Loading yolov8m.engine for TensorRT inference...
[09/09/2026-14:30:22] [TRT] [I] The logger passed into createInferRuntime differs from one already provided for an existing builder, runtime, or refitter. Uses of the global logger, returned by nvinfer1::getLogger(), will return the existing value.
[09/09/2026-14:30:22] [TRT] [I] Loaded engine size: 52 MiB
[09/09/2026-14:30:22] [TRT] [I] [MemUsageChange] TensorRT-managed allocation in IExecutionContext creation: CPU +0, GPU +29, now: CPU 1, GPU 117 (MiB)
14:30:22  INFO     [RAMS] YOLOv8-medium ready — TensorRT yolov8m.engine (imgsz=640).
14:30:22  INFO     [RAMS] Controller ready. Policy: threshold
14:30:24  INFO     [RAMS] Tier switch: SMALL → NANO  (R=0.538)
14:30:24  INFO     [RAMS] Tier switch: NANO → SMALL  (R=0.528)
[threshold/moderate] 100/1500
14:30:26  INFO     [RAMS] Tier switch: SMALL → NANO  (R=0.562)
14:30:26  INFO     [RAMS] Tier switch: NANO → SMALL  (R=0.513)
14:30:27  INFO     [RAMS] Tier switch: SMALL → NANO  (R=0.540)
14:30:27  INFO     [RAMS] Tier switch: NANO → SMALL  (R=0.511)
[threshold/moderate] 200/1500
14:30:29  INFO     [RAMS] Tier switch: SMALL → NANO  (R=0.568)
14:30:29  INFO     [RAMS] Tier switch: NANO → SMALL  (R=0.514)
[threshold/moderate] 300/1500
14:30:31  INFO     [RAMS] Tier switch: SMALL → NANO  (R=0.581)
14:30:31  INFO     [RAMS] Tier switch: NANO → SMALL  (R=0.498)
14:30:32  INFO     [RAMS] Tier switch: SMALL → NANO  (R=0.566)
14:30:32  INFO     [RAMS] Tier switch: NANO → SMALL  (R=0.518)
[threshold/moderate] 400/1500
14:30:33  INFO     [RAMS] Tier switch: SMALL → NANO  (R=0.572)
14:30:33  INFO     [RAMS] Tier switch: NANO → SMALL  (R=0.485)
14:30:34  INFO     [RAMS] Tier switch: SMALL → NANO  (R=0.577)
14:30:34  INFO     [RAMS] Tier switch: NANO → SMALL  (R=0.475)
[threshold/moderate] 500/1500
14:30:35  INFO     [RAMS] Tier switch: SMALL → NANO  (R=0.582)
14:30:35  INFO     [RAMS] Tier switch: NANO → SMALL  (R=0.522)
14:30:35  INFO     [RAMS] Tier switch: SMALL → NANO  (R=0.562)
[threshold/moderate] 600/1500
[threshold/moderate] 700/1500
[threshold/moderate] 800/1500
14:30:41  INFO     [RAMS] Tier switch: NANO → SMALL  (R=0.535)
14:30:42  INFO     [RAMS] Tier switch: SMALL → NANO  (R=0.578)
14:30:42  INFO     [RAMS] Tier switch: NANO → SMALL  (R=0.491)
[threshold/moderate] 900/1500
14:30:43  INFO     [RAMS] Tier switch: SMALL → NANO  (R=0.555)
14:30:43  INFO     [RAMS] Tier switch: NANO → SMALL  (R=0.471)
14:30:44  INFO     [RAMS] Tier switch: SMALL → NANO  (R=0.585)
14:30:44  INFO     [RAMS] Tier switch: NANO → SMALL  (R=0.504)
[threshold/moderate] 1000/1500
14:30:45  INFO     [RAMS] Tier switch: SMALL → NANO  (R=0.620)
14:30:45  INFO     [RAMS] Tier switch: NANO → SMALL  (R=0.469)
14:30:46  INFO     [RAMS] Tier switch: SMALL → NANO  (R=0.588)
14:30:46  INFO     [RAMS] Tier switch: NANO → SMALL  (R=0.494)
14:30:47  INFO     [RAMS] Tier switch: SMALL → NANO  (R=0.551)
[threshold/moderate] 1100/1500
14:30:47  INFO     [RAMS] Tier switch: NANO → SMALL  (R=0.512)
14:30:48  INFO     [RAMS] Tier switch: SMALL → NANO  (R=0.589)
14:30:48  INFO     [RAMS] Tier switch: NANO → SMALL  (R=0.490)
14:30:49  INFO     [RAMS] Tier switch: SMALL → NANO  (R=0.595)
14:30:49  INFO     [RAMS] Tier switch: NANO → SMALL  (R=0.504)
[threshold/moderate] 1200/1500
14:30:50  INFO     [RAMS] Tier switch: SMALL → NANO  (R=0.585)
14:30:50  INFO     [RAMS] Tier switch: NANO → SMALL  (R=0.491)
14:30:51  INFO     [RAMS] Tier switch: SMALL → NANO  (R=0.564)
14:30:51  INFO     [RAMS] Tier switch: NANO → SMALL  (R=0.505)
[threshold/moderate] 1300/1500
14:30:52  INFO     [RAMS] Tier switch: SMALL → NANO  (R=0.596)
14:30:52  INFO     [RAMS] Tier switch: NANO → SMALL  (R=0.471)
14:30:53  INFO     [RAMS] Tier switch: SMALL → NANO  (R=0.577)
14:30:53  INFO     [RAMS] Tier switch: NANO → SMALL  (R=0.494)
[threshold/moderate] 1400/1500
14:30:54  INFO     [RAMS] Tier switch: SMALL → NANO  (R=0.593)
14:30:54  INFO     [RAMS] Tier switch: NANO → SMALL  (R=0.474)
14:30:55  INFO     [RAMS] Tier switch: SMALL → NANO  (R=0.579)
14:30:55  INFO     [RAMS] Tier switch: NANO → SMALL  (R=0.487)
[threshold/moderate] 1500/1500
14:30:56  INFO     [RAMS] Controller stopped.
14:30:56  INFO     [RAMS] Starting resource monitor ...
14:30:56  INFO     [RAMS] Loading model tiers ...
WARNING ⚠️ Unable to automatically guess model task, assuming 'task=detect'. Explicitly define task for your model, i.e. 'task=detect', 'segment', 'classify', 'pose', 'obb' or 'semantic'.
Loading yolov8n.engine for TensorRT inference...
[09/09/2026-14:30:56] [TRT] [I] Loaded engine size: 7 MiB
[09/09/2026-14:30:56] [TRT] [I] [MemUsageChange] TensorRT-managed allocation in IExecutionContext creation: CPU +0, GPU +3, now: CPU 0, GPU 9 (MiB)
14:30:56  INFO     [RAMS] YOLOv8-nano ready — TensorRT yolov8n.engine (imgsz=320).
WARNING ⚠️ Unable to automatically guess model task, assuming 'task=detect'. Explicitly define task for your model, i.e. 'task=detect', 'segment', 'classify', 'pose', 'obb' or 'semantic'.
Loading yolov8s.engine for TensorRT inference...
[09/09/2026-14:30:56] [TRT] [I] The logger passed into createInferRuntime differs from one already provided for an existing builder, runtime, or refitter. Uses of the global logger, returned by nvinfer1::getLogger(), will return the existing value.
[09/09/2026-14:30:56] [TRT] [I] Loaded engine size: 23 MiB
[09/09/2026-14:30:56] [TRT] [I] [MemUsageChange] TensorRT-managed allocation in IExecutionContext creation: CPU +1, GPU +7, now: CPU 1, GPU 38 (MiB)
14:30:56  INFO     [RAMS] YOLOv8-small ready — TensorRT yolov8s.engine (imgsz=416).
WARNING ⚠️ Unable to automatically guess model task, assuming 'task=detect'. Explicitly define task for your model, i.e. 'task=detect', 'segment', 'classify', 'pose', 'obb' or 'semantic'.
Loading yolov8m.engine for TensorRT inference...
[09/09/2026-14:30:56] [TRT] [I] The logger passed into createInferRuntime differs from one already provided for an existing builder, runtime, or refitter. Uses of the global logger, returned by nvinfer1::getLogger(), will return the existing value.
[09/09/2026-14:30:56] [TRT] [I] Loaded engine size: 52 MiB
[09/09/2026-14:30:56] [TRT] [I] [MemUsageChange] TensorRT-managed allocation in IExecutionContext creation: CPU +0, GPU +29, now: CPU 1, GPU 117 (MiB)
14:30:56  INFO     [RAMS] YOLOv8-medium ready — TensorRT yolov8m.engine (imgsz=640).
14:30:56  INFO     [RAMS] Controller ready. Policy: predictive
14:30:57  INFO     [RAMS] Tier switch: SMALL → NANO  (R=0.568)
14:30:58  INFO     [RAMS] Tier switch: NANO → SMALL  (R=0.524)
14:30:58  INFO     [RAMS] Tier switch: SMALL → NANO  (R=0.614)
[predictive/moderate] 100/1500
[predictive/moderate] 200/1500
14:31:02  INFO     [RAMS] Tier switch: NANO → SMALL  (R=0.532)
14:31:02  INFO     [RAMS] Tier switch: SMALL → NANO  (R=0.558)
14:31:03  INFO     [RAMS] Tier switch: NANO → SMALL  (R=0.497)
[predictive/moderate] 300/1500
14:31:04  INFO     [RAMS] Tier switch: SMALL → NANO  (R=0.542)
14:31:04  INFO     [RAMS] Tier switch: NANO → SMALL  (R=0.481)
14:31:05  INFO     [RAMS] Tier switch: SMALL → NANO  (R=0.547)
14:31:05  INFO     [RAMS] Tier switch: NANO → SMALL  (R=0.494)
[predictive/moderate] 400/1500
[predictive/moderate] 500/1500
14:31:08  INFO     [RAMS] Tier switch: SMALL → NANO  (R=0.550)
14:31:08  INFO     [RAMS] Tier switch: NANO → SMALL  (R=0.535)
14:31:09  INFO     [RAMS] Tier switch: SMALL → NANO  (R=0.554)
14:31:09  INFO     [RAMS] Tier switch: NANO → SMALL  (R=0.489)
[predictive/moderate] 600/1500
14:31:10  INFO     [RAMS] Tier switch: SMALL → NANO  (R=0.552)
14:31:10  INFO     [RAMS] Tier switch: NANO → SMALL  (R=0.522)
14:31:11  INFO     [RAMS] Tier switch: SMALL → NANO  (R=0.555)
14:31:11  INFO     [RAMS] Tier switch: NANO → SMALL  (R=0.525)
[predictive/moderate] 700/1500
14:31:12  INFO     [RAMS] Tier switch: SMALL → NANO  (R=0.564)
14:31:12  INFO     [RAMS] Tier switch: NANO → SMALL  (R=0.508)
14:31:13  INFO     [RAMS] Tier switch: SMALL → NANO  (R=0.564)
14:31:13  INFO     [RAMS] Tier switch: NANO → SMALL  (R=0.492)
14:31:14  INFO     [RAMS] Tier switch: SMALL → NANO  (R=0.565)
[predictive/moderate] 800/1500
14:31:14  INFO     [RAMS] Tier switch: NANO → SMALL  (R=0.521)
[predictive/moderate] 900/1500
14:31:17  INFO     [RAMS] Tier switch: SMALL → NANO  (R=0.562)
14:31:17  INFO     [RAMS] Tier switch: NANO → SMALL  (R=0.519)
14:31:18  INFO     [RAMS] Tier switch: SMALL → NANO  (R=0.607)
[predictive/moderate] 1000/1500
[predictive/moderate] 1100/1500
[predictive/moderate] 1200/1500
14:31:24  INFO     [RAMS] Tier switch: NANO → SMALL  (R=0.507)
[predictive/moderate] 1300/1500
14:31:25  INFO     [RAMS] Tier switch: SMALL → NANO  (R=0.585)
14:31:25  INFO     [RAMS] Tier switch: NANO → SMALL  (R=0.502)
14:31:26  INFO     [RAMS] Tier switch: SMALL → NANO  (R=0.583)
14:31:26  INFO     [RAMS] Tier switch: NANO → SMALL  (R=0.508)
[predictive/moderate] 1400/1500
14:31:27  INFO     [RAMS] Tier switch: SMALL → NANO  (R=0.583)
14:31:27  INFO     [RAMS] Tier switch: NANO → SMALL  (R=0.501)
14:31:28  INFO     [RAMS] Tier switch: SMALL → NANO  (R=0.587)
14:31:28  INFO     [RAMS] Tier switch: NANO → SMALL  (R=0.503)
[predictive/moderate] 1500/1500
14:31:29  INFO     [RAMS] Controller stopped.
14:31:29  INFO     [RAMS] Starting resource monitor ...
14:31:29  INFO     [RAMS] Loading model tiers ...
WARNING ⚠️ Unable to automatically guess model task, assuming 'task=detect'. Explicitly define task for your model, i.e. 'task=detect', 'segment', 'classify', 'pose', 'obb' or 'semantic'.
Loading yolov8n.engine for TensorRT inference...
[09/09/2026-14:31:29] [TRT] [I] Loaded engine size: 7 MiB
[09/09/2026-14:31:29] [TRT] [I] [MemUsageChange] TensorRT-managed allocation in IExecutionContext creation: CPU +0, GPU +3, now: CPU 0, GPU 9 (MiB)
14:31:29  INFO     [RAMS] YOLOv8-nano ready — TensorRT yolov8n.engine (imgsz=320).
WARNING ⚠️ Unable to automatically guess model task, assuming 'task=detect'. Explicitly define task for your model, i.e. 'task=detect', 'segment', 'classify', 'pose', 'obb' or 'semantic'.
Loading yolov8s.engine for TensorRT inference...
[09/09/2026-14:31:29] [TRT] [I] The logger passed into createInferRuntime differs from one already provided for an existing builder, runtime, or refitter. Uses of the global logger, returned by nvinfer1::getLogger(), will return the existing value.
[09/09/2026-14:31:29] [TRT] [I] Loaded engine size: 23 MiB
[09/09/2026-14:31:29] [TRT] [I] [MemUsageChange] TensorRT-managed allocation in IExecutionContext creation: CPU +1, GPU +7, now: CPU 1, GPU 38 (MiB)
14:31:29  INFO     [RAMS] YOLOv8-small ready — TensorRT yolov8s.engine (imgsz=416).
WARNING ⚠️ Unable to automatically guess model task, assuming 'task=detect'. Explicitly define task for your model, i.e. 'task=detect', 'segment', 'classify', 'pose', 'obb' or 'semantic'.
Loading yolov8m.engine for TensorRT inference...
[09/09/2026-14:31:29] [TRT] [I] The logger passed into createInferRuntime differs from one already provided for an existing builder, runtime, or refitter. Uses of the global logger, returned by nvinfer1::getLogger(), will return the existing value.
[09/09/2026-14:31:29] [TRT] [I] Loaded engine size: 52 MiB
[09/09/2026-14:31:29] [TRT] [I] [MemUsageChange] TensorRT-managed allocation in IExecutionContext creation: CPU +0, GPU +29, now: CPU 1, GPU 117 (MiB)
14:31:29  INFO     [RAMS] YOLOv8-medium ready — TensorRT yolov8m.engine (imgsz=640).
14:31:29  INFO     [RAMS] Controller ready. Policy: safety
[safety/moderate] 100/1500
[safety/moderate] 200/1500
[safety/moderate] 300/1500
[safety/moderate] 400/1500
[safety/moderate] 500/1500
[safety/moderate] 600/1500
[safety/moderate] 700/1500
[safety/moderate] 800/1500
[safety/moderate] 900/1500
[safety/moderate] 1000/1500
[safety/moderate] 1100/1500
[safety/moderate] 1200/1500
[safety/moderate] 1300/1500
[safety/moderate] 1400/1500
[safety/moderate] 1500/1500
14:32:03  INFO     [RAMS] Controller stopped.
14:32:03  INFO     [RAMS] Starting resource monitor ...
14:32:03  INFO     [RAMS] Loading model tiers ...
WARNING ⚠️ Unable to automatically guess model task, assuming 'task=detect'. Explicitly define task for your model, i.e. 'task=detect', 'segment', 'classify', 'pose', 'obb' or 'semantic'.
Loading yolov8n.engine for TensorRT inference...
[09/09/2026-14:32:03] [TRT] [I] Loaded engine size: 7 MiB
[09/09/2026-14:32:03] [TRT] [I] [MemUsageChange] TensorRT-managed allocation in IExecutionContext creation: CPU +0, GPU +3, now: CPU 0, GPU 9 (MiB)
14:32:03  INFO     [RAMS] YOLOv8-nano ready — TensorRT yolov8n.engine (imgsz=320).
WARNING ⚠️ Unable to automatically guess model task, assuming 'task=detect'. Explicitly define task for your model, i.e. 'task=detect', 'segment', 'classify', 'pose', 'obb' or 'semantic'.
Loading yolov8s.engine for TensorRT inference...
[09/09/2026-14:32:03] [TRT] [I] The logger passed into createInferRuntime differs from one already provided for an existing builder, runtime, or refitter. Uses of the global logger, returned by nvinfer1::getLogger(), will return the existing value.
[09/09/2026-14:32:03] [TRT] [I] Loaded engine size: 23 MiB
[09/09/2026-14:32:03] [TRT] [I] [MemUsageChange] TensorRT-managed allocation in IExecutionContext creation: CPU +1, GPU +7, now: CPU 1, GPU 38 (MiB)
14:32:03  INFO     [RAMS] YOLOv8-small ready — TensorRT yolov8s.engine (imgsz=416).
WARNING ⚠️ Unable to automatically guess model task, assuming 'task=detect'. Explicitly define task for your model, i.e. 'task=detect', 'segment', 'classify', 'pose', 'obb' or 'semantic'.
Loading yolov8m.engine for TensorRT inference...
[09/09/2026-14:32:03] [TRT] [I] The logger passed into createInferRuntime differs from one already provided for an existing builder, runtime, or refitter. Uses of the global logger, returned by nvinfer1::getLogger(), will return the existing value.
[09/09/2026-14:32:03] [TRT] [I] Loaded engine size: 52 MiB
[09/09/2026-14:32:03] [TRT] [I] [MemUsageChange] TensorRT-managed allocation in IExecutionContext creation: CPU +0, GPU +29, now: CPU 1, GPU 117 (MiB)
14:32:03  INFO     [RAMS] YOLOv8-medium ready — TensorRT yolov8m.engine (imgsz=640).
14:32:03  INFO     [RAMS] Controller ready. Policy: adaptive
14:32:04  INFO     [RAMS] Tier switch: SMALL → NANO  (R=0.571)
[adaptive/moderate] 100/1500
14:32:07  INFO     [RAMS] Tier switch: NANO → SMALL  (R=0.483)
14:32:07  INFO     [RAMS] Tier switch: SMALL → NANO  (R=0.563)
14:32:07  INFO     [RAMS] Tier switch: NANO → SMALL  (R=0.497)
14:32:08  INFO     [RAMS] Tier switch: SMALL → NANO  (R=0.581)
14:32:08  INFO     [RAMS] Tier switch: NANO → SMALL  (R=0.481)
[adaptive/moderate] 200/1500
14:32:09  INFO     [RAMS] Tier switch: SMALL → NANO  (R=0.574)
14:32:09  INFO     [RAMS] Tier switch: NANO → SMALL  (R=0.496)
[adaptive/moderate] 300/1500
14:32:11  INFO     [RAMS] Tier switch: SMALL → NANO  (R=0.585)
14:32:11  INFO     [RAMS] Tier switch: NANO → SMALL  (R=0.513)
14:32:12  INFO     [RAMS] Tier switch: SMALL → NANO  (R=0.580)
14:32:12  INFO     [RAMS] Tier switch: NANO → SMALL  (R=0.508)
[adaptive/moderate] 400/1500
14:32:13  INFO     [RAMS] Tier switch: SMALL → NANO  (R=0.580)
14:32:13  INFO     [RAMS] Tier switch: NANO → SMALL  (R=0.505)
14:32:14  INFO     [RAMS] Tier switch: SMALL → NANO  (R=0.585)
14:32:14  INFO     [RAMS] Tier switch: NANO → SMALL  (R=0.512)
[adaptive/moderate] 500/1500
14:32:15  INFO     [RAMS] Tier switch: SMALL → NANO  (R=0.574)
14:32:15  INFO     [RAMS] Tier switch: NANO → SMALL  (R=0.496)
14:32:16  INFO     [RAMS] Tier switch: SMALL → NANO  (R=0.574)
14:32:16  INFO     [RAMS] Tier switch: NANO → SMALL  (R=0.485)
[adaptive/moderate] 600/1500
14:32:17  INFO     [RAMS] Tier switch: SMALL → NANO  (R=0.583)
14:32:17  INFO     [RAMS] Tier switch: NANO → SMALL  (R=0.490)
14:32:19  INFO     [RAMS] Tier switch: SMALL → NANO  (R=0.592)
14:32:19  INFO     [RAMS] Tier switch: NANO → SMALL  (R=0.497)
[adaptive/moderate] 700/1500
14:32:20  INFO     [RAMS] Tier switch: SMALL → NANO  (R=0.575)
14:32:20  INFO     [RAMS] Tier switch: NANO → SMALL  (R=0.504)
14:32:21  INFO     [RAMS] Tier switch: SMALL → NANO  (R=0.580)
14:32:21  INFO     [RAMS] Tier switch: NANO → SMALL  (R=0.501)
[adaptive/moderate] 800/1500
14:32:22  INFO     [RAMS] Tier switch: SMALL → NANO  (R=0.564)
[adaptive/moderate] 900/1500
[adaptive/moderate] 1000/1500
[adaptive/moderate] 1100/1500
14:32:28  INFO     [RAMS] Tier switch: NANO → SMALL  (R=0.527)
14:32:28  INFO     [RAMS] Tier switch: SMALL → NANO  (R=0.562)
14:32:28  INFO     [RAMS] Tier switch: NANO → SMALL  (R=0.502)
14:32:29  INFO     [RAMS] Tier switch: SMALL → NANO  (R=0.593)
14:32:29  INFO     [RAMS] Tier switch: NANO → SMALL  (R=0.502)
[adaptive/moderate] 1200/1500
14:32:30  INFO     [RAMS] Tier switch: SMALL → NANO  (R=0.578)
14:32:30  INFO     [RAMS] Tier switch: NANO → SMALL  (R=0.504)
14:32:31  INFO     [RAMS] Tier switch: SMALL → NANO  (R=0.572)
14:32:31  INFO     [RAMS] Tier switch: NANO → SMALL  (R=0.511)
[adaptive/moderate] 1300/1500
14:32:32  INFO     [RAMS] Tier switch: SMALL → NANO  (R=0.585)
14:32:32  INFO     [RAMS] Tier switch: NANO → SMALL  (R=0.513)
14:32:33  INFO     [RAMS] Tier switch: SMALL → NANO  (R=0.578)
14:32:33  INFO     [RAMS] Tier switch: NANO → SMALL  (R=0.506)
[adaptive/moderate] 1400/1500
14:32:35  INFO     [RAMS] Tier switch: SMALL → NANO  (R=0.578)
14:32:35  INFO     [RAMS] Tier switch: NANO → SMALL  (R=0.504)
14:32:36  INFO     [RAMS] Tier switch: SMALL → NANO  (R=0.590)
14:32:36  INFO     [RAMS] Tier switch: NANO → SMALL  (R=0.488)
[adaptive/moderate] 1500/1500
14:32:36  INFO     [RAMS] Controller stopped.
14:32:36  INFO     [RAMS] Starting resource monitor ...
14:32:36  INFO     [RAMS] Loading model tiers ...
WARNING ⚠️ Unable to automatically guess model task, assuming 'task=detect'. Explicitly define task for your model, i.e. 'task=detect', 'segment', 'classify', 'pose', 'obb' or 'semantic'.
Loading yolov8n.engine for TensorRT inference...
[09/09/2026-14:32:36] [TRT] [I] Loaded engine size: 7 MiB
[09/09/2026-14:32:36] [TRT] [I] [MemUsageChange] TensorRT-managed allocation in IExecutionContext creation: CPU +0, GPU +3, now: CPU 0, GPU 9 (MiB)
14:32:36  INFO     [RAMS] YOLOv8-nano ready — TensorRT yolov8n.engine (imgsz=320).
WARNING ⚠️ Unable to automatically guess model task, assuming 'task=detect'. Explicitly define task for your model, i.e. 'task=detect', 'segment', 'classify', 'pose', 'obb' or 'semantic'.
Loading yolov8s.engine for TensorRT inference...
[09/09/2026-14:32:36] [TRT] [I] The logger passed into createInferRuntime differs from one already provided for an existing builder, runtime, or refitter. Uses of the global logger, returned by nvinfer1::getLogger(), will return the existing value.
[09/09/2026-14:32:36] [TRT] [I] Loaded engine size: 23 MiB
[09/09/2026-14:32:36] [TRT] [I] [MemUsageChange] TensorRT-managed allocation in IExecutionContext creation: CPU +1, GPU +7, now: CPU 1, GPU 38 (MiB)
14:32:37  INFO     [RAMS] YOLOv8-small ready — TensorRT yolov8s.engine (imgsz=416).
WARNING ⚠️ Unable to automatically guess model task, assuming 'task=detect'. Explicitly define task for your model, i.e. 'task=detect', 'segment', 'classify', 'pose', 'obb' or 'semantic'.
Loading yolov8m.engine for TensorRT inference...
[09/09/2026-14:32:37] [TRT] [I] The logger passed into createInferRuntime differs from one already provided for an existing builder, runtime, or refitter. Uses of the global logger, returned by nvinfer1::getLogger(), will return the existing value.
[09/09/2026-14:32:37] [TRT] [I] Loaded engine size: 52 MiB
[09/09/2026-14:32:37] [TRT] [I] [MemUsageChange] TensorRT-managed allocation in IExecutionContext creation: CPU +0, GPU +29, now: CPU 1, GPU 117 (MiB)
14:32:37  INFO     [RAMS] YOLOv8-medium ready — TensorRT yolov8m.engine (imgsz=640).
14:32:37  INFO     [RAMS] Controller ready. Policy: safety2
14:32:38  INFO     [RAMS] Tier switch: SMALL → MEDIUM  (R=0.498)
14:32:38  INFO     [RAMS] Tier switch: MEDIUM → NANO  (R=0.544)
14:32:38  INFO     [RAMS] Tier switch: NANO → SMALL  (R=0.544)
14:32:39  INFO     [RAMS] Tier switch: SMALL → MEDIUM  (R=0.492)
14:32:39  INFO     [RAMS] Tier switch: MEDIUM → SMALL  (R=0.502)
14:32:39  INFO     [RAMS] Tier switch: SMALL → NANO  (R=0.543)
14:32:39  INFO     [RAMS] Tier switch: NANO → SMALL  (R=0.477)
14:32:39  INFO     [RAMS] Tier switch: SMALL → MEDIUM  (R=0.477)
[safety2/moderate] 100/1500
14:32:40  INFO     [RAMS] Tier switch: MEDIUM → SMALL  (R=0.492)
14:32:41  INFO     [RAMS] Tier switch: SMALL → MEDIUM  (R=0.495)
14:32:41  INFO     [RAMS] Tier switch: MEDIUM → SMALL  (R=0.556)
14:32:42  INFO     [RAMS] Tier switch: SMALL → MEDIUM  (R=0.474)
14:32:42  INFO     [RAMS] Tier switch: MEDIUM → NANO  (R=0.596)
14:32:42  INFO     [RAMS] Tier switch: NANO → SMALL  (R=0.474)
14:32:42  INFO     [RAMS] Tier switch: SMALL → MEDIUM  (R=0.474)
[safety2/moderate] 200/1500
14:32:44  INFO     [RAMS] Tier switch: MEDIUM → NANO  (R=0.559)
14:32:44  INFO     [RAMS] Tier switch: NANO → SMALL  (R=0.559)
14:32:44  INFO     [RAMS] Tier switch: SMALL → MEDIUM  (R=0.548)
14:32:45  INFO     [RAMS] Tier switch: MEDIUM → NANO  (R=0.605)
14:32:45  INFO     [RAMS] Tier switch: NANO → MEDIUM  (R=0.607)
[safety2/moderate] 300/1500
14:32:47  INFO     [RAMS] Tier switch: MEDIUM → NANO  (R=0.596)
14:32:47  INFO     [RAMS] Tier switch: NANO → SMALL  (R=0.596)
14:32:47  INFO     [RAMS] Tier switch: SMALL → MEDIUM  (R=0.631)
14:32:48  INFO     [RAMS] Tier switch: MEDIUM → SMALL  (R=0.554)
14:32:48  INFO     [RAMS] Tier switch: SMALL → MEDIUM  (R=0.532)
[safety2/moderate] 400/1500
14:32:49  INFO     [RAMS] Tier switch: MEDIUM → SMALL  (R=0.590)
14:32:49  INFO     [RAMS] Tier switch: SMALL → MEDIUM  (R=0.540)
14:32:50  INFO     [RAMS] Tier switch: MEDIUM → NANO  (R=0.547)
14:32:50  INFO     [RAMS] Tier switch: NANO → MEDIUM  (R=0.536)
[safety2/moderate] 500/1500
14:32:52  INFO     [RAMS] Tier switch: MEDIUM → SMALL  (R=0.536)
14:32:52  INFO     [RAMS] Tier switch: SMALL → MEDIUM  (R=0.486)
14:32:53  INFO     [RAMS] Tier switch: MEDIUM → SMALL  (R=0.475)
14:32:53  INFO     [RAMS] Tier switch: SMALL → MEDIUM  (R=0.477)
[safety2/moderate] 600/1500
14:32:54  INFO     [RAMS] Tier switch: MEDIUM → SMALL  (R=0.546)
14:32:54  INFO     [RAMS] Tier switch: SMALL → MEDIUM  (R=0.566)
14:32:55  INFO     [RAMS] Tier switch: MEDIUM → SMALL  (R=0.470)
14:32:55  INFO     [RAMS] Tier switch: SMALL → MEDIUM  (R=0.543)
[safety2/moderate] 700/1500
14:32:58  INFO     [RAMS] Tier switch: MEDIUM → SMALL  (R=0.530)
14:32:58  INFO     [RAMS] Tier switch: SMALL → MEDIUM  (R=0.466)
14:32:59  INFO     [RAMS] Tier switch: MEDIUM → NANO  (R=0.539)
14:32:59  INFO     [RAMS] Tier switch: NANO → SMALL  (R=0.494)
14:32:59  INFO     [RAMS] Tier switch: SMALL → MEDIUM  (R=0.504)
[safety2/moderate] 800/1500
14:33:00  INFO     [RAMS] Tier switch: MEDIUM → SMALL  (R=0.548)
14:33:00  INFO     [RAMS] Tier switch: SMALL → MEDIUM  (R=0.548)
14:33:01  INFO     [RAMS] Tier switch: MEDIUM → NANO  (R=0.539)
14:33:01  INFO     [RAMS] Tier switch: NANO → MEDIUM  (R=0.491)
14:33:02  INFO     [RAMS] Tier switch: MEDIUM → SMALL  (R=0.473)
14:33:02  INFO     [RAMS] Tier switch: SMALL → MEDIUM  (R=0.510)
[safety2/moderate] 900/1500
14:33:03  INFO     [RAMS] Tier switch: MEDIUM → SMALL  (R=0.505)
14:33:03  INFO     [RAMS] Tier switch: SMALL → MEDIUM  (R=0.495)
14:33:03  INFO     [RAMS] Tier switch: MEDIUM → SMALL  (R=0.482)
14:33:03  INFO     [RAMS] Tier switch: SMALL → MEDIUM  (R=0.548)
14:33:04  INFO     [RAMS] Tier switch: MEDIUM → NANO  (R=0.544)
14:33:04  INFO     [RAMS] Tier switch: NANO → SMALL  (R=0.522)
14:33:04  INFO     [RAMS] Tier switch: SMALL → MEDIUM  (R=0.536)
[safety2/moderate] 1000/1500
14:33:05  INFO     [RAMS] Tier switch: MEDIUM → NANO  (R=0.601)
14:33:05  INFO     [RAMS] Tier switch: NANO → MEDIUM  (R=0.601)
14:33:06  INFO     [RAMS] Tier switch: MEDIUM → NANO  (R=0.615)
14:33:06  INFO     [RAMS] Tier switch: NANO → MEDIUM  (R=0.615)
14:33:07  INFO     [RAMS] Tier switch: MEDIUM → SMALL  (R=0.649)
14:33:07  INFO     [RAMS] Tier switch: SMALL → MEDIUM  (R=0.581)
[safety2/moderate] 1100/1500
14:33:08  INFO     [RAMS] Tier switch: MEDIUM → SMALL  (R=0.612)
14:33:08  INFO     [RAMS] Tier switch: SMALL → MEDIUM  (R=0.535)
14:33:09  INFO     [RAMS] Tier switch: MEDIUM → SMALL  (R=0.600)
14:33:09  INFO     [RAMS] Tier switch: SMALL → MEDIUM  (R=0.565)
14:33:10  INFO     [RAMS] Tier switch: MEDIUM → NANO  (R=0.604)
14:33:10  INFO     [RAMS] Tier switch: NANO → SMALL  (R=0.528)
14:33:10  INFO     [RAMS] Tier switch: SMALL → MEDIUM  (R=0.628)
[safety2/moderate] 1200/1500
14:33:11  INFO     [RAMS] Tier switch: MEDIUM → SMALL  (R=0.466)
14:33:11  INFO     [RAMS] Tier switch: SMALL → MEDIUM  (R=0.466)
14:33:12  INFO     [RAMS] Tier switch: MEDIUM → SMALL  (R=0.468)
14:33:12  INFO     [RAMS] Tier switch: SMALL → NANO  (R=0.541)
14:33:12  INFO     [RAMS] Tier switch: NANO → SMALL  (R=0.489)
14:33:12  INFO     [RAMS] Tier switch: SMALL → MEDIUM  (R=0.581)
[safety2/moderate] 1300/1500
14:33:14  INFO     [RAMS] Tier switch: MEDIUM → SMALL  (R=0.529)
14:33:14  INFO     [RAMS] Tier switch: SMALL → MEDIUM  (R=0.498)
14:33:15  INFO     [RAMS] Tier switch: MEDIUM → SMALL  (R=0.547)
14:33:15  INFO     [RAMS] Tier switch: SMALL → MEDIUM  (R=0.515)
[safety2/moderate] 1400/1500
14:33:17  INFO     [RAMS] Tier switch: MEDIUM → NANO  (R=0.547)
14:33:17  INFO     [RAMS] Tier switch: NANO → SMALL  (R=0.513)
14:33:17  INFO     [RAMS] Tier switch: SMALL → MEDIUM  (R=0.588)
[safety2/moderate] 1500/1500
14:33:19  INFO     [RAMS] Controller stopped.
14:33:19  INFO     [RAMS] Starting resource monitor ...
14:33:19  INFO     [RAMS] Loading model tiers ...
WARNING ⚠️ Unable to automatically guess model task, assuming 'task=detect'. Explicitly define task for your model, i.e. 'task=detect', 'segment', 'classify', 'pose', 'obb' or 'semantic'.
Loading yolov8n.engine for TensorRT inference...
[09/09/2026-14:33:19] [TRT] [I] Loaded engine size: 7 MiB
[09/09/2026-14:33:19] [TRT] [I] [MemUsageChange] TensorRT-managed allocation in IExecutionContext creation: CPU +0, GPU +3, now: CPU 0, GPU 9 (MiB)
14:33:19  INFO     [RAMS] YOLOv8-nano ready — TensorRT yolov8n.engine (imgsz=320).
WARNING ⚠️ Unable to automatically guess model task, assuming 'task=detect'. Explicitly define task for your model, i.e. 'task=detect', 'segment', 'classify', 'pose', 'obb' or 'semantic'.
Loading yolov8s.engine for TensorRT inference...
[09/09/2026-14:33:19] [TRT] [I] The logger passed into createInferRuntime differs from one already provided for an existing builder, runtime, or refitter. Uses of the global logger, returned by nvinfer1::getLogger(), will return the existing value.
[09/09/2026-14:33:19] [TRT] [I] Loaded engine size: 23 MiB
[09/09/2026-14:33:19] [TRT] [I] [MemUsageChange] TensorRT-managed allocation in IExecutionContext creation: CPU +1, GPU +7, now: CPU 1, GPU 38 (MiB)
14:33:19  INFO     [RAMS] YOLOv8-small ready — TensorRT yolov8s.engine (imgsz=416).
WARNING ⚠️ Unable to automatically guess model task, assuming 'task=detect'. Explicitly define task for your model, i.e. 'task=detect', 'segment', 'classify', 'pose', 'obb' or 'semantic'.
Loading yolov8m.engine for TensorRT inference...
[09/09/2026-14:33:19] [TRT] [I] The logger passed into createInferRuntime differs from one already provided for an existing builder, runtime, or refitter. Uses of the global logger, returned by nvinfer1::getLogger(), will return the existing value.
[09/09/2026-14:33:19] [TRT] [I] Loaded engine size: 52 MiB
[09/09/2026-14:33:19] [TRT] [I] [MemUsageChange] TensorRT-managed allocation in IExecutionContext creation: CPU +0, GPU +29, now: CPU 1, GPU 117 (MiB)
14:33:19  INFO     [RAMS] YOLOv8-medium ready — TensorRT yolov8m.engine (imgsz=640).
14:33:19  INFO     [RAMS] Controller ready. Policy: fixed
14:33:20  INFO     [RAMS] Tier switch: SMALL → NANO  (R=0.490)
[fixed_nano/moderate] 100/1500
[fixed_nano/moderate] 200/1500
[fixed_nano/moderate] 300/1500
[fixed_nano/moderate] 400/1500
[fixed_nano/moderate] 500/1500
[fixed_nano/moderate] 600/1500
[fixed_nano/moderate] 700/1500
[fixed_nano/moderate] 800/1500
[fixed_nano/moderate] 900/1500
[fixed_nano/moderate] 1000/1500
[fixed_nano/moderate] 1100/1500
[fixed_nano/moderate] 1200/1500
[fixed_nano/moderate] 1300/1500
[fixed_nano/moderate] 1400/1500
[fixed_nano/moderate] 1500/1500
14:33:50  INFO     [RAMS] Controller stopped.
14:33:50  INFO     [RAMS] Starting resource monitor ...
14:33:50  INFO     [RAMS] Loading model tiers ...
WARNING ⚠️ Unable to automatically guess model task, assuming 'task=detect'. Explicitly define task for your model, i.e. 'task=detect', 'segment', 'classify', 'pose', 'obb' or 'semantic'.
Loading yolov8n.engine for TensorRT inference...
[09/09/2026-14:33:50] [TRT] [I] Loaded engine size: 7 MiB
[09/09/2026-14:33:50] [TRT] [I] [MemUsageChange] TensorRT-managed allocation in IExecutionContext creation: CPU +0, GPU +3, now: CPU 0, GPU 9 (MiB)
14:33:50  INFO     [RAMS] YOLOv8-nano ready — TensorRT yolov8n.engine (imgsz=320).
WARNING ⚠️ Unable to automatically guess model task, assuming 'task=detect'. Explicitly define task for your model, i.e. 'task=detect', 'segment', 'classify', 'pose', 'obb' or 'semantic'.
Loading yolov8s.engine for TensorRT inference...
[09/09/2026-14:33:50] [TRT] [I] The logger passed into createInferRuntime differs from one already provided for an existing builder, runtime, or refitter. Uses of the global logger, returned by nvinfer1::getLogger(), will return the existing value.
[09/09/2026-14:33:50] [TRT] [I] Loaded engine size: 23 MiB
[09/09/2026-14:33:50] [TRT] [I] [MemUsageChange] TensorRT-managed allocation in IExecutionContext creation: CPU +1, GPU +7, now: CPU 1, GPU 38 (MiB)
14:33:50  INFO     [RAMS] YOLOv8-small ready — TensorRT yolov8s.engine (imgsz=416).
WARNING ⚠️ Unable to automatically guess model task, assuming 'task=detect'. Explicitly define task for your model, i.e. 'task=detect', 'segment', 'classify', 'pose', 'obb' or 'semantic'.
Loading yolov8m.engine for TensorRT inference...
[09/09/2026-14:33:50] [TRT] [I] The logger passed into createInferRuntime differs from one already provided for an existing builder, runtime, or refitter. Uses of the global logger, returned by nvinfer1::getLogger(), will return the existing value.
[09/09/2026-14:33:50] [TRT] [I] Loaded engine size: 52 MiB
[09/09/2026-14:33:50] [TRT] [I] [MemUsageChange] TensorRT-managed allocation in IExecutionContext creation: CPU +0, GPU +29, now: CPU 1, GPU 117 (MiB)
14:33:50  INFO     [RAMS] YOLOv8-medium ready — TensorRT yolov8m.engine (imgsz=640).
14:33:50  INFO     [RAMS] Controller ready. Policy: fixed
[fixed_small/moderate] 100/1500
[fixed_small/moderate] 200/1500
[fixed_small/moderate] 300/1500
[fixed_small/moderate] 400/1500
[fixed_small/moderate] 500/1500
[fixed_small/moderate] 600/1500
[fixed_small/moderate] 700/1500
[fixed_small/moderate] 800/1500
[fixed_small/moderate] 900/1500
[fixed_small/moderate] 1000/1500
[fixed_small/moderate] 1100/1500
[fixed_small/moderate] 1200/1500
[fixed_small/moderate] 1300/1500
[fixed_small/moderate] 1400/1500
[fixed_small/moderate] 1500/1500
14:34:24  INFO     [RAMS] Controller stopped.
14:34:24  INFO     [RAMS] Starting resource monitor ...
14:34:24  INFO     [RAMS] Loading model tiers ...
WARNING ⚠️ Unable to automatically guess model task, assuming 'task=detect'. Explicitly define task for your model, i.e. 'task=detect', 'segment', 'classify', 'pose', 'obb' or 'semantic'.
Loading yolov8n.engine for TensorRT inference...
[09/09/2026-14:34:24] [TRT] [I] Loaded engine size: 7 MiB
[09/09/2026-14:34:24] [TRT] [I] [MemUsageChange] TensorRT-managed allocation in IExecutionContext creation: CPU +0, GPU +3, now: CPU 0, GPU 9 (MiB)
14:34:24  INFO     [RAMS] YOLOv8-nano ready — TensorRT yolov8n.engine (imgsz=320).
WARNING ⚠️ Unable to automatically guess model task, assuming 'task=detect'. Explicitly define task for your model, i.e. 'task=detect', 'segment', 'classify', 'pose', 'obb' or 'semantic'.
Loading yolov8s.engine for TensorRT inference...
[09/09/2026-14:34:24] [TRT] [I] The logger passed into createInferRuntime differs from one already provided for an existing builder, runtime, or refitter. Uses of the global logger, returned by nvinfer1::getLogger(), will return the existing value.
[09/09/2026-14:34:24] [TRT] [I] Loaded engine size: 23 MiB
[09/09/2026-14:34:24] [TRT] [I] [MemUsageChange] TensorRT-managed allocation in IExecutionContext creation: CPU +1, GPU +7, now: CPU 1, GPU 38 (MiB)
14:34:24  INFO     [RAMS] YOLOv8-small ready — TensorRT yolov8s.engine (imgsz=416).
WARNING ⚠️ Unable to automatically guess model task, assuming 'task=detect'. Explicitly define task for your model, i.e. 'task=detect', 'segment', 'classify', 'pose', 'obb' or 'semantic'.
Loading yolov8m.engine for TensorRT inference...
[09/09/2026-14:34:24] [TRT] [I] The logger passed into createInferRuntime differs from one already provided for an existing builder, runtime, or refitter. Uses of the global logger, returned by nvinfer1::getLogger(), will return the existing value.
[09/09/2026-14:34:24] [TRT] [I] Loaded engine size: 52 MiB
[09/09/2026-14:34:24] [TRT] [I] [MemUsageChange] TensorRT-managed allocation in IExecutionContext creation: CPU +0, GPU +29, now: CPU 1, GPU 117 (MiB)
14:34:24  INFO     [RAMS] YOLOv8-medium ready — TensorRT yolov8m.engine (imgsz=640).
14:34:24  INFO     [RAMS] Controller ready. Policy: fixed
14:34:25  INFO     [RAMS] Tier switch: SMALL → MEDIUM  (R=0.425)
[fixed_medium/moderate] 100/1500
[fixed_medium/moderate] 200/1500
[fixed_medium/moderate] 300/1500
[fixed_medium/moderate] 400/1500
[fixed_medium/moderate] 500/1500
[fixed_medium/moderate] 600/1500
[fixed_medium/moderate] 700/1500
[fixed_medium/moderate] 800/1500
[fixed_medium/moderate] 900/1500
[fixed_medium/moderate] 1000/1500
[fixed_medium/moderate] 1100/1500
[fixed_medium/moderate] 1200/1500
[fixed_medium/moderate] 1300/1500
[fixed_medium/moderate] 1400/1500
[fixed_medium/moderate] 1500/1500
14:35:09  INFO     [RAMS] Controller stopped.
Raw records: /home/soren/rams_trt_labels_20260909/results/full-20260909-trtlabels-v3/tensorrt/policy_accuracy/exp11_policy_accuracy_20260909_143509.csv
Summary: /home/soren/rams_trt_labels_20260909/results/full-20260909-trtlabels-v3/tensorrt/policy_accuracy/exp11_policy_accuracy_20260909_143509.json
Replay manifest: /home/soren/rams_trt_labels_20260909/results/full-20260909-trtlabels-v3/tensorrt/policy_accuracy/exp11_policy_accuracy_20260909_143509_manifest.json
