23:46:22  INFO     [RAMS] Starting resource monitor ...
23:46:22  INFO     [RAMS] Loading model tiers ...
23:46:27  INFO     [RAMS] YOLOv8-nano ready — Ultralytics (imgsz=320).
23:46:27  INFO     [RAMS] YOLOv8-small ready — Ultralytics (imgsz=416).
23:46:28  INFO     [RAMS] YOLOv8-medium ready — Ultralytics (imgsz=640).
23:46:28  INFO     [RAMS] Controller ready. Policy: safety
23:46:29  INFO     [RAMS] Tier switch: SMALL → NANO  (R=0.602)
23:46:29  INFO     [RAMS] Tier switch: NANO → SMALL  (R=0.556)
[safety, conf=0.25] 100/1500
[safety, conf=0.25] 200/1500
23:46:39  INFO     [RAMS] Tier switch: SMALL → NANO  (R=0.499)
23:46:39  INFO     [RAMS] Tier switch: NANO → SMALL  (R=0.485)
[safety, conf=0.25] 300/1500
23:46:41  INFO     [RAMS] Tier switch: SMALL → NANO  (R=0.578)
23:46:41  INFO     [RAMS] Tier switch: NANO → SMALL  (R=0.505)
[safety, conf=0.25] 400/1500
[safety, conf=0.25] 500/1500
[safety, conf=0.25] 600/1500
[safety, conf=0.25] 700/1500
[safety, conf=0.25] 800/1500
[safety, conf=0.25] 900/1500
[safety, conf=0.25] 1000/1500
23:47:07  INFO     [RAMS] Tier switch: SMALL → NANO  (R=0.506)
23:47:07  INFO     [RAMS] Tier switch: NANO → SMALL  (R=0.506)
[safety, conf=0.25] 1100/1500
23:47:10  INFO     [RAMS] Tier switch: SMALL → NANO  (R=0.589)
23:47:10  INFO     [RAMS] Tier switch: NANO → SMALL  (R=0.516)
[safety, conf=0.25] 1200/1500
[safety, conf=0.25] 1300/1500
[safety, conf=0.25] 1400/1500
[safety, conf=0.25] 1500/1500
23:47:21  INFO     [RAMS] Controller stopped.
23:47:21  INFO     [RAMS] Starting resource monitor ...
23:47:21  INFO     [RAMS] Loading model tiers ...
23:47:21  INFO     [RAMS] YOLOv8-nano ready — Ultralytics (imgsz=320).
23:47:21  INFO     [RAMS] YOLOv8-small ready — Ultralytics (imgsz=416).
23:47:22  INFO     [RAMS] YOLOv8-medium ready — Ultralytics (imgsz=640).
23:47:22  INFO     [RAMS] Controller ready. Policy: safety
23:47:23  INFO     [RAMS] Tier switch: SMALL → NANO  (R=0.565)
23:47:23  INFO     [RAMS] Tier switch: NANO → SMALL  (R=0.514)
[safety, conf=0.40] 100/1500
[safety, conf=0.40] 200/1500
[safety, conf=0.40] 300/1500
23:47:35  INFO     [RAMS] Tier switch: SMALL → NANO  (R=0.545)
23:47:35  INFO     [RAMS] Tier switch: NANO → SMALL  (R=0.541)
23:47:37  INFO     [RAMS] Tier switch: SMALL → NANO  (R=0.557)
[safety, conf=0.40] 400/1500
23:47:37  INFO     [RAMS] Tier switch: NANO → SMALL  (R=0.569)
[safety, conf=0.40] 500/1500
23:47:43  INFO     [RAMS] Tier switch: SMALL → NANO  (R=0.573)
23:47:43  INFO     [RAMS] Tier switch: NANO → SMALL  (R=0.486)
[safety, conf=0.40] 600/1500
[safety, conf=0.40] 700/1500
23:47:48  INFO     [RAMS] Tier switch: SMALL → NANO  (R=0.510)
23:47:48  INFO     [RAMS] Tier switch: NANO → SMALL  (R=0.510)
[safety, conf=0.40] 800/1500
23:47:51  INFO     [RAMS] Tier switch: SMALL → NANO  (R=0.506)
23:47:51  INFO     [RAMS] Tier switch: NANO → SMALL  (R=0.478)
[safety, conf=0.40] 900/1500
[safety, conf=0.40] 1000/1500
23:48:00  INFO     [RAMS] Tier switch: SMALL → NANO  (R=0.565)
23:48:00  INFO     [RAMS] Tier switch: NANO → SMALL  (R=0.503)
[safety, conf=0.40] 1100/1500
[safety, conf=0.40] 1200/1500
23:48:05  INFO     [RAMS] Tier switch: SMALL → NANO  (R=0.580)
23:48:05  INFO     [RAMS] Tier switch: NANO → SMALL  (R=0.488)
[safety, conf=0.40] 1300/1500
[safety, conf=0.40] 1400/1500
[safety, conf=0.40] 1500/1500
23:48:14  INFO     [RAMS] Controller stopped.
23:48:14  INFO     [RAMS] Starting resource monitor ...
23:48:14  INFO     [RAMS] Loading model tiers ...
23:48:15  INFO     [RAMS] YOLOv8-nano ready — Ultralytics (imgsz=320).
23:48:15  INFO     [RAMS] YOLOv8-small ready — Ultralytics (imgsz=416).
23:48:16  INFO     [RAMS] YOLOv8-medium ready — Ultralytics (imgsz=640).
23:48:16  INFO     [RAMS] Controller ready. Policy: safety2
23:48:17  INFO     [RAMS] Tier switch: SMALL → MEDIUM  (R=0.533)
23:48:18  INFO     [RAMS] Tier switch: MEDIUM → SMALL  (R=0.629)
23:48:18  INFO     [RAMS] Tier switch: SMALL → MEDIUM  (R=0.547)
23:48:19  INFO     [RAMS] Tier switch: MEDIUM → NANO  (R=0.600)
23:48:20  INFO     [RAMS] Tier switch: NANO → SMALL  (R=0.546)
23:48:20  INFO     [RAMS] Tier switch: SMALL → MEDIUM  (R=0.546)
23:48:20  INFO     [RAMS] Tier switch: MEDIUM → NANO  (R=0.563)
23:48:20  INFO     [RAMS] Tier switch: NANO → MEDIUM  (R=0.563)
[safety2, conf=0.25] 100/1500
23:48:21  INFO     [RAMS] Tier switch: MEDIUM → SMALL  (R=0.566)
23:48:21  INFO     [RAMS] Tier switch: SMALL → MEDIUM  (R=0.563)
23:48:22  INFO     [RAMS] Tier switch: MEDIUM → NANO  (R=0.509)
23:48:22  INFO     [RAMS] Tier switch: NANO → MEDIUM  (R=0.510)
23:48:22  INFO     [RAMS] Tier switch: MEDIUM → SMALL  (R=0.574)
23:48:23  INFO     [RAMS] Tier switch: SMALL → MEDIUM  (R=0.499)
23:48:23  INFO     [RAMS] Tier switch: MEDIUM → NANO  (R=0.588)
23:48:23  INFO     [RAMS] Tier switch: NANO → MEDIUM  (R=0.554)
[safety2, conf=0.25] 200/1500
23:48:25  INFO     [RAMS] Tier switch: MEDIUM → SMALL  (R=0.576)
23:48:25  INFO     [RAMS] Tier switch: SMALL → MEDIUM  (R=0.511)
23:48:26  INFO     [RAMS] Tier switch: MEDIUM → NANO  (R=0.566)
23:48:26  INFO     [RAMS] Tier switch: NANO → MEDIUM  (R=0.566)
23:48:27  INFO     [RAMS] Tier switch: MEDIUM → SMALL  (R=0.518)
23:48:28  INFO     [RAMS] Tier switch: SMALL → MEDIUM  (R=0.505)
[safety2, conf=0.25] 300/1500
23:48:29  INFO     [RAMS] Tier switch: MEDIUM → NANO  (R=0.571)
23:48:29  INFO     [RAMS] Tier switch: NANO → MEDIUM  (R=0.485)
23:48:30  INFO     [RAMS] Tier switch: MEDIUM → NANO  (R=0.570)
23:48:30  INFO     [RAMS] Tier switch: NANO → SMALL  (R=0.489)
23:48:31  INFO     [RAMS] Tier switch: SMALL → MEDIUM  (R=0.512)
23:48:32  INFO     [RAMS] Tier switch: MEDIUM → NANO  (R=0.554)
23:48:32  INFO     [RAMS] Tier switch: NANO → SMALL  (R=0.496)
[safety2, conf=0.25] 400/1500
23:48:33  INFO     [RAMS] Tier switch: SMALL → MEDIUM  (R=0.523)
23:48:34  INFO     [RAMS] Tier switch: MEDIUM → SMALL  (R=0.516)
23:48:34  INFO     [RAMS] Tier switch: SMALL → MEDIUM  (R=0.509)
23:48:35  INFO     [RAMS] Tier switch: MEDIUM → NANO  (R=0.517)
23:48:35  INFO     [RAMS] Tier switch: NANO → SMALL  (R=0.510)
23:48:35  INFO     [RAMS] Tier switch: SMALL → MEDIUM  (R=0.492)
23:48:35  INFO     [RAMS] Tier switch: MEDIUM → SMALL  (R=0.486)
23:48:36  INFO     [RAMS] Tier switch: SMALL → MEDIUM  (R=0.479)
[safety2, conf=0.25] 500/1500
23:48:36  INFO     [RAMS] Tier switch: MEDIUM → NANO  (R=0.550)
23:48:36  INFO     [RAMS] Tier switch: NANO → MEDIUM  (R=0.550)
23:48:37  INFO     [RAMS] Tier switch: MEDIUM → NANO  (R=0.573)
23:48:37  INFO     [RAMS] Tier switch: NANO → MEDIUM  (R=0.609)
23:48:38  INFO     [RAMS] Tier switch: MEDIUM → SMALL  (R=0.555)
23:48:38  INFO     [RAMS] Tier switch: SMALL → MEDIUM  (R=0.537)
23:48:38  INFO     [RAMS] Tier switch: MEDIUM → NANO  (R=0.541)
23:48:39  INFO     [RAMS] Tier switch: NANO → MEDIUM  (R=0.579)
23:48:39  INFO     [RAMS] Tier switch: MEDIUM → NANO  (R=0.559)
23:48:39  INFO     [RAMS] Tier switch: NANO → MEDIUM  (R=0.559)
23:48:40  INFO     [RAMS] Tier switch: MEDIUM → SMALL  (R=0.557)
23:48:40  INFO     [RAMS] Tier switch: SMALL → MEDIUM  (R=0.577)
[safety2, conf=0.25] 600/1500
23:48:41  INFO     [RAMS] Tier switch: MEDIUM → NANO  (R=0.526)
23:48:41  INFO     [RAMS] Tier switch: NANO → SMALL  (R=0.544)
23:48:41  INFO     [RAMS] Tier switch: SMALL → MEDIUM  (R=0.544)
23:48:42  INFO     [RAMS] Tier switch: MEDIUM → NANO  (R=0.600)
23:48:42  INFO     [RAMS] Tier switch: NANO → SMALL  (R=0.548)
23:48:42  INFO     [RAMS] Tier switch: SMALL → MEDIUM  (R=0.566)
23:48:43  INFO     [RAMS] Tier switch: MEDIUM → NANO  (R=0.556)
23:48:43  INFO     [RAMS] Tier switch: NANO → MEDIUM  (R=0.562)
23:48:44  INFO     [RAMS] Tier switch: MEDIUM → NANO  (R=0.564)
23:48:44  INFO     [RAMS] Tier switch: NANO → MEDIUM  (R=0.494)
[safety2, conf=0.25] 700/1500
23:48:45  INFO     [RAMS] Tier switch: MEDIUM → SMALL  (R=0.489)
23:48:45  INFO     [RAMS] Tier switch: SMALL → MEDIUM  (R=0.493)
23:48:45  INFO     [RAMS] Tier switch: MEDIUM → NANO  (R=0.534)
23:48:46  INFO     [RAMS] Tier switch: NANO → SMALL  (R=0.509)
23:48:46  INFO     [RAMS] Tier switch: SMALL → MEDIUM  (R=0.492)
23:48:47  INFO     [RAMS] Tier switch: MEDIUM → SMALL  (R=0.497)
23:48:47  INFO     [RAMS] Tier switch: SMALL → MEDIUM  (R=0.545)
23:48:48  INFO     [RAMS] Tier switch: MEDIUM → NANO  (R=0.573)
[safety2, conf=0.25] 800/1500
23:48:48  INFO     [RAMS] Tier switch: NANO → SMALL  (R=0.484)
23:48:48  INFO     [RAMS] Tier switch: SMALL → MEDIUM  (R=0.492)
23:48:49  INFO     [RAMS] Tier switch: MEDIUM → SMALL  (R=0.514)
23:48:49  INFO     [RAMS] Tier switch: SMALL → MEDIUM  (R=0.475)
23:48:50  INFO     [RAMS] Tier switch: MEDIUM → SMALL  (R=0.619)
23:48:50  INFO     [RAMS] Tier switch: SMALL → MEDIUM  (R=0.619)
23:48:51  INFO     [RAMS] Tier switch: MEDIUM → NANO  (R=0.557)
23:48:52  INFO     [RAMS] Tier switch: NANO → MEDIUM  (R=0.483)
[safety2, conf=0.25] 900/1500
23:48:52  INFO     [RAMS] Tier switch: MEDIUM → SMALL  (R=0.549)
23:48:52  INFO     [RAMS] Tier switch: SMALL → MEDIUM  (R=0.498)
23:48:53  INFO     [RAMS] Tier switch: MEDIUM → NANO  (R=0.560)
23:48:53  INFO     [RAMS] Tier switch: NANO → SMALL  (R=0.485)
23:48:53  INFO     [RAMS] Tier switch: SMALL → MEDIUM  (R=0.566)
23:48:54  INFO     [RAMS] Tier switch: MEDIUM → NANO  (R=0.590)
23:48:54  INFO     [RAMS] Tier switch: NANO → SMALL  (R=0.492)
[safety2, conf=0.25] 1000/1500
23:48:55  INFO     [RAMS] Tier switch: SMALL → MEDIUM  (R=0.594)
23:48:57  INFO     [RAMS] Tier switch: MEDIUM → SMALL  (R=0.475)
23:48:57  INFO     [RAMS] Tier switch: SMALL → MEDIUM  (R=0.494)
23:48:57  INFO     [RAMS] Tier switch: MEDIUM → NANO  (R=0.572)
23:48:57  INFO     [RAMS] Tier switch: NANO → MEDIUM  (R=0.500)
23:48:58  INFO     [RAMS] Tier switch: MEDIUM → NANO  (R=0.638)
23:48:58  INFO     [RAMS] Tier switch: NANO → SMALL  (R=0.572)
23:48:59  INFO     [RAMS] Tier switch: SMALL → NANO  (R=0.559)
23:48:59  INFO     [RAMS] Tier switch: NANO → MEDIUM  (R=0.549)
[safety2, conf=0.25] 1100/1500
23:48:59  INFO     [RAMS] Tier switch: MEDIUM → NANO  (R=0.604)
23:49:00  INFO     [RAMS] Tier switch: NANO → SMALL  (R=0.679)
23:49:00  INFO     [RAMS] Tier switch: SMALL → MEDIUM  (R=0.563)
23:49:00  INFO     [RAMS] Tier switch: MEDIUM → NANO  (R=0.635)
23:49:00  INFO     [RAMS] Tier switch: NANO → MEDIUM  (R=0.553)
23:49:01  INFO     [RAMS] Tier switch: MEDIUM → NANO  (R=0.620)
23:49:01  INFO     [RAMS] Tier switch: NANO → SMALL  (R=0.620)
23:49:01  INFO     [RAMS] Tier switch: SMALL → MEDIUM  (R=0.575)
23:49:02  INFO     [RAMS] Tier switch: MEDIUM → NANO  (R=0.585)
23:49:02  INFO     [RAMS] Tier switch: NANO → MEDIUM  (R=0.556)
23:49:03  INFO     [RAMS] Tier switch: MEDIUM → NANO  (R=0.608)
23:49:03  INFO     [RAMS] Tier switch: NANO → MEDIUM  (R=0.542)
[safety2, conf=0.25] 1200/1500
23:49:04  INFO     [RAMS] Tier switch: MEDIUM → SMALL  (R=0.527)
23:49:04  INFO     [RAMS] Tier switch: SMALL → MEDIUM  (R=0.600)
23:49:04  INFO     [RAMS] Tier switch: MEDIUM → NANO  (R=0.544)
23:49:05  INFO     [RAMS] Tier switch: NANO → SMALL  (R=0.482)
23:49:05  INFO     [RAMS] Tier switch: SMALL → MEDIUM  (R=0.505)
23:49:06  INFO     [RAMS] Tier switch: MEDIUM → SMALL  (R=0.497)
23:49:06  INFO     [RAMS] Tier switch: SMALL → MEDIUM  (R=0.500)
[safety2, conf=0.25] 1300/1500
23:49:07  INFO     [RAMS] Tier switch: MEDIUM → SMALL  (R=0.536)
23:49:07  INFO     [RAMS] Tier switch: SMALL → MEDIUM  (R=0.536)
23:49:08  INFO     [RAMS] Tier switch: MEDIUM → NANO  (R=0.511)
23:49:08  INFO     [RAMS] Tier switch: NANO → SMALL  (R=0.479)
23:49:08  INFO     [RAMS] Tier switch: SMALL → MEDIUM  (R=0.484)
23:49:09  INFO     [RAMS] Tier switch: MEDIUM → NANO  (R=0.554)
23:49:10  INFO     [RAMS] Tier switch: NANO → SMALL  (R=0.484)
23:49:10  INFO     [RAMS] Tier switch: SMALL → MEDIUM  (R=0.511)
[safety2, conf=0.25] 1400/1500
23:49:11  INFO     [RAMS] Tier switch: MEDIUM → NANO  (R=0.572)
23:49:11  INFO     [RAMS] Tier switch: NANO → MEDIUM  (R=0.500)
23:49:14  INFO     [RAMS] Tier switch: MEDIUM → SMALL  (R=0.467)
23:49:14  INFO     [RAMS] Tier switch: SMALL → MEDIUM  (R=0.502)
[safety2, conf=0.25] 1500/1500
23:49:15  INFO     [RAMS] Controller stopped.
23:49:15  INFO     [RAMS] Starting resource monitor ...
23:49:15  INFO     [RAMS] Loading model tiers ...
23:49:15  INFO     [RAMS] YOLOv8-nano ready — Ultralytics (imgsz=320).
23:49:15  INFO     [RAMS] YOLOv8-small ready — Ultralytics (imgsz=416).
23:49:16  INFO     [RAMS] YOLOv8-medium ready — Ultralytics (imgsz=640).
23:49:16  INFO     [RAMS] Controller ready. Policy: safety2
23:49:17  INFO     [RAMS] Tier switch: SMALL → MEDIUM  (R=0.477)
23:49:18  INFO     [RAMS] Tier switch: MEDIUM → SMALL  (R=0.572)
23:49:18  INFO     [RAMS] Tier switch: SMALL → MEDIUM  (R=0.516)
23:49:20  INFO     [RAMS] Tier switch: MEDIUM → NANO  (R=0.545)
23:49:20  INFO     [RAMS] Tier switch: NANO → SMALL  (R=0.551)
23:49:20  INFO     [RAMS] Tier switch: SMALL → MEDIUM  (R=0.557)
23:49:20  INFO     [RAMS] Tier switch: MEDIUM → NANO  (R=0.620)
23:49:21  INFO     [RAMS] Tier switch: NANO → MEDIUM  (R=0.595)
[safety2, conf=0.40] 100/1500
23:49:21  INFO     [RAMS] Tier switch: MEDIUM → SMALL  (R=0.655)
23:49:21  INFO     [RAMS] Tier switch: SMALL → MEDIUM  (R=0.618)
23:49:22  INFO     [RAMS] Tier switch: MEDIUM → NANO  (R=0.567)
23:49:22  INFO     [RAMS] Tier switch: NANO → MEDIUM  (R=0.567)
23:49:22  INFO     [RAMS] Tier switch: MEDIUM → NANO  (R=0.663)
23:49:23  INFO     [RAMS] Tier switch: NANO → MEDIUM  (R=0.556)
23:49:23  INFO     [RAMS] Tier switch: MEDIUM → NANO  (R=0.580)
23:49:23  INFO     [RAMS] Tier switch: NANO → MEDIUM  (R=0.690)
23:49:24  INFO     [RAMS] Tier switch: MEDIUM → NANO  (R=0.608)
23:49:24  INFO     [RAMS] Tier switch: NANO → MEDIUM  (R=0.558)
23:49:25  INFO     [RAMS] Tier switch: MEDIUM → NANO  (R=0.572)
23:49:25  INFO     [RAMS] Tier switch: NANO → MEDIUM  (R=0.529)
[safety2, conf=0.40] 200/1500
23:49:25  INFO     [RAMS] Tier switch: MEDIUM → NANO  (R=0.641)
23:49:25  INFO     [RAMS] Tier switch: NANO → SMALL  (R=0.641)
23:49:26  INFO     [RAMS] Tier switch: SMALL → MEDIUM  (R=0.485)
23:49:26  INFO     [RAMS] Tier switch: MEDIUM → NANO  (R=0.576)
23:49:26  INFO     [RAMS] Tier switch: NANO → MEDIUM  (R=0.520)
23:49:27  INFO     [RAMS] Tier switch: MEDIUM → SMALL  (R=0.478)
23:49:28  INFO     [RAMS] Tier switch: SMALL → MEDIUM  (R=0.482)
[safety2, conf=0.40] 300/1500
23:49:29  INFO     [RAMS] Tier switch: MEDIUM → NANO  (R=0.509)
23:49:29  INFO     [RAMS] Tier switch: NANO → MEDIUM  (R=0.524)
23:49:30  INFO     [RAMS] Tier switch: MEDIUM → NANO  (R=0.544)
23:49:31  INFO     [RAMS] Tier switch: NANO → SMALL  (R=0.497)
23:49:31  INFO     [RAMS] Tier switch: SMALL → MEDIUM  (R=0.480)
23:49:32  INFO     [RAMS] Tier switch: MEDIUM → NANO  (R=0.506)
23:49:32  INFO     [RAMS] Tier switch: NANO → SMALL  (R=0.492)
[safety2, conf=0.40] 400/1500
23:49:33  INFO     [RAMS] Tier switch: SMALL → MEDIUM  (R=0.496)
23:49:34  INFO     [RAMS] Tier switch: MEDIUM → NANO  (R=0.498)
23:49:34  INFO     [RAMS] Tier switch: NANO → MEDIUM  (R=0.483)
23:49:35  INFO     [RAMS] Tier switch: MEDIUM → SMALL  (R=0.506)
23:49:36  INFO     [RAMS] Tier switch: SMALL → MEDIUM  (R=0.511)
[safety2, conf=0.40] 500/1500
23:49:37  INFO     [RAMS] Tier switch: MEDIUM → NANO  (R=0.537)
23:49:37  INFO     [RAMS] Tier switch: NANO → MEDIUM  (R=0.537)
23:49:37  INFO     [RAMS] Tier switch: MEDIUM → SMALL  (R=0.486)
23:49:38  INFO     [RAMS] Tier switch: SMALL → MEDIUM  (R=0.504)
23:49:38  INFO     [RAMS] Tier switch: MEDIUM → NANO  (R=0.556)
23:49:39  INFO     [RAMS] Tier switch: NANO → MEDIUM  (R=0.556)
23:49:40  INFO     [RAMS] Tier switch: MEDIUM → NANO  (R=0.578)
23:49:40  INFO     [RAMS] Tier switch: NANO → SMALL  (R=0.474)
23:49:40  INFO     [RAMS] Tier switch: SMALL → MEDIUM  (R=0.479)
[safety2, conf=0.40] 600/1500
23:49:41  INFO     [RAMS] Tier switch: MEDIUM → NANO  (R=0.635)
23:49:41  INFO     [RAMS] Tier switch: NANO → SMALL  (R=0.563)
23:49:41  INFO     [RAMS] Tier switch: SMALL → MEDIUM  (R=0.563)
23:49:42  INFO     [RAMS] Tier switch: MEDIUM → SMALL  (R=0.606)
23:49:42  INFO     [RAMS] Tier switch: SMALL → MEDIUM  (R=0.542)
23:49:43  INFO     [RAMS] Tier switch: MEDIUM → NANO  (R=0.543)
23:49:43  INFO     [RAMS] Tier switch: NANO → MEDIUM  (R=0.541)
23:49:44  INFO     [RAMS] Tier switch: MEDIUM → NANO  (R=0.540)
23:49:44  INFO     [RAMS] Tier switch: NANO → MEDIUM  (R=0.568)
[safety2, conf=0.40] 700/1500
23:49:44  INFO     [RAMS] Tier switch: MEDIUM → NANO  (R=0.686)
23:49:45  INFO     [RAMS] Tier switch: NANO → MEDIUM  (R=0.554)
23:49:46  INFO     [RAMS] Tier switch: MEDIUM → NANO  (R=0.622)
23:49:46  INFO     [RAMS] Tier switch: NANO → SMALL  (R=0.544)
23:49:46  INFO     [RAMS] Tier switch: SMALL → MEDIUM  (R=0.567)
23:49:48  INFO     [RAMS] Tier switch: MEDIUM → SMALL  (R=0.476)
23:49:48  INFO     [RAMS] Tier switch: SMALL → NANO  (R=0.540)
[safety2, conf=0.40] 800/1500
23:49:48  INFO     [RAMS] Tier switch: NANO → SMALL  (R=0.492)
23:49:48  INFO     [RAMS] Tier switch: SMALL → MEDIUM  (R=0.588)
23:49:49  INFO     [RAMS] Tier switch: MEDIUM → SMALL  (R=0.476)
23:49:49  INFO     [RAMS] Tier switch: SMALL → MEDIUM  (R=0.564)
23:49:50  INFO     [RAMS] Tier switch: MEDIUM → SMALL  (R=0.564)
23:49:50  INFO     [RAMS] Tier switch: SMALL → MEDIUM  (R=0.586)
23:49:52  INFO     [RAMS] Tier switch: MEDIUM → SMALL  (R=0.496)
23:49:52  INFO     [RAMS] Tier switch: SMALL → MEDIUM  (R=0.574)
[safety2, conf=0.40] 900/1500
23:49:52  INFO     [RAMS] Tier switch: MEDIUM → SMALL  (R=0.541)
23:49:53  INFO     [RAMS] Tier switch: SMALL → MEDIUM  (R=0.488)
23:49:54  INFO     [RAMS] Tier switch: MEDIUM → NANO  (R=0.556)
23:49:55  INFO     [RAMS] Tier switch: NANO → SMALL  (R=0.478)
[safety2, conf=0.40] 1000/1500
23:49:55  INFO     [RAMS] Tier switch: SMALL → MEDIUM  (R=0.597)
23:49:56  INFO     [RAMS] Tier switch: MEDIUM → SMALL  (R=0.474)
23:49:56  INFO     [RAMS] Tier switch: SMALL → MEDIUM  (R=0.478)
23:49:57  INFO     [RAMS] Tier switch: MEDIUM → NANO  (R=0.580)
23:49:57  INFO     [RAMS] Tier switch: NANO → SMALL  (R=0.580)
23:49:57  INFO     [RAMS] Tier switch: SMALL → MEDIUM  (R=0.484)
23:49:57  INFO     [RAMS] Tier switch: MEDIUM → NANO  (R=0.653)
23:49:58  INFO     [RAMS] Tier switch: NANO → MEDIUM  (R=0.478)
23:49:58  INFO     [RAMS] Tier switch: MEDIUM → SMALL  (R=0.492)
23:49:59  INFO     [RAMS] Tier switch: SMALL → MEDIUM  (R=0.498)
[safety2, conf=0.40] 1100/1500
23:50:00  INFO     [RAMS] Tier switch: MEDIUM → NANO  (R=0.524)
23:50:00  INFO     [RAMS] Tier switch: NANO → MEDIUM  (R=0.575)
23:50:02  INFO     [RAMS] Tier switch: MEDIUM → NANO  (R=0.587)
23:50:02  INFO     [RAMS] Tier switch: NANO → MEDIUM  (R=0.607)
23:50:03  INFO     [RAMS] Tier switch: MEDIUM → NANO  (R=0.635)
23:50:03  INFO     [RAMS] Tier switch: NANO → MEDIUM  (R=0.546)
[safety2, conf=0.40] 1200/1500
23:50:04  INFO     [RAMS] Tier switch: MEDIUM → NANO  (R=0.548)
23:50:04  INFO     [RAMS] Tier switch: NANO → SMALL  (R=0.589)
23:50:04  INFO     [RAMS] Tier switch: SMALL → MEDIUM  (R=0.587)
23:50:05  INFO     [RAMS] Tier switch: MEDIUM → NANO  (R=0.627)
23:50:05  INFO     [RAMS] Tier switch: NANO → SMALL  (R=0.552)
23:50:05  INFO     [RAMS] Tier switch: SMALL → MEDIUM  (R=0.550)
23:50:06  INFO     [RAMS] Tier switch: MEDIUM → NANO  (R=0.628)
23:50:06  INFO     [RAMS] Tier switch: NANO → SMALL  (R=0.540)
23:50:06  INFO     [RAMS] Tier switch: SMALL → MEDIUM  (R=0.570)
[safety2, conf=0.40] 1300/1500
23:50:07  INFO     [RAMS] Tier switch: MEDIUM → SMALL  (R=0.570)
23:50:07  INFO     [RAMS] Tier switch: SMALL → MEDIUM  (R=0.570)
23:50:08  INFO     [RAMS] Tier switch: MEDIUM → NANO  (R=0.532)
23:50:08  INFO     [RAMS] Tier switch: NANO → SMALL  (R=0.514)
23:50:08  INFO     [RAMS] Tier switch: SMALL → MEDIUM  (R=0.486)
23:50:09  INFO     [RAMS] Tier switch: MEDIUM → NANO  (R=0.590)
23:50:10  INFO     [RAMS] Tier switch: NANO → SMALL  (R=0.488)
23:50:10  INFO     [RAMS] Tier switch: SMALL → MEDIUM  (R=0.486)
[safety2, conf=0.40] 1400/1500
23:50:11  INFO     [RAMS] Tier switch: MEDIUM → SMALL  (R=0.476)
23:50:11  INFO     [RAMS] Tier switch: SMALL → MEDIUM  (R=0.548)
23:50:13  INFO     [RAMS] Tier switch: MEDIUM → NANO  (R=0.578)
23:50:14  INFO     [RAMS] Tier switch: NANO → SMALL  (R=0.479)
23:50:14  INFO     [RAMS] Tier switch: SMALL → MEDIUM  (R=0.506)
[safety2, conf=0.40] 1500/1500
23:50:15  INFO     [RAMS] Controller stopped.
Raw records: /home/soren/rams_sep2026/corrected-20260908/results/full-20260908-v1/pytorch/retention/exp12_retention_sensitivity_20260908_235015.csv
Summary: /home/soren/rams_sep2026/corrected-20260908/results/full-20260908-v1/pytorch/retention/exp12_retention_sensitivity_20260908_235015.json
