2026-09-13T18:43:38.944485+00:00 START tensorrt/kitti/NANO
2026-09-13T18:44:18.469650+00:00 PASSED tensorrt/kitti/NANO map50=0.159050 map50_95=0.078535 vru_recall=0.230263 elapsed_s=35.0
2026-09-13T18:44:18.470060+00:00 START tensorrt/coco/NANO
2026-09-13T18:45:30.252088+00:00 PASSED tensorrt/coco/NANO map50=0.314090 map50_95=0.228906 vru_recall=0.502209 elapsed_s=67.1
2026-09-13T18:45:30.252481+00:00 START tensorrt/kitti/SMALL
2026-09-13T18:46:12.775116+00:00 PASSED tensorrt/kitti/SMALL map50=0.240078 map50_95=0.123971 vru_recall=0.362664 elapsed_s=38.0
2026-09-13T18:46:12.775505+00:00 START tensorrt/coco/SMALL
2026-09-13T18:47:35.869159+00:00 PASSED tensorrt/coco/SMALL map50=0.465527 map50_95=0.348303 vru_recall=0.650978 elapsed_s=78.4
2026-09-13T18:47:35.869544+00:00 START tensorrt/kitti/MEDIUM
2026-09-13T18:48:28.769446+00:00 PASSED tensorrt/kitti/MEDIUM map50=0.354988 map50_95=0.191215 vru_recall=0.499178 elapsed_s=48.3
2026-09-13T18:48:28.769852+00:00 START tensorrt/coco/MEDIUM
2026-09-13T18:50:15.455720+00:00 PASSED tensorrt/coco/MEDIUM map50=0.580645 map50_95=0.445635 vru_recall=0.772248 elapsed_s=102.1
2026-09-13T18:56:40.637336+00:00 Home Nemotron service restored; health and models endpoints passed
2026-09-13T18:56:40.638172+00:00 START onnx/kitti/NANO
2026-09-13T18:57:57.940149+00:00 PASSED onnx/kitti/NANO map50=0.159214 map50_95=0.078347 vru_recall=0.229441 elapsed_s=72.9
2026-09-13T18:57:57.940496+00:00 START onnx/coco/NANO
2026-09-13T19:01:17.552685+00:00 PASSED onnx/coco/NANO map50=0.314529 map50_95=0.229166 vru_recall=0.502209 elapsed_s=195.8
2026-09-13T19:01:17.552944+00:00 START onnx/kitti/SMALL
2026-09-13T19:04:57.399595+00:00 PASSED onnx/kitti/SMALL map50=0.240013 map50_95=0.123590 vru_recall=0.362664 elapsed_s=216.1
2026-09-13T19:04:57.399861+00:00 START onnx/coco/SMALL
2026-09-13T19:16:22.238751+00:00 PASSED onnx/coco/SMALL map50=0.465155 map50_95=0.348162 vru_recall=0.651429 elapsed_s=681.0
2026-09-13T19:16:22.239274+00:00 START onnx/kitti/MEDIUM
2026-09-13T19:34:44.985554+00:00 PASSED onnx/kitti/MEDIUM map50=0.354493 map50_95=0.191119 vru_recall=0.498355 elapsed_s=1099.0
2026-09-13T19:34:44.985871+00:00 START onnx/coco/MEDIUM
2026-09-13T20:34:55.837832+00:00 PASSED onnx/coco/MEDIUM map50=0.580577 map50_95=0.445668 vru_recall=0.772067 elapsed_s=3607.0
