21:10:02  INFO     [RAMS] Starting resource monitor ...
21:10:02  INFO     [RAMS] Loading model tiers ...
[0;93m2026-09-08 21:10:02.318156590 [W:onnxruntime:Default, device_discovery.cc:164 DiscoverDevicesForPlatform] GPU device discovery failed: device_discovery.cc:89 ReadFileContents Failed to open file: "/sys/class/drm/card0/device/vendor"[m
21:10:02  INFO     [RAMS] YOLOv8-nano ready — ONNX (imgsz=320).
21:10:02  INFO     [RAMS] YOLOv8-small ready — ONNX (imgsz=416).
21:10:03  INFO     [RAMS] YOLOv8-medium ready — ONNX (imgsz=640).
21:10:03  INFO     [RAMS] Controller ready. Policy: threshold
21:10:07  INFO     [RAMS] Tier switch: SMALL → NANO  (R=0.626)
21:10:07  INFO     [RAMS] Tier switch: NANO → SMALL  (R=0.605)
21:10:08  INFO     [RAMS] Tier switch: SMALL → NANO  (R=0.627)
21:10:08  INFO     [RAMS] Tier switch: NANO → SMALL  (R=0.604)
21:10:08  INFO     [RAMS] Tier switch: SMALL → NANO  (R=0.618)
21:10:10  INFO     [RAMS] Tier switch: NANO → SMALL  (R=0.600)
21:10:10  INFO     [RAMS] Tier switch: SMALL → NANO  (R=0.664)
21:10:11  INFO     [RAMS] Tier switch: NANO → SMALL  (R=0.600)
21:10:11  INFO     [RAMS] Tier switch: SMALL → NANO  (R=0.613)
21:10:11  INFO     [RAMS] Tier switch: NANO → SMALL  (R=0.600)
21:10:12  INFO     [RAMS] Tier switch: SMALL → NANO  (R=0.743)
[threshold/moderate] 100/1500
21:10:18  INFO     [RAMS] Tier switch: NANO → SMALL  (R=0.599)
21:10:19  INFO     [RAMS] Tier switch: SMALL → NANO  (R=0.612)
[threshold/moderate] 200/1500
21:10:19  INFO     [RAMS] Tier switch: NANO → SMALL  (R=0.589)
21:10:20  INFO     [RAMS] Tier switch: SMALL → NANO  (R=0.612)
21:10:20  INFO     [RAMS] Tier switch: NANO → SMALL  (R=0.599)
21:10:20  INFO     [RAMS] Tier switch: SMALL → NANO  (R=0.624)
21:10:20  INFO     [RAMS] Tier switch: NANO → SMALL  (R=0.599)
21:10:21  INFO     [RAMS] Tier switch: SMALL → NANO  (R=0.665)
21:10:21  INFO     [RAMS] Tier switch: NANO → SMALL  (R=0.600)
21:10:22  INFO     [RAMS] Tier switch: SMALL → NANO  (R=0.653)
21:10:22  INFO     [RAMS] Tier switch: NANO → SMALL  (R=0.600)
21:10:23  INFO     [RAMS] Tier switch: SMALL → NANO  (R=0.624)
21:10:23  INFO     [RAMS] Tier switch: NANO → SMALL  (R=0.601)
21:10:24  INFO     [RAMS] Tier switch: SMALL → NANO  (R=0.630)
21:10:24  INFO     [RAMS] Tier switch: NANO → SMALL  (R=0.601)
21:10:25  INFO     [RAMS] Tier switch: SMALL → NANO  (R=0.613)
21:10:25  INFO     [RAMS] Tier switch: NANO → SMALL  (R=0.600)
21:10:26  INFO     [RAMS] Tier switch: SMALL → NANO  (R=0.631)
21:10:27  INFO     [RAMS] Tier switch: NANO → SMALL  (R=0.602)
21:10:27  INFO     [RAMS] Tier switch: SMALL → NANO  (R=0.630)
21:10:27  INFO     [RAMS] Tier switch: NANO → SMALL  (R=0.591)
21:10:28  INFO     [RAMS] Tier switch: SMALL → NANO  (R=0.665)
[threshold/moderate] 300/1500
21:10:28  INFO     [RAMS] Tier switch: NANO → SMALL  (R=0.604)
21:10:29  INFO     [RAMS] Tier switch: SMALL → NANO  (R=0.636)
21:10:29  INFO     [RAMS] Tier switch: NANO → SMALL  (R=0.606)
21:10:30  INFO     [RAMS] Tier switch: SMALL → NANO  (R=0.647)
21:10:30  INFO     [RAMS] Tier switch: NANO → SMALL  (R=0.588)
21:10:31  INFO     [RAMS] Tier switch: SMALL → NANO  (R=0.626)
21:10:31  INFO     [RAMS] Tier switch: NANO → SMALL  (R=0.601)
21:10:32  INFO     [RAMS] Tier switch: SMALL → NANO  (R=0.625)
21:10:32  INFO     [RAMS] Tier switch: NANO → SMALL  (R=0.600)
21:10:32  INFO     [RAMS] Tier switch: SMALL → NANO  (R=0.633)
21:10:32  INFO     [RAMS] Tier switch: NANO → SMALL  (R=0.597)
21:10:33  INFO     [RAMS] Tier switch: SMALL → NANO  (R=0.642)
[threshold/moderate] 400/1500
21:10:40  INFO     [RAMS] Tier switch: NANO → SMALL  (R=0.582)
21:10:41  INFO     [RAMS] Tier switch: SMALL → NANO  (R=0.632)
21:10:41  INFO     [RAMS] Tier switch: NANO → SMALL  (R=0.594)
[threshold/moderate] 500/1500
21:10:42  INFO     [RAMS] Tier switch: SMALL → NANO  (R=0.632)
21:10:42  INFO     [RAMS] Tier switch: NANO → SMALL  (R=0.596)
21:10:43  INFO     [RAMS] Tier switch: SMALL → NANO  (R=0.624)
21:10:43  INFO     [RAMS] Tier switch: NANO → SMALL  (R=0.604)
21:10:44  INFO     [RAMS] Tier switch: SMALL → NANO  (R=0.619)
21:10:44  INFO     [RAMS] Tier switch: NANO → SMALL  (R=0.593)
21:10:45  INFO     [RAMS] Tier switch: SMALL → NANO  (R=0.612)
21:10:45  INFO     [RAMS] Tier switch: NANO → SMALL  (R=0.597)
21:10:45  INFO     [RAMS] Tier switch: SMALL → NANO  (R=0.612)
21:10:45  INFO     [RAMS] Tier switch: NANO → SMALL  (R=0.600)
21:10:46  INFO     [RAMS] Tier switch: SMALL → NANO  (R=0.619)
21:10:46  INFO     [RAMS] Tier switch: NANO → SMALL  (R=0.594)
21:10:47  INFO     [RAMS] Tier switch: SMALL → NANO  (R=0.612)
21:10:47  INFO     [RAMS] Tier switch: NANO → SMALL  (R=0.600)
21:10:48  INFO     [RAMS] Tier switch: SMALL → NANO  (R=0.619)
21:10:48  INFO     [RAMS] Tier switch: NANO → SMALL  (R=0.603)
21:10:49  INFO     [RAMS] Tier switch: SMALL → NANO  (R=0.635)
21:10:49  INFO     [RAMS] Tier switch: NANO → SMALL  (R=0.601)
21:10:50  INFO     [RAMS] Tier switch: SMALL → NANO  (R=0.629)
21:10:50  INFO     [RAMS] Tier switch: NANO → SMALL  (R=0.604)
21:10:50  INFO     [RAMS] Tier switch: SMALL → NANO  (R=0.608)
21:10:51  INFO     [RAMS] Tier switch: NANO → SMALL  (R=0.601)
[threshold/moderate] 600/1500
21:10:51  INFO     [RAMS] Tier switch: SMALL → NANO  (R=0.690)
21:10:51  INFO     [RAMS] Tier switch: NANO → SMALL  (R=0.600)
21:10:52  INFO     [RAMS] Tier switch: SMALL → NANO  (R=0.631)
21:10:52  INFO     [RAMS] Tier switch: NANO → SMALL  (R=0.605)
21:10:53  INFO     [RAMS] Tier switch: SMALL → NANO  (R=0.608)
21:10:53  INFO     [RAMS] Tier switch: NANO → SMALL  (R=0.600)
21:10:54  INFO     [RAMS] Tier switch: SMALL → NANO  (R=0.615)
21:10:54  INFO     [RAMS] Tier switch: NANO → SMALL  (R=0.604)
21:10:55  INFO     [RAMS] Tier switch: SMALL → NANO  (R=0.665)
[threshold/moderate] 700/1500
21:11:01  INFO     [RAMS] Tier switch: NANO → SMALL  (R=0.601)
21:11:02  INFO     [RAMS] Tier switch: SMALL → NANO  (R=0.619)
21:11:02  INFO     [RAMS] Tier switch: NANO → SMALL  (R=0.603)
21:11:03  INFO     [RAMS] Tier switch: SMALL → NANO  (R=0.622)
21:11:03  INFO     [RAMS] Tier switch: NANO → SMALL  (R=0.593)
21:11:04  INFO     [RAMS] Tier switch: SMALL → NANO  (R=0.633)
[threshold/moderate] 800/1500
21:11:04  INFO     [RAMS] Tier switch: NANO → SMALL  (R=0.591)
21:11:05  INFO     [RAMS] Tier switch: SMALL → NANO  (R=0.637)
21:11:05  INFO     [RAMS] Tier switch: NANO → SMALL  (R=0.604)
21:11:06  INFO     [RAMS] Tier switch: SMALL → NANO  (R=0.624)
21:11:06  INFO     [RAMS] Tier switch: NANO → SMALL  (R=0.584)
21:11:07  INFO     [RAMS] Tier switch: SMALL → NANO  (R=0.612)
21:11:07  INFO     [RAMS] Tier switch: NANO → SMALL  (R=0.605)
21:11:08  INFO     [RAMS] Tier switch: SMALL → NANO  (R=0.608)
21:11:08  INFO     [RAMS] Tier switch: NANO → SMALL  (R=0.597)
21:11:09  INFO     [RAMS] Tier switch: SMALL → NANO  (R=0.612)
21:11:09  INFO     [RAMS] Tier switch: NANO → SMALL  (R=0.589)
21:11:10  INFO     [RAMS] Tier switch: SMALL → NANO  (R=0.620)
21:11:10  INFO     [RAMS] Tier switch: NANO → SMALL  (R=0.601)
21:11:11  INFO     [RAMS] Tier switch: SMALL → NANO  (R=0.624)
21:11:11  INFO     [RAMS] Tier switch: NANO → SMALL  (R=0.605)
21:11:12  INFO     [RAMS] Tier switch: SMALL → NANO  (R=0.634)
[threshold/moderate] 900/1500
21:11:12  INFO     [RAMS] Tier switch: NANO → SMALL  (R=0.605)
21:11:13  INFO     [RAMS] Tier switch: SMALL → NANO  (R=0.626)
21:11:13  INFO     [RAMS] Tier switch: NANO → SMALL  (R=0.601)
21:11:13  INFO     [RAMS] Tier switch: SMALL → NANO  (R=0.610)
21:11:13  INFO     [RAMS] Tier switch: NANO → SMALL  (R=0.600)
21:11:14  INFO     [RAMS] Tier switch: SMALL → NANO  (R=0.608)
21:11:14  INFO     [RAMS] Tier switch: NANO → SMALL  (R=0.600)
21:11:15  INFO     [RAMS] Tier switch: SMALL → NANO  (R=0.629)
21:11:15  INFO     [RAMS] Tier switch: NANO → SMALL  (R=0.603)
21:11:16  INFO     [RAMS] Tier switch: SMALL → NANO  (R=0.612)
21:11:16  INFO     [RAMS] Tier switch: NANO → SMALL  (R=0.599)
21:11:17  INFO     [RAMS] Tier switch: SMALL → NANO  (R=0.726)
[threshold/moderate] 1000/1500
21:11:24  INFO     [RAMS] Tier switch: NANO → SMALL  (R=0.594)
21:11:25  INFO     [RAMS] Tier switch: SMALL → NANO  (R=0.606)
[threshold/moderate] 1100/1500
21:11:25  INFO     [RAMS] Tier switch: NANO → SMALL  (R=0.601)
21:11:26  INFO     [RAMS] Tier switch: SMALL → NANO  (R=0.613)
21:11:26  INFO     [RAMS] Tier switch: NANO → SMALL  (R=0.599)
21:11:27  INFO     [RAMS] Tier switch: SMALL → NANO  (R=0.636)
21:11:27  INFO     [RAMS] Tier switch: NANO → SMALL  (R=0.596)
21:11:28  INFO     [RAMS] Tier switch: SMALL → NANO  (R=0.671)
21:11:28  INFO     [RAMS] Tier switch: NANO → SMALL  (R=0.601)
21:11:29  INFO     [RAMS] Tier switch: SMALL → NANO  (R=0.625)
21:11:30  INFO     [RAMS] Tier switch: NANO → SMALL  (R=0.585)
21:11:30  INFO     [RAMS] Tier switch: SMALL → NANO  (R=0.619)
21:11:31  INFO     [RAMS] Tier switch: NANO → SMALL  (R=0.600)
21:11:31  INFO     [RAMS] Tier switch: SMALL → NANO  (R=0.630)
21:11:31  INFO     [RAMS] Tier switch: NANO → SMALL  (R=0.604)
21:11:32  INFO     [RAMS] Tier switch: SMALL → NANO  (R=0.667)
21:11:32  INFO     [RAMS] Tier switch: NANO → SMALL  (R=0.603)
21:11:33  INFO     [RAMS] Tier switch: SMALL → NANO  (R=0.636)
21:11:33  INFO     [RAMS] Tier switch: NANO → SMALL  (R=0.597)
[threshold/moderate] 1200/1500
21:11:34  INFO     [RAMS] Tier switch: SMALL → NANO  (R=0.612)
21:11:34  INFO     [RAMS] Tier switch: NANO → SMALL  (R=0.605)
21:11:35  INFO     [RAMS] Tier switch: SMALL → NANO  (R=0.626)
21:11:36  INFO     [RAMS] Tier switch: NANO → SMALL  (R=0.596)
21:11:37  INFO     [RAMS] Tier switch: SMALL → NANO  (R=0.638)
21:11:37  INFO     [RAMS] Tier switch: NANO → SMALL  (R=0.600)
21:11:38  INFO     [RAMS] Tier switch: SMALL → NANO  (R=0.652)
21:11:38  INFO     [RAMS] Tier switch: NANO → SMALL  (R=0.588)
21:11:38  INFO     [RAMS] Tier switch: SMALL → NANO  (R=0.667)
[threshold/moderate] 1300/1500
21:11:45  INFO     [RAMS] Tier switch: NANO → SMALL  (R=0.597)
21:11:46  INFO     [RAMS] Tier switch: SMALL → NANO  (R=0.701)
[threshold/moderate] 1400/1500
21:11:46  INFO     [RAMS] Tier switch: NANO → SMALL  (R=0.596)
21:11:47  INFO     [RAMS] Tier switch: SMALL → NANO  (R=0.701)
21:11:47  INFO     [RAMS] Tier switch: NANO → SMALL  (R=0.603)
21:11:48  INFO     [RAMS] Tier switch: SMALL → NANO  (R=0.608)
21:11:48  INFO     [RAMS] Tier switch: NANO → SMALL  (R=0.602)
21:11:49  INFO     [RAMS] Tier switch: SMALL → NANO  (R=0.625)
21:11:49  INFO     [RAMS] Tier switch: NANO → SMALL  (R=0.589)
21:11:50  INFO     [RAMS] Tier switch: SMALL → NANO  (R=0.615)
21:11:50  INFO     [RAMS] Tier switch: NANO → SMALL  (R=0.599)
21:11:51  INFO     [RAMS] Tier switch: SMALL → NANO  (R=0.613)
21:11:51  INFO     [RAMS] Tier switch: NANO → SMALL  (R=0.587)
21:11:52  INFO     [RAMS] Tier switch: SMALL → NANO  (R=0.636)
21:11:52  INFO     [RAMS] Tier switch: NANO → SMALL  (R=0.604)
21:11:52  INFO     [RAMS] Tier switch: SMALL → NANO  (R=0.618)
21:11:53  INFO     [RAMS] Tier switch: NANO → SMALL  (R=0.596)
21:11:53  INFO     [RAMS] Tier switch: SMALL → NANO  (R=0.629)
21:11:53  INFO     [RAMS] Tier switch: NANO → SMALL  (R=0.588)
21:11:54  INFO     [RAMS] Tier switch: SMALL → NANO  (R=0.622)
[threshold/moderate] 1500/1500
21:11:54  INFO     [RAMS] Controller stopped.
21:11:54  INFO     [RAMS] Starting resource monitor ...
21:11:54  INFO     [RAMS] Loading model tiers ...
21:11:54  INFO     [RAMS] YOLOv8-nano ready — ONNX (imgsz=320).
21:11:54  INFO     [RAMS] YOLOv8-small ready — ONNX (imgsz=416).
21:11:55  INFO     [RAMS] YOLOv8-medium ready — ONNX (imgsz=640).
21:11:55  INFO     [RAMS] Controller ready. Policy: predictive
21:11:57  INFO     [RAMS] Tier switch: SMALL → NANO  (R=0.678)
21:11:57  INFO     [RAMS] Tier switch: NANO → SMALL  (R=0.597)
21:11:57  INFO     [RAMS] Tier switch: SMALL → NANO  (R=0.617)
21:11:58  INFO     [RAMS] Tier switch: NANO → SMALL  (R=0.601)
21:11:58  INFO     [RAMS] Tier switch: SMALL → NANO  (R=0.629)
21:11:58  INFO     [RAMS] Tier switch: NANO → SMALL  (R=0.593)
21:11:59  INFO     [RAMS] Tier switch: SMALL → NANO  (R=0.643)
21:11:59  INFO     [RAMS] Tier switch: NANO → SMALL  (R=0.600)
21:11:59  INFO     [RAMS] Tier switch: SMALL → NANO  (R=0.612)
21:12:00  INFO     [RAMS] Tier switch: NANO → SMALL  (R=0.601)
21:12:00  INFO     [RAMS] Tier switch: SMALL → NANO  (R=0.626)
21:12:00  INFO     [RAMS] Tier switch: NANO → SMALL  (R=0.589)
21:12:00  INFO     [RAMS] Tier switch: SMALL → NANO  (R=0.707)
[predictive/moderate] 100/1500
21:12:07  INFO     [RAMS] Tier switch: NANO → SMALL  (R=0.601)
21:12:07  INFO     [RAMS] Tier switch: SMALL → NANO  (R=0.635)
21:12:08  INFO     [RAMS] Tier switch: NANO → SMALL  (R=0.588)
21:12:08  INFO     [RAMS] Tier switch: SMALL → NANO  (R=0.622)
21:12:08  INFO     [RAMS] Tier switch: NANO → SMALL  (R=0.585)
21:12:08  INFO     [RAMS] Tier switch: SMALL → NANO  (R=0.697)
21:12:08  INFO     [RAMS] Tier switch: NANO → SMALL  (R=0.601)
21:12:09  INFO     [RAMS] Tier switch: SMALL → NANO  (R=0.626)
21:12:09  INFO     [RAMS] Tier switch: NANO → SMALL  (R=0.596)
21:12:09  INFO     [RAMS] Tier switch: SMALL → NANO  (R=0.642)
[predictive/moderate] 200/1500
21:12:09  INFO     [RAMS] Tier switch: NANO → SMALL  (R=0.588)
21:12:09  INFO     [RAMS] Tier switch: SMALL → NANO  (R=0.630)
21:12:10  INFO     [RAMS] Tier switch: NANO → SMALL  (R=0.596)
21:12:10  INFO     [RAMS] Tier switch: SMALL → NANO  (R=0.613)
21:12:10  INFO     [RAMS] Tier switch: NANO → SMALL  (R=0.602)
21:12:10  INFO     [RAMS] Tier switch: SMALL → NANO  (R=0.629)
21:12:10  INFO     [RAMS] Tier switch: NANO → SMALL  (R=0.596)
21:12:11  INFO     [RAMS] Tier switch: SMALL → NANO  (R=0.625)
21:12:11  INFO     [RAMS] Tier switch: NANO → SMALL  (R=0.588)
21:12:12  INFO     [RAMS] Tier switch: SMALL → NANO  (R=0.625)
21:12:12  INFO     [RAMS] Tier switch: NANO → SMALL  (R=0.604)
21:12:13  INFO     [RAMS] Tier switch: SMALL → NANO  (R=0.619)
21:12:13  INFO     [RAMS] Tier switch: NANO → SMALL  (R=0.590)
21:12:13  INFO     [RAMS] Tier switch: SMALL → NANO  (R=0.680)
21:12:13  INFO     [RAMS] Tier switch: NANO → SMALL  (R=0.599)
21:12:13  INFO     [RAMS] Tier switch: SMALL → NANO  (R=0.616)
21:12:14  INFO     [RAMS] Tier switch: NANO → SMALL  (R=0.599)
21:12:14  INFO     [RAMS] Tier switch: SMALL → NANO  (R=0.618)
21:12:14  INFO     [RAMS] Tier switch: NANO → SMALL  (R=0.600)
21:12:15  INFO     [RAMS] Tier switch: SMALL → NANO  (R=0.625)
21:12:15  INFO     [RAMS] Tier switch: NANO → SMALL  (R=0.596)
21:12:15  INFO     [RAMS] Tier switch: SMALL → NANO  (R=0.655)
21:12:15  INFO     [RAMS] Tier switch: NANO → SMALL  (R=0.597)
21:12:15  INFO     [RAMS] Tier switch: SMALL → NANO  (R=0.625)
21:12:16  INFO     [RAMS] Tier switch: NANO → SMALL  (R=0.596)
21:12:16  INFO     [RAMS] Tier switch: SMALL → NANO  (R=0.625)
21:12:16  INFO     [RAMS] Tier switch: NANO → SMALL  (R=0.594)
21:12:16  INFO     [RAMS] Tier switch: SMALL → NANO  (R=0.656)
[predictive/moderate] 300/1500
21:12:16  INFO     [RAMS] Tier switch: NANO → SMALL  (R=0.600)
21:12:16  INFO     [RAMS] Tier switch: SMALL → NANO  (R=0.629)
21:12:17  INFO     [RAMS] Tier switch: NANO → SMALL  (R=0.597)
21:12:17  INFO     [RAMS] Tier switch: SMALL → NANO  (R=0.612)
21:12:17  INFO     [RAMS] Tier switch: NANO → SMALL  (R=0.603)
21:12:18  INFO     [RAMS] Tier switch: SMALL → NANO  (R=0.621)
21:12:18  INFO     [RAMS] Tier switch: NANO → SMALL  (R=0.595)
21:12:18  INFO     [RAMS] Tier switch: SMALL → NANO  (R=0.653)
21:12:18  INFO     [RAMS] Tier switch: NANO → SMALL  (R=0.595)
21:12:18  INFO     [RAMS] Tier switch: SMALL → NANO  (R=0.619)
21:12:19  INFO     [RAMS] Tier switch: NANO → SMALL  (R=0.593)
21:12:19  INFO     [RAMS] Tier switch: SMALL → NANO  (R=0.615)
21:12:19  INFO     [RAMS] Tier switch: NANO → SMALL  (R=0.600)
21:12:19  INFO     [RAMS] Tier switch: SMALL → NANO  (R=0.617)
21:12:20  INFO     [RAMS] Tier switch: NANO → SMALL  (R=0.599)
21:12:20  INFO     [RAMS] Tier switch: SMALL → NANO  (R=0.676)
21:12:20  INFO     [RAMS] Tier switch: NANO → SMALL  (R=0.601)
21:12:21  INFO     [RAMS] Tier switch: SMALL → NANO  (R=0.673)
21:12:21  INFO     [RAMS] Tier switch: NANO → SMALL  (R=0.585)
21:12:21  INFO     [RAMS] Tier switch: SMALL → NANO  (R=0.631)
21:12:21  INFO     [RAMS] Tier switch: NANO → SMALL  (R=0.595)
21:12:22  INFO     [RAMS] Tier switch: SMALL → NANO  (R=0.665)
[predictive/moderate] 400/1500
[predictive/moderate] 500/1500
21:12:29  INFO     [RAMS] Tier switch: NANO → SMALL  (R=0.597)
21:12:29  INFO     [RAMS] Tier switch: SMALL → NANO  (R=0.617)
21:12:29  INFO     [RAMS] Tier switch: NANO → SMALL  (R=0.594)
21:12:29  INFO     [RAMS] Tier switch: SMALL → NANO  (R=0.664)
21:12:29  INFO     [RAMS] Tier switch: NANO → SMALL  (R=0.596)
21:12:29  INFO     [RAMS] Tier switch: SMALL → NANO  (R=0.625)
21:12:30  INFO     [RAMS] Tier switch: NANO → SMALL  (R=0.595)
21:12:30  INFO     [RAMS] Tier switch: SMALL → NANO  (R=0.631)
21:12:30  INFO     [RAMS] Tier switch: NANO → SMALL  (R=0.596)
21:12:30  INFO     [RAMS] Tier switch: SMALL → NANO  (R=0.626)
21:12:31  INFO     [RAMS] Tier switch: NANO → SMALL  (R=0.589)
21:12:31  INFO     [RAMS] Tier switch: SMALL → NANO  (R=0.683)
21:12:31  INFO     [RAMS] Tier switch: NANO → SMALL  (R=0.601)
21:12:32  INFO     [RAMS] Tier switch: SMALL → NANO  (R=0.620)
21:12:32  INFO     [RAMS] Tier switch: NANO → SMALL  (R=0.597)
21:12:32  INFO     [RAMS] Tier switch: SMALL → NANO  (R=0.630)
21:12:32  INFO     [RAMS] Tier switch: NANO → SMALL  (R=0.599)
21:12:33  INFO     [RAMS] Tier switch: SMALL → NANO  (R=0.625)
21:12:33  INFO     [RAMS] Tier switch: NANO → SMALL  (R=0.600)
21:12:33  INFO     [RAMS] Tier switch: SMALL → NANO  (R=0.643)
21:12:33  INFO     [RAMS] Tier switch: NANO → SMALL  (R=0.589)
21:12:34  INFO     [RAMS] Tier switch: SMALL → NANO  (R=0.625)
21:12:34  INFO     [RAMS] Tier switch: NANO → SMALL  (R=0.599)
21:12:34  INFO     [RAMS] Tier switch: SMALL → NANO  (R=0.625)
21:12:34  INFO     [RAMS] Tier switch: NANO → SMALL  (R=0.599)
21:12:35  INFO     [RAMS] Tier switch: SMALL → NANO  (R=0.626)
21:12:35  INFO     [RAMS] Tier switch: NANO → SMALL  (R=0.601)
21:12:35  INFO     [RAMS] Tier switch: SMALL → NANO  (R=0.707)
[predictive/moderate] 600/1500
21:12:36  INFO     [RAMS] Tier switch: NANO → SMALL  (R=0.600)
21:12:36  INFO     [RAMS] Tier switch: SMALL → NANO  (R=0.629)
21:12:36  INFO     [RAMS] Tier switch: NANO → SMALL  (R=0.594)
21:12:36  INFO     [RAMS] Tier switch: SMALL → NANO  (R=0.678)
21:12:36  INFO     [RAMS] Tier switch: NANO → SMALL  (R=0.596)
21:12:37  INFO     [RAMS] Tier switch: SMALL → NANO  (R=0.631)
21:12:37  INFO     [RAMS] Tier switch: NANO → SMALL  (R=0.600)
21:12:37  INFO     [RAMS] Tier switch: SMALL → NANO  (R=0.692)
21:12:37  INFO     [RAMS] Tier switch: NANO → SMALL  (R=0.595)
21:12:37  INFO     [RAMS] Tier switch: SMALL → NANO  (R=0.625)
21:12:38  INFO     [RAMS] Tier switch: NANO → SMALL  (R=0.599)
21:12:38  INFO     [RAMS] Tier switch: SMALL → NANO  (R=0.635)
21:12:38  INFO     [RAMS] Tier switch: NANO → SMALL  (R=0.594)
21:12:38  INFO     [RAMS] Tier switch: SMALL → NANO  (R=0.620)
21:12:39  INFO     [RAMS] Tier switch: NANO → SMALL  (R=0.596)
21:12:39  INFO     [RAMS] Tier switch: SMALL → NANO  (R=0.618)
21:12:40  INFO     [RAMS] Tier switch: NANO → SMALL  (R=0.597)
21:12:40  INFO     [RAMS] Tier switch: SMALL → NANO  (R=0.626)
21:12:40  INFO     [RAMS] Tier switch: NANO → SMALL  (R=0.588)
21:12:40  INFO     [RAMS] Tier switch: SMALL → NANO  (R=0.620)
21:12:41  INFO     [RAMS] Tier switch: NANO → SMALL  (R=0.575)
21:12:41  INFO     [RAMS] Tier switch: SMALL → NANO  (R=0.630)
21:12:41  INFO     [RAMS] Tier switch: NANO → SMALL  (R=0.601)
21:12:42  INFO     [RAMS] Tier switch: SMALL → NANO  (R=0.610)
21:12:42  INFO     [RAMS] Tier switch: NANO → SMALL  (R=0.590)
21:12:42  INFO     [RAMS] Tier switch: SMALL → NANO  (R=0.618)
[predictive/moderate] 700/1500
21:12:42  INFO     [RAMS] Tier switch: NANO → SMALL  (R=0.584)
21:12:42  INFO     [RAMS] Tier switch: SMALL → NANO  (R=0.619)
21:12:43  INFO     [RAMS] Tier switch: NANO → SMALL  (R=0.587)
21:12:43  INFO     [RAMS] Tier switch: SMALL → NANO  (R=0.617)
21:12:43  INFO     [RAMS] Tier switch: NANO → SMALL  (R=0.603)
21:12:43  INFO     [RAMS] Tier switch: SMALL → NANO  (R=0.613)
21:12:43  INFO     [RAMS] Tier switch: NANO → SMALL  (R=0.603)
21:12:44  INFO     [RAMS] Tier switch: SMALL → NANO  (R=0.660)
[predictive/moderate] 800/1500
21:12:50  INFO     [RAMS] Tier switch: NANO → SMALL  (R=0.593)
21:12:51  INFO     [RAMS] Tier switch: SMALL → NANO  (R=0.631)
21:12:51  INFO     [RAMS] Tier switch: NANO → SMALL  (R=0.588)
21:12:51  INFO     [RAMS] Tier switch: SMALL → NANO  (R=0.624)
21:12:51  INFO     [RAMS] Tier switch: NANO → SMALL  (R=0.591)
21:12:52  INFO     [RAMS] Tier switch: SMALL → NANO  (R=0.632)
21:12:52  INFO     [RAMS] Tier switch: NANO → SMALL  (R=0.601)
21:12:52  INFO     [RAMS] Tier switch: SMALL → NANO  (R=0.665)
21:12:52  INFO     [RAMS] Tier switch: NANO → SMALL  (R=0.593)
21:12:52  INFO     [RAMS] Tier switch: SMALL → NANO  (R=0.625)
21:12:53  INFO     [RAMS] Tier switch: NANO → SMALL  (R=0.595)
21:12:53  INFO     [RAMS] Tier switch: SMALL → NANO  (R=0.615)
21:12:53  INFO     [RAMS] Tier switch: NANO → SMALL  (R=0.597)
21:12:54  INFO     [RAMS] Tier switch: SMALL → NANO  (R=0.610)
21:12:54  INFO     [RAMS] Tier switch: NANO → SMALL  (R=0.594)
21:12:54  INFO     [RAMS] Tier switch: SMALL → NANO  (R=0.660)
[predictive/moderate] 900/1500
21:12:54  INFO     [RAMS] Tier switch: NANO → SMALL  (R=0.594)
21:12:55  INFO     [RAMS] Tier switch: SMALL → NANO  (R=0.613)
21:12:55  INFO     [RAMS] Tier switch: NANO → SMALL  (R=0.591)
21:12:55  INFO     [RAMS] Tier switch: SMALL → NANO  (R=0.660)
21:12:55  INFO     [RAMS] Tier switch: NANO → SMALL  (R=0.595)
21:12:56  INFO     [RAMS] Tier switch: SMALL → NANO  (R=0.610)
21:12:56  INFO     [RAMS] Tier switch: NANO → SMALL  (R=0.597)
21:12:56  INFO     [RAMS] Tier switch: SMALL → NANO  (R=0.678)
21:12:56  INFO     [RAMS] Tier switch: NANO → SMALL  (R=0.602)
21:12:56  INFO     [RAMS] Tier switch: SMALL → NANO  (R=0.636)
21:12:57  INFO     [RAMS] Tier switch: NANO → SMALL  (R=0.596)
21:12:57  INFO     [RAMS] Tier switch: SMALL → NANO  (R=0.668)
21:12:57  INFO     [RAMS] Tier switch: NANO → SMALL  (R=0.599)
21:12:58  INFO     [RAMS] Tier switch: SMALL → NANO  (R=0.619)
21:12:58  INFO     [RAMS] Tier switch: NANO → SMALL  (R=0.594)
21:12:58  INFO     [RAMS] Tier switch: SMALL → NANO  (R=0.684)
21:12:58  INFO     [RAMS] Tier switch: NANO → SMALL  (R=0.602)
21:12:59  INFO     [RAMS] Tier switch: SMALL → NANO  (R=0.636)
21:12:59  INFO     [RAMS] Tier switch: NANO → SMALL  (R=0.600)
21:12:59  INFO     [RAMS] Tier switch: SMALL → NANO  (R=0.618)
21:13:00  INFO     [RAMS] Tier switch: NANO → SMALL  (R=0.603)
21:13:00  INFO     [RAMS] Tier switch: SMALL → NANO  (R=0.625)
21:13:00  INFO     [RAMS] Tier switch: NANO → SMALL  (R=0.595)
21:13:00  INFO     [RAMS] Tier switch: SMALL → NANO  (R=0.618)
[predictive/moderate] 1000/1500
21:13:01  INFO     [RAMS] Tier switch: NANO → SMALL  (R=0.595)
21:13:01  INFO     [RAMS] Tier switch: SMALL → NANO  (R=0.660)
21:13:01  INFO     [RAMS] Tier switch: NANO → SMALL  (R=0.595)
21:13:02  INFO     [RAMS] Tier switch: SMALL → NANO  (R=0.623)
21:13:02  INFO     [RAMS] Tier switch: NANO → SMALL  (R=0.580)
21:13:02  INFO     [RAMS] Tier switch: SMALL → NANO  (R=0.660)
21:13:02  INFO     [RAMS] Tier switch: NANO → SMALL  (R=0.599)
21:13:03  INFO     [RAMS] Tier switch: SMALL → NANO  (R=0.613)
21:13:03  INFO     [RAMS] Tier switch: NANO → SMALL  (R=0.602)
21:13:03  INFO     [RAMS] Tier switch: SMALL → NANO  (R=0.691)
21:13:03  INFO     [RAMS] Tier switch: NANO → SMALL  (R=0.597)
21:13:04  INFO     [RAMS] Tier switch: SMALL → NANO  (R=0.631)
21:13:04  INFO     [RAMS] Tier switch: NANO → SMALL  (R=0.595)
21:13:04  INFO     [RAMS] Tier switch: SMALL → NANO  (R=0.615)
21:13:05  INFO     [RAMS] Tier switch: NANO → SMALL  (R=0.603)
21:13:05  INFO     [RAMS] Tier switch: SMALL → NANO  (R=0.690)
[predictive/moderate] 1100/1500
21:13:12  INFO     [RAMS] Tier switch: NANO → SMALL  (R=0.600)
21:13:13  INFO     [RAMS] Tier switch: SMALL → NANO  (R=0.631)
[predictive/moderate] 1200/1500
21:13:13  INFO     [RAMS] Tier switch: NANO → SMALL  (R=0.596)
21:13:13  INFO     [RAMS] Tier switch: SMALL → NANO  (R=0.613)
21:13:13  INFO     [RAMS] Tier switch: NANO → SMALL  (R=0.593)
21:13:14  INFO     [RAMS] Tier switch: SMALL → NANO  (R=0.624)
21:13:14  INFO     [RAMS] Tier switch: NANO → SMALL  (R=0.600)
21:13:14  INFO     [RAMS] Tier switch: SMALL → NANO  (R=0.610)
21:13:14  INFO     [RAMS] Tier switch: NANO → SMALL  (R=0.581)
21:13:15  INFO     [RAMS] Tier switch: SMALL → NANO  (R=0.630)
21:13:15  INFO     [RAMS] Tier switch: NANO → SMALL  (R=0.597)
21:13:15  INFO     [RAMS] Tier switch: SMALL → NANO  (R=0.630)
21:13:16  INFO     [RAMS] Tier switch: NANO → SMALL  (R=0.599)
21:13:16  INFO     [RAMS] Tier switch: SMALL → NANO  (R=0.616)
21:13:16  INFO     [RAMS] Tier switch: NANO → SMALL  (R=0.602)
21:13:17  INFO     [RAMS] Tier switch: SMALL → NANO  (R=0.611)
21:13:17  INFO     [RAMS] Tier switch: NANO → SMALL  (R=0.597)
21:13:17  INFO     [RAMS] Tier switch: SMALL → NANO  (R=0.613)
21:13:17  INFO     [RAMS] Tier switch: NANO → SMALL  (R=0.599)
21:13:18  INFO     [RAMS] Tier switch: SMALL → NANO  (R=0.623)
21:13:18  INFO     [RAMS] Tier switch: NANO → SMALL  (R=0.595)
21:13:19  INFO     [RAMS] Tier switch: SMALL → NANO  (R=0.631)
21:13:19  INFO     [RAMS] Tier switch: NANO → SMALL  (R=0.600)
21:13:19  INFO     [RAMS] Tier switch: SMALL → NANO  (R=0.638)
[predictive/moderate] 1300/1500
21:13:19  INFO     [RAMS] Tier switch: NANO → SMALL  (R=0.597)
21:13:20  INFO     [RAMS] Tier switch: SMALL → NANO  (R=0.630)
21:13:20  INFO     [RAMS] Tier switch: NANO → SMALL  (R=0.596)
21:13:20  INFO     [RAMS] Tier switch: SMALL → NANO  (R=0.672)
21:13:20  INFO     [RAMS] Tier switch: NANO → SMALL  (R=0.600)
21:13:20  INFO     [RAMS] Tier switch: SMALL → NANO  (R=0.610)
21:13:21  INFO     [RAMS] Tier switch: NANO → SMALL  (R=0.600)
21:13:21  INFO     [RAMS] Tier switch: SMALL → NANO  (R=0.685)
21:13:21  INFO     [RAMS] Tier switch: NANO → SMALL  (R=0.579)
21:13:21  INFO     [RAMS] Tier switch: SMALL → NANO  (R=0.626)
21:13:22  INFO     [RAMS] Tier switch: NANO → SMALL  (R=0.593)
21:13:22  INFO     [RAMS] Tier switch: SMALL → NANO  (R=0.618)
21:13:22  INFO     [RAMS] Tier switch: NANO → SMALL  (R=0.584)
21:13:22  INFO     [RAMS] Tier switch: SMALL → NANO  (R=0.615)
21:13:22  INFO     [RAMS] Tier switch: NANO → SMALL  (R=0.590)
21:13:23  INFO     [RAMS] Tier switch: SMALL → NANO  (R=0.631)
21:13:23  INFO     [RAMS] Tier switch: NANO → SMALL  (R=0.600)
21:13:23  INFO     [RAMS] Tier switch: SMALL → NANO  (R=0.630)
21:13:24  INFO     [RAMS] Tier switch: NANO → SMALL  (R=0.597)
21:13:24  INFO     [RAMS] Tier switch: SMALL → NANO  (R=0.619)
21:13:24  INFO     [RAMS] Tier switch: NANO → SMALL  (R=0.596)
21:13:24  INFO     [RAMS] Tier switch: SMALL → NANO  (R=0.637)
21:13:24  INFO     [RAMS] Tier switch: NANO → SMALL  (R=0.595)
21:13:25  INFO     [RAMS] Tier switch: SMALL → NANO  (R=0.615)
21:13:25  INFO     [RAMS] Tier switch: NANO → SMALL  (R=0.593)
21:13:25  INFO     [RAMS] Tier switch: SMALL → NANO  (R=0.676)
21:13:25  INFO     [RAMS] Tier switch: NANO → SMALL  (R=0.603)
21:13:26  INFO     [RAMS] Tier switch: SMALL → NANO  (R=0.612)
21:13:26  INFO     [RAMS] Tier switch: NANO → SMALL  (R=0.599)
21:13:26  INFO     [RAMS] Tier switch: SMALL → NANO  (R=0.637)
[predictive/moderate] 1400/1500
21:13:26  INFO     [RAMS] Tier switch: NANO → SMALL  (R=0.595)
21:13:27  INFO     [RAMS] Tier switch: SMALL → NANO  (R=0.612)
21:13:27  INFO     [RAMS] Tier switch: NANO → SMALL  (R=0.599)
21:13:27  INFO     [RAMS] Tier switch: SMALL → NANO  (R=0.625)
[predictive/moderate] 1500/1500
21:13:32  INFO     [RAMS] Controller stopped.
21:13:32  INFO     [RAMS] Starting resource monitor ...
21:13:32  INFO     [RAMS] Loading model tiers ...
21:13:32  INFO     [RAMS] YOLOv8-nano ready — ONNX (imgsz=320).
21:13:32  INFO     [RAMS] YOLOv8-small ready — ONNX (imgsz=416).
21:13:33  INFO     [RAMS] YOLOv8-medium ready — ONNX (imgsz=640).
21:13:33  INFO     [RAMS] Controller ready. Policy: safety
21:13:35  INFO     [RAMS] Tier switch: SMALL → NANO  (R=0.630)
21:13:35  INFO     [RAMS] Tier switch: NANO → SMALL  (R=0.589)
21:13:37  INFO     [RAMS] Tier switch: SMALL → NANO  (R=0.690)
21:13:37  INFO     [RAMS] Tier switch: NANO → SMALL  (R=0.590)
21:13:38  INFO     [RAMS] Tier switch: SMALL → NANO  (R=0.696)
21:13:38  INFO     [RAMS] Tier switch: NANO → SMALL  (R=0.607)
21:13:40  INFO     [RAMS] Tier switch: SMALL → NANO  (R=0.636)
21:13:41  INFO     [RAMS] Tier switch: NANO → SMALL  (R=0.590)
21:13:42  INFO     [RAMS] Tier switch: SMALL → NANO  (R=0.624)
21:13:42  INFO     [RAMS] Tier switch: NANO → SMALL  (R=0.600)
21:13:43  INFO     [RAMS] Tier switch: SMALL → NANO  (R=0.659)
21:13:43  INFO     [RAMS] Tier switch: NANO → SMALL  (R=0.606)
21:13:44  INFO     [RAMS] Tier switch: SMALL → NANO  (R=0.615)
21:13:44  INFO     [RAMS] Tier switch: NANO → SMALL  (R=0.597)
21:13:45  INFO     [RAMS] Tier switch: SMALL → NANO  (R=0.617)
21:13:45  INFO     [RAMS] Tier switch: NANO → SMALL  (R=0.608)
[safety/moderate] 100/1500
21:13:48  INFO     [RAMS] Tier switch: SMALL → NANO  (R=0.643)
21:13:48  INFO     [RAMS] Tier switch: NANO → SMALL  (R=0.599)
21:13:51  INFO     [RAMS] Tier switch: SMALL → NANO  (R=0.649)
21:13:52  INFO     [RAMS] Tier switch: NANO → SMALL  (R=0.653)
21:13:53  INFO     [RAMS] Tier switch: SMALL → NANO  (R=0.667)
21:13:54  INFO     [RAMS] Tier switch: NANO → SMALL  (R=0.655)
21:13:54  INFO     [RAMS] Tier switch: SMALL → NANO  (R=0.679)
21:13:55  INFO     [RAMS] Tier switch: NANO → SMALL  (R=0.630)
[safety/moderate] 200/1500
21:13:58  INFO     [RAMS] Tier switch: SMALL → NANO  (R=0.624)
21:13:59  INFO     [RAMS] Tier switch: NANO → SMALL  (R=0.624)
21:14:05  INFO     [RAMS] Tier switch: SMALL → NANO  (R=0.607)
21:14:05  INFO     [RAMS] Tier switch: NANO → SMALL  (R=0.648)
21:14:07  INFO     [RAMS] Tier switch: SMALL → NANO  (R=0.630)
21:14:07  INFO     [RAMS] Tier switch: NANO → SMALL  (R=0.597)
21:14:09  INFO     [RAMS] Tier switch: SMALL → NANO  (R=0.607)
21:14:09  INFO     [RAMS] Tier switch: NANO → SMALL  (R=0.678)
21:14:11  INFO     [RAMS] Tier switch: SMALL → NANO  (R=0.630)
[safety/moderate] 300/1500
21:14:11  INFO     [RAMS] Tier switch: NANO → SMALL  (R=0.602)
21:14:12  INFO     [RAMS] Tier switch: SMALL → NANO  (R=0.673)
21:14:13  INFO     [RAMS] Tier switch: NANO → SMALL  (R=0.656)
21:14:13  INFO     [RAMS] Tier switch: SMALL → NANO  (R=0.667)
21:14:14  INFO     [RAMS] Tier switch: NANO → SMALL  (R=0.649)
21:14:15  INFO     [RAMS] Tier switch: SMALL → NANO  (R=0.685)
21:14:15  INFO     [RAMS] Tier switch: NANO → SMALL  (R=0.661)
21:14:18  INFO     [RAMS] Tier switch: SMALL → NANO  (R=0.618)
21:14:18  INFO     [RAMS] Tier switch: NANO → SMALL  (R=0.603)
21:14:19  INFO     [RAMS] Tier switch: SMALL → NANO  (R=0.708)
21:14:19  INFO     [RAMS] Tier switch: NANO → SMALL  (R=0.595)
21:14:22  INFO     [RAMS] Tier switch: SMALL → NANO  (R=0.632)
21:14:23  INFO     [RAMS] Tier switch: NANO → SMALL  (R=0.590)
[safety/moderate] 400/1500
21:14:28  INFO     [RAMS] Tier switch: SMALL → NANO  (R=0.618)
21:14:28  INFO     [RAMS] Tier switch: NANO → SMALL  (R=0.600)
21:14:29  INFO     [RAMS] Tier switch: SMALL → NANO  (R=0.625)
21:14:29  INFO     [RAMS] Tier switch: NANO → SMALL  (R=0.591)
21:14:30  INFO     [RAMS] Tier switch: SMALL → NANO  (R=0.612)
21:14:30  INFO     [RAMS] Tier switch: NANO → SMALL  (R=0.667)
21:14:33  INFO     [RAMS] Tier switch: SMALL → NANO  (R=0.684)
21:14:33  INFO     [RAMS] Tier switch: NANO → SMALL  (R=0.720)
21:14:36  INFO     [RAMS] Tier switch: SMALL → NANO  (R=0.679)
21:14:36  INFO     [RAMS] Tier switch: NANO → SMALL  (R=0.680)
[safety/moderate] 500/1500
21:14:37  INFO     [RAMS] Tier switch: SMALL → NANO  (R=0.686)
21:14:38  INFO     [RAMS] Tier switch: NANO → SMALL  (R=0.637)
21:14:39  INFO     [RAMS] Tier switch: SMALL → NANO  (R=0.661)
21:14:39  INFO     [RAMS] Tier switch: NANO → SMALL  (R=0.704)
21:14:40  INFO     [RAMS] Tier switch: SMALL → NANO  (R=0.690)
21:14:40  INFO     [RAMS] Tier switch: NANO → SMALL  (R=0.608)
21:14:42  INFO     [RAMS] Tier switch: SMALL → NANO  (R=0.635)
21:14:42  INFO     [RAMS] Tier switch: NANO → SMALL  (R=0.607)
21:14:43  INFO     [RAMS] Tier switch: SMALL → NANO  (R=0.637)
21:14:43  INFO     [RAMS] Tier switch: NANO → SMALL  (R=0.588)
21:14:44  INFO     [RAMS] Tier switch: SMALL → NANO  (R=0.630)
21:14:44  INFO     [RAMS] Tier switch: NANO → SMALL  (R=0.602)
21:14:45  INFO     [RAMS] Tier switch: SMALL → NANO  (R=0.621)
21:14:46  INFO     [RAMS] Tier switch: NANO → SMALL  (R=0.607)
21:14:47  INFO     [RAMS] Tier switch: SMALL → NANO  (R=0.635)
21:14:47  INFO     [RAMS] Tier switch: NANO → SMALL  (R=0.585)
21:14:48  INFO     [RAMS] Tier switch: SMALL → NANO  (R=0.618)
21:14:48  INFO     [RAMS] Tier switch: NANO → SMALL  (R=0.600)
[safety/moderate] 600/1500
21:14:50  INFO     [RAMS] Tier switch: SMALL → NANO  (R=0.619)
21:14:50  INFO     [RAMS] Tier switch: NANO → SMALL  (R=0.601)
21:14:54  INFO     [RAMS] Tier switch: SMALL → NANO  (R=0.613)
21:14:54  INFO     [RAMS] Tier switch: NANO → SMALL  (R=0.602)
21:15:01  INFO     [RAMS] Tier switch: SMALL → NANO  (R=0.655)
21:15:01  INFO     [RAMS] Tier switch: NANO → SMALL  (R=0.655)
21:15:04  INFO     [RAMS] Tier switch: SMALL → NANO  (R=0.629)
21:15:04  INFO     [RAMS] Tier switch: NANO → SMALL  (R=0.629)
[safety/moderate] 700/1500
21:15:05  INFO     [RAMS] Tier switch: SMALL → NANO  (R=0.621)
21:15:06  INFO     [RAMS] Tier switch: NANO → SMALL  (R=0.597)
21:15:06  INFO     [RAMS] Tier switch: SMALL → NANO  (R=0.637)
21:15:07  INFO     [RAMS] Tier switch: NANO → SMALL  (R=0.606)
21:15:09  INFO     [RAMS] Tier switch: SMALL → NANO  (R=0.613)
21:15:09  INFO     [RAMS] Tier switch: NANO → SMALL  (R=0.599)
21:15:09  INFO     [RAMS] Tier switch: SMALL → NANO  (R=0.636)
21:15:10  INFO     [RAMS] Tier switch: NANO → SMALL  (R=0.613)
21:15:12  INFO     [RAMS] Tier switch: SMALL → NANO  (R=0.631)
21:15:12  INFO     [RAMS] Tier switch: NANO → SMALL  (R=0.595)
21:15:13  INFO     [RAMS] Tier switch: SMALL → NANO  (R=0.619)
21:15:13  INFO     [RAMS] Tier switch: NANO → SMALL  (R=0.603)
21:15:14  INFO     [RAMS] Tier switch: SMALL → NANO  (R=0.608)
21:15:14  INFO     [RAMS] Tier switch: NANO → SMALL  (R=0.611)
21:15:17  INFO     [RAMS] Tier switch: SMALL → NANO  (R=0.671)
21:15:17  INFO     [RAMS] Tier switch: NANO → SMALL  (R=0.697)
[safety/moderate] 800/1500
21:15:18  INFO     [RAMS] Tier switch: SMALL → NANO  (R=0.721)
21:15:18  INFO     [RAMS] Tier switch: NANO → SMALL  (R=0.649)
21:15:19  INFO     [RAMS] Tier switch: SMALL → NANO  (R=0.678)
21:15:20  INFO     [RAMS] Tier switch: NANO → SMALL  (R=0.666)
21:15:22  INFO     [RAMS] Tier switch: SMALL → NANO  (R=0.680)
21:15:22  INFO     [RAMS] Tier switch: NANO → SMALL  (R=0.680)
21:15:23  INFO     [RAMS] Tier switch: SMALL → NANO  (R=0.657)
21:15:23  INFO     [RAMS] Tier switch: NANO → SMALL  (R=0.644)
21:15:24  INFO     [RAMS] Tier switch: SMALL → NANO  (R=0.612)
21:15:24  INFO     [RAMS] Tier switch: NANO → SMALL  (R=0.613)
21:15:25  INFO     [RAMS] Tier switch: SMALL → NANO  (R=0.626)
21:15:25  INFO     [RAMS] Tier switch: NANO → SMALL  (R=0.602)
21:15:27  INFO     [RAMS] Tier switch: SMALL → NANO  (R=0.624)
21:15:28  INFO     [RAMS] Tier switch: NANO → SMALL  (R=0.602)
21:15:29  INFO     [RAMS] Tier switch: SMALL → NANO  (R=0.631)
[safety/moderate] 900/1500
21:15:30  INFO     [RAMS] Tier switch: NANO → SMALL  (R=0.583)
21:15:34  INFO     [RAMS] Tier switch: SMALL → NANO  (R=0.613)
21:15:34  INFO     [RAMS] Tier switch: NANO → SMALL  (R=0.600)
21:15:35  INFO     [RAMS] Tier switch: SMALL → NANO  (R=0.632)
21:15:35  INFO     [RAMS] Tier switch: NANO → SMALL  (R=0.584)
21:15:38  INFO     [RAMS] Tier switch: SMALL → NANO  (R=0.624)
21:15:38  INFO     [RAMS] Tier switch: NANO → SMALL  (R=0.595)
21:15:39  INFO     [RAMS] Tier switch: SMALL → NANO  (R=0.673)
21:15:40  INFO     [RAMS] Tier switch: NANO → SMALL  (R=0.656)
21:15:42  INFO     [RAMS] Tier switch: SMALL → NANO  (R=0.674)
21:15:42  INFO     [RAMS] Tier switch: NANO → SMALL  (R=0.636)
[safety/moderate] 1000/1500
21:15:45  INFO     [RAMS] Tier switch: SMALL → NANO  (R=0.625)
21:15:46  INFO     [RAMS] Tier switch: NANO → SMALL  (R=0.602)
21:15:46  INFO     [RAMS] Tier switch: SMALL → NANO  (R=0.611)
21:15:46  INFO     [RAMS] Tier switch: NANO → SMALL  (R=0.679)
21:15:48  INFO     [RAMS] Tier switch: SMALL → NANO  (R=0.630)
21:15:48  INFO     [RAMS] Tier switch: NANO → SMALL  (R=0.602)
21:15:48  INFO     [RAMS] Tier switch: SMALL → NANO  (R=0.607)
21:15:49  INFO     [RAMS] Tier switch: NANO → SMALL  (R=0.612)
21:15:52  INFO     [RAMS] Tier switch: SMALL → NANO  (R=0.674)
21:15:52  INFO     [RAMS] Tier switch: NANO → SMALL  (R=0.605)
21:15:54  INFO     [RAMS] Tier switch: SMALL → NANO  (R=0.629)
21:15:54  INFO     [RAMS] Tier switch: NANO → SMALL  (R=0.603)
[safety/moderate] 1100/1500
21:15:55  INFO     [RAMS] Tier switch: SMALL → NANO  (R=0.617)
21:15:55  INFO     [RAMS] Tier switch: NANO → SMALL  (R=0.592)
21:15:56  INFO     [RAMS] Tier switch: SMALL → NANO  (R=0.621)
21:15:56  INFO     [RAMS] Tier switch: NANO → SMALL  (R=0.621)
21:16:01  INFO     [RAMS] Tier switch: SMALL → NANO  (R=0.659)
21:16:02  INFO     [RAMS] Tier switch: NANO → SMALL  (R=0.648)
21:16:05  INFO     [RAMS] Tier switch: SMALL → NANO  (R=0.674)
21:16:05  INFO     [RAMS] Tier switch: NANO → SMALL  (R=0.674)
21:16:05  INFO     [RAMS] Tier switch: SMALL → NANO  (R=0.733)
21:16:06  INFO     [RAMS] Tier switch: NANO → SMALL  (R=0.644)
[safety/moderate] 1200/1500
21:16:09  INFO     [RAMS] Tier switch: SMALL → NANO  (R=0.637)
21:16:09  INFO     [RAMS] Tier switch: NANO → SMALL  (R=0.648)
21:16:10  INFO     [RAMS] Tier switch: SMALL → NANO  (R=0.676)
21:16:11  INFO     [RAMS] Tier switch: NANO → SMALL  (R=0.602)
21:16:13  INFO     [RAMS] Tier switch: SMALL → NANO  (R=0.622)
21:16:13  INFO     [RAMS] Tier switch: NANO → SMALL  (R=0.597)
21:16:15  INFO     [RAMS] Tier switch: SMALL → NANO  (R=0.611)
21:16:15  INFO     [RAMS] Tier switch: NANO → SMALL  (R=0.599)
21:16:20  INFO     [RAMS] Tier switch: SMALL → NANO  (R=0.613)
21:16:20  INFO     [RAMS] Tier switch: NANO → SMALL  (R=0.603)
[safety/moderate] 1300/1500
21:16:21  INFO     [RAMS] Tier switch: SMALL → NANO  (R=0.673)
21:16:21  INFO     [RAMS] Tier switch: NANO → SMALL  (R=0.590)
21:16:23  INFO     [RAMS] Tier switch: SMALL → NANO  (R=0.659)
21:16:23  INFO     [RAMS] Tier switch: NANO → SMALL  (R=0.649)
21:16:23  INFO     [RAMS] Tier switch: SMALL → NANO  (R=0.673)
21:16:24  INFO     [RAMS] Tier switch: NANO → SMALL  (R=0.637)
21:16:28  INFO     [RAMS] Tier switch: SMALL → NANO  (R=0.674)
21:16:29  INFO     [RAMS] Tier switch: NANO → SMALL  (R=0.674)
21:16:29  INFO     [RAMS] Tier switch: SMALL → NANO  (R=0.623)
21:16:30  INFO     [RAMS] Tier switch: NANO → SMALL  (R=0.583)
21:16:31  INFO     [RAMS] Tier switch: SMALL → NANO  (R=0.617)
21:16:31  INFO     [RAMS] Tier switch: NANO → SMALL  (R=0.618)
[safety/moderate] 1400/1500
21:16:34  INFO     [RAMS] Tier switch: SMALL → NANO  (R=0.632)
21:16:34  INFO     [RAMS] Tier switch: NANO → SMALL  (R=0.583)
21:16:35  INFO     [RAMS] Tier switch: SMALL → NANO  (R=0.696)
21:16:36  INFO     [RAMS] Tier switch: NANO → SMALL  (R=0.606)
21:16:37  INFO     [RAMS] Tier switch: SMALL → NANO  (R=0.642)
21:16:37  INFO     [RAMS] Tier switch: NANO → SMALL  (R=0.604)
21:16:37  INFO     [RAMS] Tier switch: SMALL → NANO  (R=0.615)
21:16:37  INFO     [RAMS] Tier switch: NANO → SMALL  (R=0.603)
21:16:40  INFO     [RAMS] Tier switch: SMALL → NANO  (R=0.629)
21:16:40  INFO     [RAMS] Tier switch: NANO → SMALL  (R=0.600)
21:16:43  INFO     [RAMS] Tier switch: SMALL → NANO  (R=0.630)
21:16:43  INFO     [RAMS] Tier switch: NANO → SMALL  (R=0.606)
21:16:44  INFO     [RAMS] Tier switch: SMALL → NANO  (R=0.623)
21:16:44  INFO     [RAMS] Tier switch: NANO → SMALL  (R=0.623)
21:16:45  INFO     [RAMS] Tier switch: SMALL → NANO  (R=0.673)
[safety/moderate] 1500/1500
21:16:45  INFO     [RAMS] Controller stopped.
21:16:46  INFO     [RAMS] Starting resource monitor ...
21:16:46  INFO     [RAMS] Loading model tiers ...
21:16:46  INFO     [RAMS] YOLOv8-nano ready — ONNX (imgsz=320).
21:16:46  INFO     [RAMS] YOLOv8-small ready — ONNX (imgsz=416).
21:16:47  INFO     [RAMS] YOLOv8-medium ready — ONNX (imgsz=640).
21:16:47  INFO     [RAMS] Controller ready. Policy: adaptive
21:16:48  INFO     [RAMS] Tier switch: SMALL → NANO  (R=0.732)
21:16:51  INFO     [RAMS] Tier switch: NANO → SMALL  (R=0.590)
21:16:51  INFO     [RAMS] Tier switch: SMALL → NANO  (R=0.624)
21:16:52  INFO     [RAMS] Tier switch: NANO → SMALL  (R=0.599)
21:16:52  INFO     [RAMS] Tier switch: SMALL → NANO  (R=0.609)
21:16:53  INFO     [RAMS] Tier switch: NANO → SMALL  (R=0.604)
21:16:53  INFO     [RAMS] Tier switch: SMALL → NANO  (R=0.630)
[adaptive/moderate] 100/1500
21:16:54  INFO     [RAMS] Tier switch: NANO → SMALL  (R=0.599)
21:16:54  INFO     [RAMS] Tier switch: SMALL → NANO  (R=0.632)
21:16:55  INFO     [RAMS] Tier switch: NANO → SMALL  (R=0.596)
21:16:55  INFO     [RAMS] Tier switch: SMALL → NANO  (R=0.612)
21:16:55  INFO     [RAMS] Tier switch: NANO → SMALL  (R=0.602)
21:16:55  INFO     [RAMS] Tier switch: SMALL → NANO  (R=0.647)
21:16:57  INFO     [RAMS] Tier switch: NANO → SMALL  (R=0.596)
21:16:57  INFO     [RAMS] Tier switch: SMALL → NANO  (R=0.630)
21:16:58  INFO     [RAMS] Tier switch: NANO → SMALL  (R=0.593)
21:16:58  INFO     [RAMS] Tier switch: SMALL → NANO  (R=0.623)
21:16:59  INFO     [RAMS] Tier switch: NANO → SMALL  (R=0.597)
21:16:59  INFO     [RAMS] Tier switch: SMALL → NANO  (R=0.608)
[adaptive/moderate] 200/1500
21:17:00  INFO     [RAMS] Tier switch: NANO → SMALL  (R=0.600)
21:17:00  INFO     [RAMS] Tier switch: SMALL → NANO  (R=0.630)
21:17:01  INFO     [RAMS] Tier switch: NANO → SMALL  (R=0.584)
21:17:01  INFO     [RAMS] Tier switch: SMALL → NANO  (R=0.618)
21:17:02  INFO     [RAMS] Tier switch: NANO → SMALL  (R=0.597)
21:17:02  INFO     [RAMS] Tier switch: SMALL → NANO  (R=0.621)
21:17:03  INFO     [RAMS] Tier switch: NANO → SMALL  (R=0.597)
21:17:03  INFO     [RAMS] Tier switch: SMALL → NANO  (R=0.624)
21:17:03  INFO     [RAMS] Tier switch: NANO → SMALL  (R=0.597)
21:17:03  INFO     [RAMS] Tier switch: SMALL → NANO  (R=0.655)
21:17:04  INFO     [RAMS] Tier switch: NANO → SMALL  (R=0.599)
21:17:04  INFO     [RAMS] Tier switch: SMALL → NANO  (R=0.632)
[adaptive/moderate] 300/1500
21:17:05  INFO     [RAMS] Tier switch: NANO → SMALL  (R=0.599)
21:17:05  INFO     [RAMS] Tier switch: SMALL → NANO  (R=0.626)
[adaptive/moderate] 400/1500
21:17:13  INFO     [RAMS] Tier switch: NANO → SMALL  (R=0.602)
21:17:13  INFO     [RAMS] Tier switch: SMALL → NANO  (R=0.632)
21:17:14  INFO     [RAMS] Tier switch: NANO → SMALL  (R=0.591)
21:17:14  INFO     [RAMS] Tier switch: SMALL → NANO  (R=0.625)
21:17:14  INFO     [RAMS] Tier switch: NANO → SMALL  (R=0.604)
21:17:14  INFO     [RAMS] Tier switch: SMALL → NANO  (R=0.618)
21:17:15  INFO     [RAMS] Tier switch: NANO → SMALL  (R=0.591)
21:17:15  INFO     [RAMS] Tier switch: SMALL → NANO  (R=0.625)
21:17:16  INFO     [RAMS] Tier switch: NANO → SMALL  (R=0.602)
21:17:16  INFO     [RAMS] Tier switch: SMALL → NANO  (R=0.611)
[adaptive/moderate] 500/1500
21:17:17  INFO     [RAMS] Tier switch: NANO → SMALL  (R=0.596)
21:17:17  INFO     [RAMS] Tier switch: SMALL → NANO  (R=0.609)
21:17:17  INFO     [RAMS] Tier switch: NANO → SMALL  (R=0.588)
21:17:17  INFO     [RAMS] Tier switch: SMALL → NANO  (R=0.642)
21:17:18  INFO     [RAMS] Tier switch: NANO → SMALL  (R=0.593)
21:17:18  INFO     [RAMS] Tier switch: SMALL → NANO  (R=0.643)
21:17:19  INFO     [RAMS] Tier switch: NANO → SMALL  (R=0.599)
21:17:19  INFO     [RAMS] Tier switch: SMALL → NANO  (R=0.630)
21:17:20  INFO     [RAMS] Tier switch: NANO → SMALL  (R=0.604)
21:17:20  INFO     [RAMS] Tier switch: SMALL → NANO  (R=0.642)
21:17:21  INFO     [RAMS] Tier switch: NANO → SMALL  (R=0.602)
21:17:21  INFO     [RAMS] Tier switch: SMALL → NANO  (R=0.613)
21:17:21  INFO     [RAMS] Tier switch: NANO → SMALL  (R=0.597)
21:17:21  INFO     [RAMS] Tier switch: SMALL → NANO  (R=0.672)
21:17:22  INFO     [RAMS] Tier switch: NANO → SMALL  (R=0.590)
21:17:22  INFO     [RAMS] Tier switch: SMALL → NANO  (R=0.618)
21:17:22  INFO     [RAMS] Tier switch: NANO → SMALL  (R=0.590)
21:17:22  INFO     [RAMS] Tier switch: SMALL → NANO  (R=0.613)
21:17:22  INFO     [RAMS] Tier switch: NANO → SMALL  (R=0.593)
21:17:22  INFO     [RAMS] Tier switch: SMALL → NANO  (R=0.637)
21:17:23  INFO     [RAMS] Tier switch: NANO → SMALL  (R=0.600)
21:17:23  INFO     [RAMS] Tier switch: SMALL → NANO  (R=0.621)
[adaptive/moderate] 600/1500
21:17:23  INFO     [RAMS] Tier switch: NANO → SMALL  (R=0.584)
21:17:23  INFO     [RAMS] Tier switch: SMALL → NANO  (R=0.655)
21:17:24  INFO     [RAMS] Tier switch: NANO → SMALL  (R=0.602)
21:17:24  INFO     [RAMS] Tier switch: SMALL → NANO  (R=0.625)
21:17:25  INFO     [RAMS] Tier switch: NANO → SMALL  (R=0.584)
21:17:25  INFO     [RAMS] Tier switch: SMALL → NANO  (R=0.637)
21:17:25  INFO     [RAMS] Tier switch: NANO → SMALL  (R=0.584)
21:17:25  INFO     [RAMS] Tier switch: SMALL → NANO  (R=0.626)
21:17:26  INFO     [RAMS] Tier switch: NANO → SMALL  (R=0.600)
21:17:26  INFO     [RAMS] Tier switch: SMALL → NANO  (R=0.630)
21:17:27  INFO     [RAMS] Tier switch: NANO → SMALL  (R=0.597)
21:17:27  INFO     [RAMS] Tier switch: SMALL → NANO  (R=0.612)
[adaptive/moderate] 700/1500
[adaptive/moderate] 800/1500
21:17:35  INFO     [RAMS] Tier switch: NANO → SMALL  (R=0.593)
21:17:35  INFO     [RAMS] Tier switch: SMALL → NANO  (R=0.626)
21:17:37  INFO     [RAMS] Tier switch: NANO → SMALL  (R=0.600)
21:17:37  INFO     [RAMS] Tier switch: SMALL → NANO  (R=0.624)
21:17:38  INFO     [RAMS] Tier switch: NANO → SMALL  (R=0.597)
21:17:38  INFO     [RAMS] Tier switch: SMALL → NANO  (R=0.611)
21:17:38  INFO     [RAMS] Tier switch: NANO → SMALL  (R=0.591)
21:17:38  INFO     [RAMS] Tier switch: SMALL → NANO  (R=0.647)
21:17:39  INFO     [RAMS] Tier switch: NANO → SMALL  (R=0.596)
21:17:39  INFO     [RAMS] Tier switch: SMALL → NANO  (R=0.611)
21:17:40  INFO     [RAMS] Tier switch: NANO → SMALL  (R=0.599)
21:17:40  INFO     [RAMS] Tier switch: SMALL → NANO  (R=0.678)
[adaptive/moderate] 900/1500
21:17:41  INFO     [RAMS] Tier switch: NANO → SMALL  (R=0.584)
21:17:41  INFO     [RAMS] Tier switch: SMALL → NANO  (R=0.623)
21:17:41  INFO     [RAMS] Tier switch: NANO → SMALL  (R=0.596)
21:17:41  INFO     [RAMS] Tier switch: SMALL → NANO  (R=0.631)
21:17:42  INFO     [RAMS] Tier switch: NANO → SMALL  (R=0.596)
21:17:42  INFO     [RAMS] Tier switch: SMALL → NANO  (R=0.631)
21:17:43  INFO     [RAMS] Tier switch: NANO → SMALL  (R=0.595)
21:17:43  INFO     [RAMS] Tier switch: SMALL → NANO  (R=0.619)
21:17:43  INFO     [RAMS] Tier switch: NANO → SMALL  (R=0.597)
21:17:43  INFO     [RAMS] Tier switch: SMALL → NANO  (R=0.668)
21:17:44  INFO     [RAMS] Tier switch: NANO → SMALL  (R=0.602)
21:17:44  INFO     [RAMS] Tier switch: SMALL → NANO  (R=0.612)
21:17:44  INFO     [RAMS] Tier switch: NANO → SMALL  (R=0.597)
21:17:44  INFO     [RAMS] Tier switch: SMALL → NANO  (R=0.658)
21:17:45  INFO     [RAMS] Tier switch: NANO → SMALL  (R=0.602)
21:17:45  INFO     [RAMS] Tier switch: SMALL → NANO  (R=0.618)
21:17:45  INFO     [RAMS] Tier switch: NANO → SMALL  (R=0.580)
21:17:45  INFO     [RAMS] Tier switch: SMALL → NANO  (R=0.631)
21:17:46  INFO     [RAMS] Tier switch: NANO → SMALL  (R=0.602)
21:17:46  INFO     [RAMS] Tier switch: SMALL → NANO  (R=0.630)
21:17:46  INFO     [RAMS] Tier switch: NANO → SMALL  (R=0.599)
21:17:46  INFO     [RAMS] Tier switch: SMALL → NANO  (R=0.626)
[adaptive/moderate] 1000/1500
21:17:47  INFO     [RAMS] Tier switch: NANO → SMALL  (R=0.597)
21:17:47  INFO     [RAMS] Tier switch: SMALL → NANO  (R=0.615)
21:17:47  INFO     [RAMS] Tier switch: NANO → SMALL  (R=0.597)
21:17:47  INFO     [RAMS] Tier switch: SMALL → NANO  (R=0.686)
21:17:48  INFO     [RAMS] Tier switch: NANO → SMALL  (R=0.595)
21:17:48  INFO     [RAMS] Tier switch: SMALL → NANO  (R=0.632)
[adaptive/moderate] 1100/1500
21:17:57  INFO     [RAMS] Tier switch: NANO → SMALL  (R=0.597)
21:17:57  INFO     [RAMS] Tier switch: SMALL → NANO  (R=0.625)
21:17:58  INFO     [RAMS] Tier switch: NANO → SMALL  (R=0.602)
21:17:58  INFO     [RAMS] Tier switch: SMALL → NANO  (R=0.617)
[adaptive/moderate] 1200/1500
21:17:58  INFO     [RAMS] Tier switch: NANO → SMALL  (R=0.600)
21:17:59  INFO     [RAMS] Tier switch: SMALL → NANO  (R=0.610)
21:17:59  INFO     [RAMS] Tier switch: NANO → SMALL  (R=0.602)
21:17:59  INFO     [RAMS] Tier switch: SMALL → NANO  (R=0.634)
21:17:59  INFO     [RAMS] Tier switch: NANO → SMALL  (R=0.595)
21:17:59  INFO     [RAMS] Tier switch: SMALL → NANO  (R=0.695)
21:18:00  INFO     [RAMS] Tier switch: NANO → SMALL  (R=0.597)
21:18:00  INFO     [RAMS] Tier switch: SMALL → NANO  (R=0.636)
21:18:01  INFO     [RAMS] Tier switch: NANO → SMALL  (R=0.595)
21:18:01  INFO     [RAMS] Tier switch: SMALL → NANO  (R=0.615)
21:18:01  INFO     [RAMS] Tier switch: NANO → SMALL  (R=0.600)
21:18:01  INFO     [RAMS] Tier switch: SMALL → NANO  (R=0.632)
21:18:02  INFO     [RAMS] Tier switch: NANO → SMALL  (R=0.587)
21:18:02  INFO     [RAMS] Tier switch: SMALL → NANO  (R=0.631)
21:18:02  INFO     [RAMS] Tier switch: NANO → SMALL  (R=0.603)
21:18:02  INFO     [RAMS] Tier switch: SMALL → NANO  (R=0.637)
21:18:03  INFO     [RAMS] Tier switch: NANO → SMALL  (R=0.599)
21:18:03  INFO     [RAMS] Tier switch: SMALL → NANO  (R=0.619)
21:18:03  INFO     [RAMS] Tier switch: NANO → SMALL  (R=0.600)
21:18:03  INFO     [RAMS] Tier switch: SMALL → NANO  (R=0.688)
21:18:04  INFO     [RAMS] Tier switch: NANO → SMALL  (R=0.599)
21:18:04  INFO     [RAMS] Tier switch: SMALL → NANO  (R=0.625)
[adaptive/moderate] 1300/1500
21:18:05  INFO     [RAMS] Tier switch: NANO → SMALL  (R=0.585)
21:18:05  INFO     [RAMS] Tier switch: SMALL → NANO  (R=0.630)
21:18:05  INFO     [RAMS] Tier switch: NANO → SMALL  (R=0.600)
21:18:05  INFO     [RAMS] Tier switch: SMALL → NANO  (R=0.630)
21:18:06  INFO     [RAMS] Tier switch: NANO → SMALL  (R=0.588)
21:18:06  INFO     [RAMS] Tier switch: SMALL → NANO  (R=0.619)
21:18:06  INFO     [RAMS] Tier switch: NANO → SMALL  (R=0.597)
21:18:06  INFO     [RAMS] Tier switch: SMALL → NANO  (R=0.690)
21:18:07  INFO     [RAMS] Tier switch: NANO → SMALL  (R=0.603)
21:18:07  INFO     [RAMS] Tier switch: SMALL → NANO  (R=0.630)
21:18:07  INFO     [RAMS] Tier switch: NANO → SMALL  (R=0.600)
21:18:07  INFO     [RAMS] Tier switch: SMALL → NANO  (R=0.612)
21:18:08  INFO     [RAMS] Tier switch: NANO → SMALL  (R=0.595)
21:18:08  INFO     [RAMS] Tier switch: SMALL → NANO  (R=0.630)
21:18:09  INFO     [RAMS] Tier switch: NANO → SMALL  (R=0.593)
21:18:09  INFO     [RAMS] Tier switch: SMALL → NANO  (R=0.633)
21:18:10  INFO     [RAMS] Tier switch: NANO → SMALL  (R=0.595)
21:18:10  INFO     [RAMS] Tier switch: SMALL → NANO  (R=0.625)
21:18:10  INFO     [RAMS] Tier switch: NANO → SMALL  (R=0.595)
21:18:11  INFO     [RAMS] Tier switch: SMALL → NANO  (R=0.624)
21:18:11  INFO     [RAMS] Tier switch: NANO → SMALL  (R=0.584)
[adaptive/moderate] 1400/1500
21:18:11  INFO     [RAMS] Tier switch: SMALL → NANO  (R=0.660)
[adaptive/moderate] 1500/1500
21:18:17  INFO     [RAMS] Controller stopped.
21:18:17  INFO     [RAMS] Starting resource monitor ...
21:18:17  INFO     [RAMS] Loading model tiers ...
21:18:17  INFO     [RAMS] YOLOv8-nano ready — ONNX (imgsz=320).
21:18:17  INFO     [RAMS] YOLOv8-small ready — ONNX (imgsz=416).
21:18:18  INFO     [RAMS] YOLOv8-medium ready — ONNX (imgsz=640).
21:18:18  INFO     [RAMS] Controller ready. Policy: safety2
21:18:20  INFO     [RAMS] Tier switch: SMALL → NANO  (R=0.624)
21:18:20  INFO     [RAMS] Tier switch: NANO → SMALL  (R=0.600)
21:18:20  INFO     [RAMS] Tier switch: SMALL → MEDIUM  (R=0.613)
21:18:21  INFO     [RAMS] Tier switch: MEDIUM → SMALL  (R=0.635)
21:18:22  INFO     [RAMS] Tier switch: SMALL → NANO  (R=0.626)
21:18:22  INFO     [RAMS] Tier switch: NANO → SMALL  (R=0.595)
21:18:23  INFO     [RAMS] Tier switch: SMALL → NANO  (R=0.619)
21:18:23  INFO     [RAMS] Tier switch: NANO → SMALL  (R=0.602)
21:18:24  INFO     [RAMS] Tier switch: SMALL → NANO  (R=0.635)
21:18:24  INFO     [RAMS] Tier switch: NANO → SMALL  (R=0.591)
21:18:24  INFO     [RAMS] Tier switch: SMALL → MEDIUM  (R=0.638)
21:18:26  INFO     [RAMS] Tier switch: MEDIUM → NANO  (R=0.631)
21:18:26  INFO     [RAMS] Tier switch: NANO → SMALL  (R=0.601)
21:18:27  INFO     [RAMS] Tier switch: SMALL → MEDIUM  (R=0.684)
21:18:28  INFO     [RAMS] Tier switch: MEDIUM → NANO  (R=0.631)
21:18:28  INFO     [RAMS] Tier switch: NANO → SMALL  (R=0.609)
21:18:29  INFO     [RAMS] Tier switch: SMALL → NANO  (R=0.622)
21:18:29  INFO     [RAMS] Tier switch: NANO → MEDIUM  (R=0.595)
21:18:32  INFO     [RAMS] Tier switch: MEDIUM → NANO  (R=0.628)
21:18:32  INFO     [RAMS] Tier switch: NANO → SMALL  (R=0.595)
21:18:33  INFO     [RAMS] Tier switch: SMALL → NANO  (R=0.661)
21:18:33  INFO     [RAMS] Tier switch: NANO → MEDIUM  (R=0.708)
21:18:36  INFO     [RAMS] Tier switch: MEDIUM → NANO  (R=0.655)
21:18:36  INFO     [RAMS] Tier switch: NANO → SMALL  (R=0.662)
21:18:36  INFO     [RAMS] Tier switch: SMALL → MEDIUM  (R=0.667)
21:18:38  INFO     [RAMS] Tier switch: MEDIUM → NANO  (R=0.680)
21:18:38  INFO     [RAMS] Tier switch: NANO → SMALL  (R=0.667)
21:18:38  INFO     [RAMS] Tier switch: SMALL → MEDIUM  (R=0.657)
[safety2/moderate] 100/1500
21:18:40  INFO     [RAMS] Tier switch: MEDIUM → NANO  (R=0.631)
21:18:40  INFO     [RAMS] Tier switch: NANO → SMALL  (R=0.602)
21:18:41  INFO     [RAMS] Tier switch: SMALL → NANO  (R=0.654)
21:18:41  INFO     [RAMS] Tier switch: NANO → SMALL  (R=0.609)
21:18:41  INFO     [RAMS] Tier switch: SMALL → NANO  (R=0.614)
21:18:41  INFO     [RAMS] Tier switch: NANO → MEDIUM  (R=0.619)
21:18:44  INFO     [RAMS] Tier switch: MEDIUM → SMALL  (R=0.626)
21:18:44  INFO     [RAMS] Tier switch: SMALL → MEDIUM  (R=0.633)
21:18:46  INFO     [RAMS] Tier switch: MEDIUM → NANO  (R=0.678)
21:18:47  INFO     [RAMS] Tier switch: NANO → SMALL  (R=0.600)
21:18:47  INFO     [RAMS] Tier switch: SMALL → NANO  (R=0.665)
21:18:48  INFO     [RAMS] Tier switch: NANO → SMALL  (R=0.605)
21:18:49  INFO     [RAMS] Tier switch: SMALL → NANO  (R=0.622)
21:18:49  INFO     [RAMS] Tier switch: NANO → MEDIUM  (R=0.599)
21:18:52  INFO     [RAMS] Tier switch: MEDIUM → NANO  (R=0.624)
21:18:52  INFO     [RAMS] Tier switch: NANO → SMALL  (R=0.600)
21:18:54  INFO     [RAMS] Tier switch: SMALL → MEDIUM  (R=0.621)
21:18:56  INFO     [RAMS] Tier switch: MEDIUM → NANO  (R=0.697)
21:18:56  INFO     [RAMS] Tier switch: NANO → SMALL  (R=0.644)
21:18:56  INFO     [RAMS] Tier switch: SMALL → MEDIUM  (R=0.684)
21:19:06  INFO     [RAMS] Tier switch: MEDIUM → NANO  (R=0.638)
[safety2/moderate] 200/1500
21:19:06  INFO     [RAMS] Tier switch: NANO → SMALL  (R=0.602)
21:19:06  INFO     [RAMS] Tier switch: SMALL → MEDIUM  (R=0.642)
21:19:09  INFO     [RAMS] Tier switch: MEDIUM → NANO  (R=0.629)
21:19:09  INFO     [RAMS] Tier switch: NANO → MEDIUM  (R=0.603)
21:19:11  INFO     [RAMS] Tier switch: MEDIUM → SMALL  (R=0.633)
21:19:11  INFO     [RAMS] Tier switch: SMALL → MEDIUM  (R=0.635)
21:19:13  INFO     [RAMS] Tier switch: MEDIUM → SMALL  (R=0.633)
21:19:14  INFO     [RAMS] Tier switch: SMALL → NANO  (R=0.624)
21:19:14  INFO     [RAMS] Tier switch: NANO → MEDIUM  (R=0.624)
21:19:16  INFO     [RAMS] Tier switch: MEDIUM → NANO  (R=0.633)
21:19:16  INFO     [RAMS] Tier switch: NANO → SMALL  (R=0.596)
21:19:17  INFO     [RAMS] Tier switch: SMALL → NANO  (R=0.697)
21:19:17  INFO     [RAMS] Tier switch: NANO → SMALL  (R=0.661)
21:19:17  INFO     [RAMS] Tier switch: SMALL → MEDIUM  (R=0.697)
21:19:20  INFO     [RAMS] Tier switch: MEDIUM → NANO  (R=0.674)
21:19:21  INFO     [RAMS] Tier switch: NANO → MEDIUM  (R=0.643)
21:19:25  INFO     [RAMS] Tier switch: MEDIUM → NANO  (R=0.679)
21:19:26  INFO     [RAMS] Tier switch: NANO → MEDIUM  (R=0.593)
21:19:28  INFO     [RAMS] Tier switch: MEDIUM → NANO  (R=0.626)
21:19:28  INFO     [RAMS] Tier switch: NANO → SMALL  (R=0.598)
21:19:29  INFO     [RAMS] Tier switch: SMALL → NANO  (R=0.638)
21:19:29  INFO     [RAMS] Tier switch: NANO → SMALL  (R=0.600)
21:19:30  INFO     [RAMS] Tier switch: SMALL → MEDIUM  (R=0.628)
21:19:32  INFO     [RAMS] Tier switch: MEDIUM → NANO  (R=0.628)
21:19:32  INFO     [RAMS] Tier switch: NANO → SMALL  (R=0.595)
21:19:33  INFO     [RAMS] Tier switch: SMALL → MEDIUM  (R=0.609)
21:19:34  INFO     [RAMS] Tier switch: MEDIUM → SMALL  (R=0.626)
21:19:35  INFO     [RAMS] Tier switch: SMALL → MEDIUM  (R=0.626)
21:19:35  INFO     [RAMS] Tier switch: MEDIUM → NANO  (R=0.690)
[safety2/moderate] 300/1500
21:19:36  INFO     [RAMS] Tier switch: NANO → SMALL  (R=0.602)
21:19:37  INFO     [RAMS] Tier switch: SMALL → NANO  (R=0.631)
21:19:37  INFO     [RAMS] Tier switch: NANO → SMALL  (R=0.586)
21:19:38  INFO     [RAMS] Tier switch: SMALL → MEDIUM  (R=0.638)
21:19:41  INFO     [RAMS] Tier switch: MEDIUM → NANO  (R=0.690)
21:19:42  INFO     [RAMS] Tier switch: NANO → SMALL  (R=0.657)
21:19:42  INFO     [RAMS] Tier switch: SMALL → NANO  (R=0.681)
21:19:43  INFO     [RAMS] Tier switch: NANO → SMALL  (R=0.717)
21:19:43  INFO     [RAMS] Tier switch: SMALL → NANO  (R=0.655)
21:19:43  INFO     [RAMS] Tier switch: NANO → MEDIUM  (R=0.657)
21:19:46  INFO     [RAMS] Tier switch: MEDIUM → NANO  (R=0.693)
21:19:46  INFO     [RAMS] Tier switch: NANO → SMALL  (R=0.599)
21:19:46  INFO     [RAMS] Tier switch: SMALL → NANO  (R=0.631)
21:19:47  INFO     [RAMS] Tier switch: NANO → SMALL  (R=0.605)
21:19:47  INFO     [RAMS] Tier switch: SMALL → NANO  (R=0.626)
21:19:47  INFO     [RAMS] Tier switch: NANO → SMALL  (R=0.587)
21:19:50  INFO     [RAMS] Tier switch: SMALL → MEDIUM  (R=0.612)
21:19:52  INFO     [RAMS] Tier switch: MEDIUM → NANO  (R=0.636)
21:19:52  INFO     [RAMS] Tier switch: NANO → SMALL  (R=0.600)
21:19:52  INFO     [RAMS] Tier switch: SMALL → MEDIUM  (R=0.609)
[safety2/moderate] 400/1500
21:19:53  INFO     [RAMS] Tier switch: MEDIUM → NANO  (R=0.627)
21:19:53  INFO     [RAMS] Tier switch: NANO → MEDIUM  (R=0.594)
21:19:56  INFO     [RAMS] Tier switch: MEDIUM → NANO  (R=0.696)
21:19:56  INFO     [RAMS] Tier switch: NANO → SMALL  (R=0.603)
21:19:56  INFO     [RAMS] Tier switch: SMALL → MEDIUM  (R=0.626)
21:19:58  INFO     [RAMS] Tier switch: MEDIUM → NANO  (R=0.623)
21:19:58  INFO     [RAMS] Tier switch: NANO → SMALL  (R=0.597)
21:19:58  INFO     [RAMS] Tier switch: SMALL → MEDIUM  (R=0.615)
21:20:00  INFO     [RAMS] Tier switch: MEDIUM → NANO  (R=0.626)
21:20:01  INFO     [RAMS] Tier switch: NANO → MEDIUM  (R=0.654)
21:20:03  INFO     [RAMS] Tier switch: MEDIUM → SMALL  (R=0.678)
21:20:04  INFO     [RAMS] Tier switch: SMALL → NANO  (R=0.710)
21:20:04  INFO     [RAMS] Tier switch: NANO → MEDIUM  (R=0.643)
21:20:07  INFO     [RAMS] Tier switch: MEDIUM → SMALL  (R=0.692)
21:20:08  INFO     [RAMS] Tier switch: SMALL → MEDIUM  (R=0.615)
21:20:09  INFO     [RAMS] Tier switch: MEDIUM → SMALL  (R=0.621)
21:20:10  INFO     [RAMS] Tier switch: SMALL → MEDIUM  (R=0.626)
21:20:13  INFO     [RAMS] Tier switch: MEDIUM → NANO  (R=0.628)
21:20:13  INFO     [RAMS] Tier switch: NANO → MEDIUM  (R=0.609)
21:20:17  INFO     [RAMS] Tier switch: MEDIUM → NANO  (R=0.621)
21:20:17  INFO     [RAMS] Tier switch: NANO → SMALL  (R=0.623)
21:20:18  INFO     [RAMS] Tier switch: SMALL → MEDIUM  (R=0.599)
21:20:20  INFO     [RAMS] Tier switch: MEDIUM → NANO  (R=0.631)
[safety2/moderate] 500/1500
21:20:21  INFO     [RAMS] Tier switch: NANO → MEDIUM  (R=0.619)
21:20:23  INFO     [RAMS] Tier switch: MEDIUM → NANO  (R=0.684)
21:20:24  INFO     [RAMS] Tier switch: NANO → MEDIUM  (R=0.662)
21:20:26  INFO     [RAMS] Tier switch: MEDIUM → NANO  (R=0.674)
21:20:26  INFO     [RAMS] Tier switch: NANO → SMALL  (R=0.655)
21:20:27  INFO     [RAMS] Tier switch: SMALL → NANO  (R=0.666)
21:20:27  INFO     [RAMS] Tier switch: NANO → MEDIUM  (R=0.657)
21:20:30  INFO     [RAMS] Tier switch: MEDIUM → NANO  (R=0.684)
21:20:30  INFO     [RAMS] Tier switch: NANO → SMALL  (R=0.589)
21:20:31  INFO     [RAMS] Tier switch: SMALL → MEDIUM  (R=0.615)
21:20:31  INFO     [RAMS] Tier switch: MEDIUM → SMALL  (R=0.619)
21:20:33  INFO     [RAMS] Tier switch: SMALL → NANO  (R=0.610)
21:20:33  INFO     [RAMS] Tier switch: NANO → SMALL  (R=0.605)
21:20:34  INFO     [RAMS] Tier switch: SMALL → NANO  (R=0.611)
21:20:34  INFO     [RAMS] Tier switch: NANO → MEDIUM  (R=0.607)
21:20:36  INFO     [RAMS] Tier switch: MEDIUM → NANO  (R=0.624)
21:20:37  INFO     [RAMS] Tier switch: NANO → MEDIUM  (R=0.595)
21:20:39  INFO     [RAMS] Tier switch: MEDIUM → NANO  (R=0.624)
21:20:39  INFO     [RAMS] Tier switch: NANO → MEDIUM  (R=0.602)
21:20:42  INFO     [RAMS] Tier switch: MEDIUM → NANO  (R=0.633)
[safety2/moderate] 600/1500
21:20:42  INFO     [RAMS] Tier switch: NANO → SMALL  (R=0.607)
21:20:43  INFO     [RAMS] Tier switch: SMALL → NANO  (R=0.631)
21:20:43  INFO     [RAMS] Tier switch: NANO → MEDIUM  (R=0.606)
21:20:45  INFO     [RAMS] Tier switch: MEDIUM → NANO  (R=0.666)
21:20:46  INFO     [RAMS] Tier switch: NANO → SMALL  (R=0.643)
21:20:46  INFO     [RAMS] Tier switch: SMALL → MEDIUM  (R=0.679)
21:20:49  INFO     [RAMS] Tier switch: MEDIUM → NANO  (R=0.692)
21:20:49  INFO     [RAMS] Tier switch: NANO → MEDIUM  (R=0.692)
21:20:51  INFO     [RAMS] Tier switch: MEDIUM → NANO  (R=0.630)
21:20:51  INFO     [RAMS] Tier switch: NANO → SMALL  (R=0.596)
21:20:52  INFO     [RAMS] Tier switch: SMALL → NANO  (R=0.633)
21:20:52  INFO     [RAMS] Tier switch: NANO → SMALL  (R=0.583)
21:20:53  INFO     [RAMS] Tier switch: SMALL → MEDIUM  (R=0.631)
21:20:54  INFO     [RAMS] Tier switch: MEDIUM → NANO  (R=0.633)
21:20:54  INFO     [RAMS] Tier switch: NANO → SMALL  (R=0.595)
21:20:55  INFO     [RAMS] Tier switch: SMALL → MEDIUM  (R=0.648)
21:20:57  INFO     [RAMS] Tier switch: MEDIUM → NANO  (R=0.619)
21:20:57  INFO     [RAMS] Tier switch: NANO → MEDIUM  (R=0.597)
21:21:02  INFO     [RAMS] Tier switch: MEDIUM → NANO  (R=0.665)
21:21:02  INFO     [RAMS] Tier switch: NANO → SMALL  (R=0.590)
21:21:03  INFO     [RAMS] Tier switch: SMALL → MEDIUM  (R=0.611)
21:21:04  INFO     [RAMS] Tier switch: MEDIUM → NANO  (R=0.633)
21:21:04  INFO     [RAMS] Tier switch: NANO → MEDIUM  (R=0.605)
21:21:06  INFO     [RAMS] Tier switch: MEDIUM → NANO  (R=0.683)
21:21:06  INFO     [RAMS] Tier switch: NANO → MEDIUM  (R=0.649)
21:21:09  INFO     [RAMS] Tier switch: MEDIUM → SMALL  (R=0.674)
21:21:09  INFO     [RAMS] Tier switch: SMALL → NANO  (R=0.691)
21:21:09  INFO     [RAMS] Tier switch: NANO → SMALL  (R=0.636)
21:21:10  INFO     [RAMS] Tier switch: SMALL → NANO  (R=0.669)
21:21:10  INFO     [RAMS] Tier switch: NANO → MEDIUM  (R=0.667)
21:21:13  INFO     [RAMS] Tier switch: MEDIUM → NANO  (R=0.631)
21:21:13  INFO     [RAMS] Tier switch: NANO → SMALL  (R=0.631)
21:21:13  INFO     [RAMS] Tier switch: SMALL → MEDIUM  (R=0.631)
21:21:14  INFO     [RAMS] Tier switch: MEDIUM → NANO  (R=0.631)
[safety2/moderate] 700/1500
21:21:14  INFO     [RAMS] Tier switch: NANO → SMALL  (R=0.598)
21:21:15  INFO     [RAMS] Tier switch: SMALL → MEDIUM  (R=0.672)
21:21:15  INFO     [RAMS] Tier switch: MEDIUM → NANO  (R=0.615)
21:21:15  INFO     [RAMS] Tier switch: NANO → SMALL  (R=0.602)
21:21:16  INFO     [RAMS] Tier switch: SMALL → NANO  (R=0.631)
21:21:17  INFO     [RAMS] Tier switch: NANO → SMALL  (R=0.673)
21:21:19  INFO     [RAMS] Tier switch: SMALL → MEDIUM  (R=0.701)
21:21:21  INFO     [RAMS] Tier switch: MEDIUM → NANO  (R=0.623)
21:21:21  INFO     [RAMS] Tier switch: NANO → SMALL  (R=0.584)
21:21:22  INFO     [RAMS] Tier switch: SMALL → MEDIUM  (R=0.604)
21:21:26  INFO     [RAMS] Tier switch: MEDIUM → SMALL  (R=0.638)
21:21:26  INFO     [RAMS] Tier switch: SMALL → MEDIUM  (R=0.619)
21:21:30  INFO     [RAMS] Tier switch: MEDIUM → NANO  (R=0.686)
21:21:31  INFO     [RAMS] Tier switch: NANO → SMALL  (R=0.661)
21:21:32  INFO     [RAMS] Tier switch: SMALL → NANO  (R=0.654)
21:21:32  INFO     [RAMS] Tier switch: NANO → SMALL  (R=0.662)
21:21:34  INFO     [RAMS] Tier switch: SMALL → NANO  (R=0.638)
21:21:35  INFO     [RAMS] Tier switch: NANO → MEDIUM  (R=0.622)
21:21:37  INFO     [RAMS] Tier switch: MEDIUM → SMALL  (R=0.633)
21:21:37  INFO     [RAMS] Tier switch: SMALL → MEDIUM  (R=0.615)
[safety2/moderate] 800/1500
21:21:40  INFO     [RAMS] Tier switch: MEDIUM → SMALL  (R=0.656)
21:21:40  INFO     [RAMS] Tier switch: SMALL → NANO  (R=0.631)
21:21:40  INFO     [RAMS] Tier switch: NANO → MEDIUM  (R=0.619)
21:21:43  INFO     [RAMS] Tier switch: MEDIUM → NANO  (R=0.673)
21:21:43  INFO     [RAMS] Tier switch: NANO → SMALL  (R=0.599)
21:21:44  INFO     [RAMS] Tier switch: SMALL → MEDIUM  (R=0.661)
21:21:45  INFO     [RAMS] Tier switch: MEDIUM → NANO  (R=0.631)
21:21:45  INFO     [RAMS] Tier switch: NANO → SMALL  (R=0.631)
21:21:46  INFO     [RAMS] Tier switch: SMALL → MEDIUM  (R=0.627)
21:21:46  INFO     [RAMS] Tier switch: MEDIUM → NANO  (R=0.631)
21:21:47  INFO     [RAMS] Tier switch: NANO → MEDIUM  (R=0.619)
21:21:49  INFO     [RAMS] Tier switch: MEDIUM → NANO  (R=0.657)
21:21:49  INFO     [RAMS] Tier switch: NANO → MEDIUM  (R=0.649)
21:21:52  INFO     [RAMS] Tier switch: MEDIUM → NANO  (R=0.696)
21:21:52  INFO     [RAMS] Tier switch: NANO → MEDIUM  (R=0.657)
21:21:54  INFO     [RAMS] Tier switch: MEDIUM → NANO  (R=0.679)
21:21:55  INFO     [RAMS] Tier switch: NANO → MEDIUM  (R=0.655)
21:21:58  INFO     [RAMS] Tier switch: MEDIUM → SMALL  (R=0.625)
21:21:58  INFO     [RAMS] Tier switch: SMALL → MEDIUM  (R=0.617)
21:22:01  INFO     [RAMS] Tier switch: MEDIUM → NANO  (R=0.626)
21:22:01  INFO     [RAMS] Tier switch: NANO → SMALL  (R=0.659)
21:22:01  INFO     [RAMS] Tier switch: SMALL → NANO  (R=0.621)
21:22:01  INFO     [RAMS] Tier switch: NANO → SMALL  (R=0.602)
21:22:02  INFO     [RAMS] Tier switch: SMALL → MEDIUM  (R=0.607)
21:22:03  INFO     [RAMS] Tier switch: MEDIUM → NANO  (R=0.631)
[safety2/moderate] 900/1500
21:22:04  INFO     [RAMS] Tier switch: NANO → SMALL  (R=0.606)
21:22:04  INFO     [RAMS] Tier switch: SMALL → MEDIUM  (R=0.609)
21:22:07  INFO     [RAMS] Tier switch: MEDIUM → NANO  (R=0.636)
21:22:07  INFO     [RAMS] Tier switch: NANO → MEDIUM  (R=0.599)
21:22:09  INFO     [RAMS] Tier switch: MEDIUM → SMALL  (R=0.626)
21:22:10  INFO     [RAMS] Tier switch: SMALL → NANO  (R=0.673)
21:22:10  INFO     [RAMS] Tier switch: NANO → SMALL  (R=0.603)
21:22:11  INFO     [RAMS] Tier switch: SMALL → MEDIUM  (R=0.715)
21:22:16  INFO     [RAMS] Tier switch: MEDIUM → NANO  (R=0.685)
21:22:16  INFO     [RAMS] Tier switch: NANO → MEDIUM  (R=0.643)
21:22:19  INFO     [RAMS] Tier switch: MEDIUM → SMALL  (R=0.631)
21:22:20  INFO     [RAMS] Tier switch: SMALL → NANO  (R=0.629)
21:22:20  INFO     [RAMS] Tier switch: NANO → SMALL  (R=0.629)
21:22:23  INFO     [RAMS] Tier switch: SMALL → NANO  (R=0.696)
21:22:23  INFO     [RAMS] Tier switch: NANO → SMALL  (R=0.600)
21:22:24  INFO     [RAMS] Tier switch: SMALL → NANO  (R=0.677)
21:22:24  INFO     [RAMS] Tier switch: NANO → MEDIUM  (R=0.605)
21:22:26  INFO     [RAMS] Tier switch: MEDIUM → SMALL  (R=0.635)
21:22:26  INFO     [RAMS] Tier switch: SMALL → MEDIUM  (R=0.626)
21:22:28  INFO     [RAMS] Tier switch: MEDIUM → NANO  (R=0.619)
21:22:28  INFO     [RAMS] Tier switch: NANO → SMALL  (R=0.600)
21:22:28  INFO     [RAMS] Tier switch: SMALL → NANO  (R=0.615)
21:22:29  INFO     [RAMS] Tier switch: NANO → MEDIUM  (R=0.607)
[safety2/moderate] 1000/1500
21:22:31  INFO     [RAMS] Tier switch: MEDIUM → SMALL  (R=0.638)
21:22:31  INFO     [RAMS] Tier switch: SMALL → MEDIUM  (R=0.602)
21:22:34  INFO     [RAMS] Tier switch: MEDIUM → NANO  (R=0.703)
21:22:34  INFO     [RAMS] Tier switch: NANO → SMALL  (R=0.651)
21:22:34  INFO     [RAMS] Tier switch: SMALL → MEDIUM  (R=0.673)
21:22:36  INFO     [RAMS] Tier switch: MEDIUM → NANO  (R=0.673)
21:22:37  INFO     [RAMS] Tier switch: NANO → MEDIUM  (R=0.645)
21:22:39  INFO     [RAMS] Tier switch: MEDIUM → NANO  (R=0.640)
21:22:40  INFO     [RAMS] Tier switch: NANO → SMALL  (R=0.599)
21:22:40  INFO     [RAMS] Tier switch: SMALL → MEDIUM  (R=0.679)
21:22:41  INFO     [RAMS] Tier switch: MEDIUM → SMALL  (R=0.631)
21:22:43  INFO     [RAMS] Tier switch: SMALL → NANO  (R=0.627)
21:22:43  INFO     [RAMS] Tier switch: NANO → SMALL  (R=0.599)
21:22:47  INFO     [RAMS] Tier switch: SMALL → MEDIUM  (R=0.684)
21:22:47  INFO     [RAMS] Tier switch: MEDIUM → SMALL  (R=0.626)
21:22:49  INFO     [RAMS] Tier switch: SMALL → NANO  (R=0.702)
21:22:49  INFO     [RAMS] Tier switch: NANO → SMALL  (R=0.603)
21:22:49  INFO     [RAMS] Tier switch: SMALL → NANO  (R=0.614)
21:22:49  INFO     [RAMS] Tier switch: NANO → MEDIUM  (R=0.614)
[safety2/moderate] 1100/1500
21:22:52  INFO     [RAMS] Tier switch: MEDIUM → SMALL  (R=0.654)
21:22:54  INFO     [RAMS] Tier switch: SMALL → NANO  (R=0.665)
21:22:55  INFO     [RAMS] Tier switch: NANO → MEDIUM  (R=0.698)
21:22:57  INFO     [RAMS] Tier switch: MEDIUM → NANO  (R=0.679)
21:22:57  INFO     [RAMS] Tier switch: NANO → MEDIUM  (R=0.679)
21:23:00  INFO     [RAMS] Tier switch: MEDIUM → NANO  (R=0.674)
21:23:00  INFO     [RAMS] Tier switch: NANO → SMALL  (R=0.644)
21:23:01  INFO     [RAMS] Tier switch: SMALL → MEDIUM  (R=0.646)
21:23:02  INFO     [RAMS] Tier switch: MEDIUM → SMALL  (R=0.626)
21:23:04  INFO     [RAMS] Tier switch: SMALL → NANO  (R=0.633)
21:23:04  INFO     [RAMS] Tier switch: NANO → SMALL  (R=0.593)
21:23:05  INFO     [RAMS] Tier switch: SMALL → MEDIUM  (R=0.619)
21:23:07  INFO     [RAMS] Tier switch: MEDIUM → NANO  (R=0.638)
21:23:07  INFO     [RAMS] Tier switch: NANO → SMALL  (R=0.600)
21:23:08  INFO     [RAMS] Tier switch: SMALL → MEDIUM  (R=0.667)
21:23:10  INFO     [RAMS] Tier switch: MEDIUM → NANO  (R=0.631)
21:23:10  INFO     [RAMS] Tier switch: NANO → SMALL  (R=0.608)
21:23:11  INFO     [RAMS] Tier switch: SMALL → NANO  (R=0.633)
21:23:11  INFO     [RAMS] Tier switch: NANO → SMALL  (R=0.596)
21:23:11  INFO     [RAMS] Tier switch: SMALL → MEDIUM  (R=0.628)
21:23:14  INFO     [RAMS] Tier switch: MEDIUM → SMALL  (R=0.642)
21:23:15  INFO     [RAMS] Tier switch: SMALL → MEDIUM  (R=0.633)
21:23:16  INFO     [RAMS] Tier switch: MEDIUM → SMALL  (R=0.701)
[safety2/moderate] 1200/1500
21:23:17  INFO     [RAMS] Tier switch: SMALL → NANO  (R=0.721)
21:23:17  INFO     [RAMS] Tier switch: NANO → MEDIUM  (R=0.643)
21:23:19  INFO     [RAMS] Tier switch: MEDIUM → NANO  (R=0.686)
21:23:20  INFO     [RAMS] Tier switch: NANO → SMALL  (R=0.667)
21:23:20  INFO     [RAMS] Tier switch: SMALL → MEDIUM  (R=0.674)
21:23:22  INFO     [RAMS] Tier switch: MEDIUM → SMALL  (R=0.667)
21:23:23  INFO     [RAMS] Tier switch: SMALL → MEDIUM  (R=0.644)
21:23:25  INFO     [RAMS] Tier switch: MEDIUM → SMALL  (R=0.626)
21:23:27  INFO     [RAMS] Tier switch: SMALL → MEDIUM  (R=0.602)
21:23:31  INFO     [RAMS] Tier switch: MEDIUM → NANO  (R=0.636)
21:23:32  INFO     [RAMS] Tier switch: NANO → SMALL  (R=0.587)
21:23:32  INFO     [RAMS] Tier switch: SMALL → MEDIUM  (R=0.626)
21:23:35  INFO     [RAMS] Tier switch: MEDIUM → SMALL  (R=0.686)
21:23:35  INFO     [RAMS] Tier switch: SMALL → MEDIUM  (R=0.619)
21:23:36  INFO     [RAMS] Tier switch: MEDIUM → NANO  (R=0.636)
21:23:36  INFO     [RAMS] Tier switch: NANO → SMALL  (R=0.636)
21:23:37  INFO     [RAMS] Tier switch: SMALL → NANO  (R=0.621)
21:23:37  INFO     [RAMS] Tier switch: NANO → MEDIUM  (R=0.621)
21:23:40  INFO     [RAMS] Tier switch: MEDIUM → NANO  (R=0.722)
21:23:40  INFO     [RAMS] Tier switch: NANO → MEDIUM  (R=0.722)
21:23:42  INFO     [RAMS] Tier switch: MEDIUM → NANO  (R=0.683)
21:23:43  INFO     [RAMS] Tier switch: NANO → MEDIUM  (R=0.653)
21:23:46  INFO     [RAMS] Tier switch: MEDIUM → NANO  (R=0.663)
[safety2/moderate] 1300/1500
21:23:46  INFO     [RAMS] Tier switch: NANO → SMALL  (R=0.600)
21:23:46  INFO     [RAMS] Tier switch: SMALL → MEDIUM  (R=0.631)
21:23:47  INFO     [RAMS] Tier switch: MEDIUM → NANO  (R=0.631)
21:23:48  INFO     [RAMS] Tier switch: NANO → SMALL  (R=0.572)
21:23:48  INFO     [RAMS] Tier switch: SMALL → NANO  (R=0.621)
21:23:48  INFO     [RAMS] Tier switch: NANO → MEDIUM  (R=0.621)
21:23:50  INFO     [RAMS] Tier switch: MEDIUM → NANO  (R=0.636)
21:23:51  INFO     [RAMS] Tier switch: NANO → SMALL  (R=0.605)
21:23:51  INFO     [RAMS] Tier switch: SMALL → NANO  (R=0.619)
21:23:51  INFO     [RAMS] Tier switch: NANO → MEDIUM  (R=0.608)
21:23:53  INFO     [RAMS] Tier switch: MEDIUM → NANO  (R=0.626)
21:23:54  INFO     [RAMS] Tier switch: NANO → SMALL  (R=0.600)
21:23:54  INFO     [RAMS] Tier switch: SMALL → MEDIUM  (R=0.649)
21:23:55  INFO     [RAMS] Tier switch: MEDIUM → NANO  (R=0.643)
21:23:55  INFO     [RAMS] Tier switch: NANO → MEDIUM  (R=0.595)
21:23:58  INFO     [RAMS] Tier switch: MEDIUM → NANO  (R=0.672)
21:23:58  INFO     [RAMS] Tier switch: NANO → SMALL  (R=0.619)
21:24:01  INFO     [RAMS] Tier switch: SMALL → NANO  (R=0.696)
21:24:01  INFO     [RAMS] Tier switch: NANO → SMALL  (R=0.637)
21:24:02  INFO     [RAMS] Tier switch: SMALL → NANO  (R=0.703)
21:24:02  INFO     [RAMS] Tier switch: NANO → MEDIUM  (R=0.703)
21:24:05  INFO     [RAMS] Tier switch: MEDIUM → SMALL  (R=0.674)
21:24:05  INFO     [RAMS] Tier switch: SMALL → NANO  (R=0.680)
21:24:05  INFO     [RAMS] Tier switch: NANO → SMALL  (R=0.667)
21:24:06  INFO     [RAMS] Tier switch: SMALL → NANO  (R=0.680)
[safety2/moderate] 1400/1500
21:24:07  INFO     [RAMS] Tier switch: NANO → MEDIUM  (R=0.609)
21:24:09  INFO     [RAMS] Tier switch: MEDIUM → NANO  (R=0.701)
21:24:09  INFO     [RAMS] Tier switch: NANO → SMALL  (R=0.604)
21:24:09  INFO     [RAMS] Tier switch: SMALL → NANO  (R=0.624)
21:24:10  INFO     [RAMS] Tier switch: NANO → SMALL  (R=0.605)
21:24:10  INFO     [RAMS] Tier switch: SMALL → NANO  (R=0.614)
21:24:11  INFO     [RAMS] Tier switch: NANO → SMALL  (R=0.599)
21:24:11  INFO     [RAMS] Tier switch: SMALL → MEDIUM  (R=0.631)
21:24:12  INFO     [RAMS] Tier switch: MEDIUM → SMALL  (R=0.629)
21:24:12  INFO     [RAMS] Tier switch: SMALL → MEDIUM  (R=0.623)
21:24:13  INFO     [RAMS] Tier switch: MEDIUM → NANO  (R=0.626)
21:24:13  INFO     [RAMS] Tier switch: NANO → MEDIUM  (R=0.601)
21:24:16  INFO     [RAMS] Tier switch: MEDIUM → NANO  (R=0.631)
21:24:16  INFO     [RAMS] Tier switch: NANO → SMALL  (R=0.604)
21:24:16  INFO     [RAMS] Tier switch: SMALL → MEDIUM  (R=0.608)
21:24:19  INFO     [RAMS] Tier switch: MEDIUM → NANO  (R=0.636)
21:24:20  INFO     [RAMS] Tier switch: NANO → MEDIUM  (R=0.602)
21:24:22  INFO     [RAMS] Tier switch: MEDIUM → NANO  (R=0.709)
21:24:22  INFO     [RAMS] Tier switch: NANO → MEDIUM  (R=0.683)
21:24:25  INFO     [RAMS] Tier switch: MEDIUM → SMALL  (R=0.727)
21:24:25  INFO     [RAMS] Tier switch: SMALL → NANO  (R=0.662)
21:24:25  INFO     [RAMS] Tier switch: NANO → MEDIUM  (R=0.656)
21:24:28  INFO     [RAMS] Tier switch: MEDIUM → NANO  (R=0.650)
21:24:28  INFO     [RAMS] Tier switch: NANO → MEDIUM  (R=0.651)
21:24:33  INFO     [RAMS] Tier switch: MEDIUM → NANO  (R=0.642)
[safety2/moderate] 1500/1500
21:24:34  INFO     [RAMS] Controller stopped.
21:24:34  INFO     [RAMS] Starting resource monitor ...
21:24:34  INFO     [RAMS] Loading model tiers ...
21:24:34  INFO     [RAMS] YOLOv8-nano ready — ONNX (imgsz=320).
21:24:34  INFO     [RAMS] YOLOv8-small ready — ONNX (imgsz=416).
21:24:35  INFO     [RAMS] YOLOv8-medium ready — ONNX (imgsz=640).
21:24:35  INFO     [RAMS] Controller ready. Policy: fixed
21:24:36  INFO     [RAMS] Tier switch: SMALL → NANO  (R=0.413)
[fixed_nano/moderate] 100/1500
[fixed_nano/moderate] 200/1500
[fixed_nano/moderate] 300/1500
[fixed_nano/moderate] 400/1500
[fixed_nano/moderate] 500/1500
[fixed_nano/moderate] 600/1500
[fixed_nano/moderate] 700/1500
[fixed_nano/moderate] 800/1500
[fixed_nano/moderate] 900/1500
[fixed_nano/moderate] 1000/1500
[fixed_nano/moderate] 1100/1500
[fixed_nano/moderate] 1200/1500
[fixed_nano/moderate] 1300/1500
[fixed_nano/moderate] 1400/1500
[fixed_nano/moderate] 1500/1500
21:25:53  INFO     [RAMS] Controller stopped.
21:25:53  INFO     [RAMS] Starting resource monitor ...
21:25:53  INFO     [RAMS] Loading model tiers ...
21:25:53  INFO     [RAMS] YOLOv8-nano ready — ONNX (imgsz=320).
21:25:54  INFO     [RAMS] YOLOv8-small ready — ONNX (imgsz=416).
21:25:54  INFO     [RAMS] YOLOv8-medium ready — ONNX (imgsz=640).
21:25:54  INFO     [RAMS] Controller ready. Policy: fixed
[fixed_small/moderate] 100/1500
[fixed_small/moderate] 200/1500
[fixed_small/moderate] 300/1500
[fixed_small/moderate] 400/1500
[fixed_small/moderate] 500/1500
[fixed_small/moderate] 600/1500
[fixed_small/moderate] 700/1500
[fixed_small/moderate] 800/1500
[fixed_small/moderate] 900/1500
[fixed_small/moderate] 1000/1500
[fixed_small/moderate] 1100/1500
[fixed_small/moderate] 1200/1500
[fixed_small/moderate] 1300/1500
[fixed_small/moderate] 1400/1500
[fixed_small/moderate] 1500/1500
21:29:57  INFO     [RAMS] Controller stopped.
21:29:57  INFO     [RAMS] Starting resource monitor ...
21:29:57  INFO     [RAMS] Loading model tiers ...
21:29:57  INFO     [RAMS] YOLOv8-nano ready — ONNX (imgsz=320).
21:29:57  INFO     [RAMS] YOLOv8-small ready — ONNX (imgsz=416).
21:29:58  INFO     [RAMS] YOLOv8-medium ready — ONNX (imgsz=640).
21:29:58  INFO     [RAMS] Controller ready. Policy: fixed
21:29:59  INFO     [RAMS] Tier switch: SMALL → MEDIUM  (R=0.422)
[fixed_medium/moderate] 100/1500
[fixed_medium/moderate] 200/1500
[fixed_medium/moderate] 300/1500
[fixed_medium/moderate] 400/1500
[fixed_medium/moderate] 500/1500
[fixed_medium/moderate] 600/1500
[fixed_medium/moderate] 700/1500
[fixed_medium/moderate] 800/1500
[fixed_medium/moderate] 900/1500
[fixed_medium/moderate] 1000/1500
[fixed_medium/moderate] 1100/1500
[fixed_medium/moderate] 1200/1500
[fixed_medium/moderate] 1300/1500
[fixed_medium/moderate] 1400/1500
[fixed_medium/moderate] 1500/1500
21:49:50  INFO     [RAMS] Controller stopped.
Raw records: /home/soren/rams_sep2026/corrected-20260908/results/full-20260908-v1/onnx/policy_accuracy/exp11_policy_accuracy_20260908_214950.csv
Summary: /home/soren/rams_sep2026/corrected-20260908/results/full-20260908-v1/onnx/policy_accuracy/exp11_policy_accuracy_20260908_214950.json
Replay manifest: /home/soren/rams_sep2026/corrected-20260908/results/full-20260908-v1/onnx/policy_accuracy/exp11_policy_accuracy_20260908_214950_manifest.json
