21:49:52  INFO     [RAMS] Starting resource monitor ...
21:49:52  INFO     [RAMS] Loading model tiers ...
[0;93m2026-09-08 21:49:53.006609326 [W:onnxruntime:Default, device_discovery.cc:164 DiscoverDevicesForPlatform] GPU device discovery failed: device_discovery.cc:89 ReadFileContents Failed to open file: "/sys/class/drm/card0/device/vendor"[m
21:49:53  INFO     [RAMS] YOLOv8-nano ready — ONNX (imgsz=320).
21:49:53  INFO     [RAMS] YOLOv8-small ready — ONNX (imgsz=416).
21:49:54  INFO     [RAMS] YOLOv8-medium ready — ONNX (imgsz=640).
21:49:54  INFO     [RAMS] Controller ready. Policy: safety
21:49:57  INFO     [RAMS] Tier switch: SMALL → NANO  (R=0.655)
21:49:57  INFO     [RAMS] Tier switch: NANO → SMALL  (R=0.655)
21:49:59  INFO     [RAMS] Tier switch: SMALL → NANO  (R=0.703)
21:49:59  INFO     [RAMS] Tier switch: NANO → SMALL  (R=0.678)
21:50:00  INFO     [RAMS] Tier switch: SMALL → NANO  (R=0.675)
21:50:00  INFO     [RAMS] Tier switch: NANO → SMALL  (R=0.596)
21:50:02  INFO     [RAMS] Tier switch: SMALL → NANO  (R=0.612)
21:50:02  INFO     [RAMS] Tier switch: NANO → SMALL  (R=0.596)
21:50:04  INFO     [RAMS] Tier switch: SMALL → NANO  (R=0.618)
21:50:04  INFO     [RAMS] Tier switch: NANO → SMALL  (R=0.602)
21:50:06  INFO     [RAMS] Tier switch: SMALL → NANO  (R=0.608)
21:50:06  INFO     [RAMS] Tier switch: NANO → SMALL  (R=0.629)
21:50:07  INFO     [RAMS] Tier switch: SMALL → NANO  (R=0.648)
21:50:07  INFO     [RAMS] Tier switch: NANO → SMALL  (R=0.596)
21:50:09  INFO     [RAMS] Tier switch: SMALL → NANO  (R=0.629)
21:50:09  INFO     [RAMS] Tier switch: NANO → SMALL  (R=0.626)
[safety, conf=0.25] 100/1500
21:50:12  INFO     [RAMS] Tier switch: SMALL → NANO  (R=0.642)
21:50:12  INFO     [RAMS] Tier switch: NANO → SMALL  (R=0.602)
21:50:13  INFO     [RAMS] Tier switch: SMALL → NANO  (R=0.637)
21:50:13  INFO     [RAMS] Tier switch: NANO → SMALL  (R=0.602)
21:50:14  INFO     [RAMS] Tier switch: SMALL → NANO  (R=0.613)
21:50:14  INFO     [RAMS] Tier switch: NANO → SMALL  (R=0.604)
21:50:15  INFO     [RAMS] Tier switch: SMALL → NANO  (R=0.670)
21:50:16  INFO     [RAMS] Tier switch: NANO → SMALL  (R=0.667)
21:50:17  INFO     [RAMS] Tier switch: SMALL → NANO  (R=0.676)
21:50:17  INFO     [RAMS] Tier switch: NANO → SMALL  (R=0.644)
21:50:17  INFO     [RAMS] Tier switch: SMALL → NANO  (R=0.660)
21:50:18  INFO     [RAMS] Tier switch: NANO → SMALL  (R=0.654)
21:50:19  INFO     [RAMS] Tier switch: SMALL → NANO  (R=0.709)
21:50:19  INFO     [RAMS] Tier switch: NANO → SMALL  (R=0.684)
21:50:20  INFO     [RAMS] Tier switch: SMALL → NANO  (R=0.667)
21:50:20  INFO     [RAMS] Tier switch: NANO → SMALL  (R=0.651)
21:50:21  INFO     [RAMS] Tier switch: SMALL → NANO  (R=0.655)
21:50:21  INFO     [RAMS] Tier switch: NANO → SMALL  (R=0.692)
[safety, conf=0.25] 200/1500
21:50:23  INFO     [RAMS] Tier switch: SMALL → NANO  (R=0.618)
21:50:23  INFO     [RAMS] Tier switch: NANO → SMALL  (R=0.596)
21:50:24  INFO     [RAMS] Tier switch: SMALL → NANO  (R=0.625)
21:50:25  INFO     [RAMS] Tier switch: NANO → SMALL  (R=0.591)
21:50:25  INFO     [RAMS] Tier switch: SMALL → NANO  (R=0.624)
21:50:26  INFO     [RAMS] Tier switch: NANO → SMALL  (R=0.596)
21:50:29  INFO     [RAMS] Tier switch: SMALL → NANO  (R=0.619)
21:50:30  INFO     [RAMS] Tier switch: NANO → SMALL  (R=0.603)
21:50:31  INFO     [RAMS] Tier switch: SMALL → NANO  (R=0.626)
21:50:31  INFO     [RAMS] Tier switch: NANO → SMALL  (R=0.604)
21:50:32  INFO     [RAMS] Tier switch: SMALL → NANO  (R=0.630)
21:50:32  INFO     [RAMS] Tier switch: NANO → SMALL  (R=0.599)
21:50:34  INFO     [RAMS] Tier switch: SMALL → NANO  (R=0.610)
21:50:35  INFO     [RAMS] Tier switch: NANO → SMALL  (R=0.602)
[safety, conf=0.25] 300/1500
21:50:39  INFO     [RAMS] Tier switch: SMALL → NANO  (R=0.655)
21:50:39  INFO     [RAMS] Tier switch: NANO → SMALL  (R=0.648)
21:50:39  INFO     [RAMS] Tier switch: SMALL → NANO  (R=0.696)
21:50:41  INFO     [RAMS] Tier switch: NANO → SMALL  (R=0.661)
21:50:41  INFO     [RAMS] Tier switch: SMALL → NANO  (R=0.661)
21:50:41  INFO     [RAMS] Tier switch: NANO → SMALL  (R=0.669)
21:50:42  INFO     [RAMS] Tier switch: SMALL → NANO  (R=0.679)
21:50:43  INFO     [RAMS] Tier switch: NANO → SMALL  (R=0.651)
21:50:43  INFO     [RAMS] Tier switch: SMALL → NANO  (R=0.681)
21:50:44  INFO     [RAMS] Tier switch: NANO → SMALL  (R=0.602)
[safety, conf=0.25] 400/1500
21:50:46  INFO     [RAMS] Tier switch: SMALL → NANO  (R=0.629)
21:50:46  INFO     [RAMS] Tier switch: NANO → SMALL  (R=0.605)
21:50:46  INFO     [RAMS] Tier switch: SMALL → NANO  (R=0.609)
21:50:47  INFO     [RAMS] Tier switch: NANO → SMALL  (R=0.591)
21:50:48  INFO     [RAMS] Tier switch: SMALL → NANO  (R=0.623)
21:50:48  INFO     [RAMS] Tier switch: NANO → SMALL  (R=0.602)
21:50:54  INFO     [RAMS] Tier switch: SMALL → NANO  (R=0.626)
21:50:55  INFO     [RAMS] Tier switch: NANO → SMALL  (R=0.596)
21:50:56  INFO     [RAMS] Tier switch: SMALL → NANO  (R=0.625)
21:50:57  INFO     [RAMS] Tier switch: NANO → SMALL  (R=0.590)
[safety, conf=0.25] 500/1500
21:50:59  INFO     [RAMS] Tier switch: SMALL → NANO  (R=0.672)
21:50:59  INFO     [RAMS] Tier switch: NANO → SMALL  (R=0.672)
21:51:00  INFO     [RAMS] Tier switch: SMALL → NANO  (R=0.684)
21:51:00  INFO     [RAMS] Tier switch: NANO → SMALL  (R=0.649)
21:51:04  INFO     [RAMS] Tier switch: SMALL → NANO  (R=0.671)
21:51:04  INFO     [RAMS] Tier switch: NANO → SMALL  (R=0.649)
21:51:08  INFO     [RAMS] Tier switch: SMALL → NANO  (R=0.684)
21:51:08  INFO     [RAMS] Tier switch: NANO → SMALL  (R=0.595)
21:51:09  INFO     [RAMS] Tier switch: SMALL → NANO  (R=0.619)
21:51:10  INFO     [RAMS] Tier switch: NANO → SMALL  (R=0.605)
21:51:10  INFO     [RAMS] Tier switch: SMALL → NANO  (R=0.612)
21:51:11  INFO     [RAMS] Tier switch: NANO → SMALL  (R=0.599)
[safety, conf=0.25] 600/1500
21:51:13  INFO     [RAMS] Tier switch: SMALL → NANO  (R=0.621)
21:51:14  INFO     [RAMS] Tier switch: NANO → SMALL  (R=0.605)
21:51:14  INFO     [RAMS] Tier switch: SMALL → NANO  (R=0.692)
21:51:14  INFO     [RAMS] Tier switch: NANO → SMALL  (R=0.581)
21:51:16  INFO     [RAMS] Tier switch: SMALL → NANO  (R=0.618)
21:51:16  INFO     [RAMS] Tier switch: NANO → SMALL  (R=0.621)
21:51:17  INFO     [RAMS] Tier switch: SMALL → NANO  (R=0.692)
21:51:17  INFO     [RAMS] Tier switch: NANO → SMALL  (R=0.587)
21:51:19  INFO     [RAMS] Tier switch: SMALL → NANO  (R=0.692)
21:51:19  INFO     [RAMS] Tier switch: NANO → SMALL  (R=0.624)
21:51:20  INFO     [RAMS] Tier switch: SMALL → NANO  (R=0.697)
21:51:20  INFO     [RAMS] Tier switch: NANO → SMALL  (R=0.697)
21:51:24  INFO     [RAMS] Tier switch: SMALL → NANO  (R=0.691)
21:51:25  INFO     [RAMS] Tier switch: NANO → SMALL  (R=0.661)
21:51:25  INFO     [RAMS] Tier switch: SMALL → NANO  (R=0.720)
[safety, conf=0.25] 700/1500
21:51:25  INFO     [RAMS] Tier switch: NANO → SMALL  (R=0.662)
21:51:26  INFO     [RAMS] Tier switch: SMALL → NANO  (R=0.667)
21:51:27  INFO     [RAMS] Tier switch: NANO → SMALL  (R=0.657)
21:51:27  INFO     [RAMS] Tier switch: SMALL → NANO  (R=0.685)
21:51:27  INFO     [RAMS] Tier switch: NANO → SMALL  (R=0.603)
21:51:30  INFO     [RAMS] Tier switch: SMALL → NANO  (R=0.609)
21:51:30  INFO     [RAMS] Tier switch: NANO → SMALL  (R=0.596)
21:51:31  INFO     [RAMS] Tier switch: SMALL → NANO  (R=0.612)
21:51:31  INFO     [RAMS] Tier switch: NANO → SMALL  (R=0.600)
21:51:31  INFO     [RAMS] Tier switch: SMALL → NANO  (R=0.625)
21:51:32  INFO     [RAMS] Tier switch: NANO → SMALL  (R=0.609)
21:51:32  INFO     [RAMS] Tier switch: SMALL → NANO  (R=0.629)
21:51:33  INFO     [RAMS] Tier switch: NANO → SMALL  (R=0.600)
21:51:37  INFO     [RAMS] Tier switch: SMALL → NANO  (R=0.622)
[safety, conf=0.25] 800/1500
21:51:37  INFO     [RAMS] Tier switch: NANO → SMALL  (R=0.600)
21:51:39  INFO     [RAMS] Tier switch: SMALL → NANO  (R=0.617)
21:51:39  INFO     [RAMS] Tier switch: NANO → SMALL  (R=0.600)
21:51:47  INFO     [RAMS] Tier switch: SMALL → NANO  (R=0.696)
21:51:47  INFO     [RAMS] Tier switch: NANO → SMALL  (R=0.696)
21:51:48  INFO     [RAMS] Tier switch: SMALL → NANO  (R=0.678)
21:51:48  INFO     [RAMS] Tier switch: NANO → SMALL  (R=0.668)
21:51:50  INFO     [RAMS] Tier switch: SMALL → NANO  (R=0.627)
21:51:50  INFO     [RAMS] Tier switch: NANO → SMALL  (R=0.602)
21:51:51  INFO     [RAMS] Tier switch: SMALL → NANO  (R=0.635)
21:51:51  INFO     [RAMS] Tier switch: NANO → SMALL  (R=0.635)
[safety, conf=0.25] 900/1500
21:51:53  INFO     [RAMS] Tier switch: SMALL → NANO  (R=0.625)
21:51:53  INFO     [RAMS] Tier switch: NANO → SMALL  (R=0.608)
21:51:54  INFO     [RAMS] Tier switch: SMALL → NANO  (R=0.625)
21:51:54  INFO     [RAMS] Tier switch: NANO → SMALL  (R=0.625)
21:51:58  INFO     [RAMS] Tier switch: SMALL → NANO  (R=0.612)
21:51:58  INFO     [RAMS] Tier switch: NANO → SMALL  (R=0.615)
21:51:59  INFO     [RAMS] Tier switch: SMALL → NANO  (R=0.625)
21:51:59  INFO     [RAMS] Tier switch: NANO → SMALL  (R=0.625)
21:52:01  INFO     [RAMS] Tier switch: SMALL → NANO  (R=0.626)
21:52:01  INFO     [RAMS] Tier switch: NANO → SMALL  (R=0.596)
21:52:02  INFO     [RAMS] Tier switch: SMALL → NANO  (R=0.634)
21:52:02  INFO     [RAMS] Tier switch: NANO → SMALL  (R=0.634)
21:52:02  INFO     [RAMS] Tier switch: SMALL → NANO  (R=0.607)
21:52:03  INFO     [RAMS] Tier switch: NANO → SMALL  (R=0.591)
[safety, conf=0.25] 1000/1500
21:52:05  INFO     [RAMS] Tier switch: SMALL → NANO  (R=0.708)
21:52:06  INFO     [RAMS] Tier switch: NANO → SMALL  (R=0.638)
21:52:09  INFO     [RAMS] Tier switch: SMALL → NANO  (R=0.672)
21:52:09  INFO     [RAMS] Tier switch: NANO → SMALL  (R=0.666)
21:52:09  INFO     [RAMS] Tier switch: SMALL → NANO  (R=0.679)
21:52:09  INFO     [RAMS] Tier switch: NANO → SMALL  (R=0.679)
21:52:10  INFO     [RAMS] Tier switch: SMALL → NANO  (R=0.673)
21:52:11  INFO     [RAMS] Tier switch: NANO → SMALL  (R=0.657)
21:52:11  INFO     [RAMS] Tier switch: SMALL → NANO  (R=0.663)
21:52:12  INFO     [RAMS] Tier switch: NANO → SMALL  (R=0.607)
21:52:13  INFO     [RAMS] Tier switch: SMALL → NANO  (R=0.632)
21:52:13  INFO     [RAMS] Tier switch: NANO → SMALL  (R=0.600)
21:52:15  INFO     [RAMS] Tier switch: SMALL → NANO  (R=0.632)
21:52:16  INFO     [RAMS] Tier switch: NANO → SMALL  (R=0.602)
[safety, conf=0.25] 1100/1500
21:52:18  INFO     [RAMS] Tier switch: SMALL → NANO  (R=0.615)
21:52:18  INFO     [RAMS] Tier switch: NANO → SMALL  (R=0.611)
21:52:25  INFO     [RAMS] Tier switch: SMALL → NANO  (R=0.621)
21:52:25  INFO     [RAMS] Tier switch: NANO → SMALL  (R=0.602)
21:52:26  INFO     [RAMS] Tier switch: SMALL → NANO  (R=0.617)
21:52:26  INFO     [RAMS] Tier switch: NANO → SMALL  (R=0.608)
21:52:27  INFO     [RAMS] Tier switch: SMALL → NANO  (R=0.689)
21:52:27  INFO     [RAMS] Tier switch: NANO → SMALL  (R=0.689)
21:52:29  INFO     [RAMS] Tier switch: SMALL → NANO  (R=0.708)
21:52:30  INFO     [RAMS] Tier switch: NANO → SMALL  (R=0.663)
[safety, conf=0.25] 1200/1500
21:52:31  INFO     [RAMS] Tier switch: SMALL → NANO  (R=0.678)
21:52:31  INFO     [RAMS] Tier switch: NANO → SMALL  (R=0.620)
21:52:32  INFO     [RAMS] Tier switch: SMALL → NANO  (R=0.709)
21:52:32  INFO     [RAMS] Tier switch: NANO → SMALL  (R=0.709)
21:52:33  INFO     [RAMS] Tier switch: SMALL → NANO  (R=0.644)
21:52:33  INFO     [RAMS] Tier switch: NANO → SMALL  (R=0.651)
21:52:35  INFO     [RAMS] Tier switch: SMALL → NANO  (R=0.629)
21:52:35  INFO     [RAMS] Tier switch: NANO → SMALL  (R=0.603)
21:52:36  INFO     [RAMS] Tier switch: SMALL → NANO  (R=0.617)
21:52:36  INFO     [RAMS] Tier switch: NANO → SMALL  (R=0.600)
21:52:37  INFO     [RAMS] Tier switch: SMALL → NANO  (R=0.631)
21:52:37  INFO     [RAMS] Tier switch: NANO → SMALL  (R=0.603)
21:52:38  INFO     [RAMS] Tier switch: SMALL → NANO  (R=0.619)
21:52:39  INFO     [RAMS] Tier switch: NANO → SMALL  (R=0.599)
[safety, conf=0.25] 1300/1500
21:52:44  INFO     [RAMS] Tier switch: SMALL → NANO  (R=0.618)
21:52:44  INFO     [RAMS] Tier switch: NANO → SMALL  (R=0.603)
21:52:44  INFO     [RAMS] Tier switch: SMALL → NANO  (R=0.613)
21:52:45  INFO     [RAMS] Tier switch: NANO → SMALL  (R=0.602)
21:52:50  INFO     [RAMS] Tier switch: SMALL → NANO  (R=0.678)
21:52:50  INFO     [RAMS] Tier switch: NANO → SMALL  (R=0.648)
21:52:50  INFO     [RAMS] Tier switch: SMALL → NANO  (R=0.666)
21:52:51  INFO     [RAMS] Tier switch: NANO → SMALL  (R=0.689)
21:52:53  INFO     [RAMS] Tier switch: SMALL → NANO  (R=0.644)
21:52:53  INFO     [RAMS] Tier switch: NANO → SMALL  (R=0.648)
21:52:54  INFO     [RAMS] Tier switch: SMALL → NANO  (R=0.662)
21:52:54  INFO     [RAMS] Tier switch: NANO → SMALL  (R=0.644)
[safety, conf=0.25] 1400/1500
21:52:58  INFO     [RAMS] Tier switch: SMALL → NANO  (R=0.625)
21:52:58  INFO     [RAMS] Tier switch: NANO → SMALL  (R=0.606)
21:52:59  INFO     [RAMS] Tier switch: SMALL → NANO  (R=0.624)
21:52:59  INFO     [RAMS] Tier switch: NANO → SMALL  (R=0.659)
21:53:01  INFO     [RAMS] Tier switch: SMALL → NANO  (R=0.607)
21:53:01  INFO     [RAMS] Tier switch: NANO → SMALL  (R=0.607)
21:53:02  INFO     [RAMS] Tier switch: SMALL → NANO  (R=0.609)
21:53:02  INFO     [RAMS] Tier switch: NANO → SMALL  (R=0.595)
21:53:04  INFO     [RAMS] Tier switch: SMALL → NANO  (R=0.623)
21:53:04  INFO     [RAMS] Tier switch: NANO → SMALL  (R=0.602)
21:53:05  INFO     [RAMS] Tier switch: SMALL → NANO  (R=0.623)
21:53:05  INFO     [RAMS] Tier switch: NANO → SMALL  (R=0.623)
21:53:06  INFO     [RAMS] Tier switch: SMALL → NANO  (R=0.624)
21:53:06  INFO     [RAMS] Tier switch: NANO → SMALL  (R=0.603)
21:53:08  INFO     [RAMS] Tier switch: SMALL → NANO  (R=0.613)
[safety, conf=0.25] 1500/1500
21:53:08  INFO     [RAMS] Controller stopped.
21:53:09  INFO     [RAMS] Starting resource monitor ...
21:53:09  INFO     [RAMS] Loading model tiers ...
21:53:09  INFO     [RAMS] YOLOv8-nano ready — ONNX (imgsz=320).
21:53:09  INFO     [RAMS] YOLOv8-small ready — ONNX (imgsz=416).
21:53:10  INFO     [RAMS] YOLOv8-medium ready — ONNX (imgsz=640).
21:53:10  INFO     [RAMS] Controller ready. Policy: safety
21:53:11  INFO     [RAMS] Tier switch: SMALL → NANO  (R=0.714)
21:53:11  INFO     [RAMS] Tier switch: NANO → SMALL  (R=0.698)
21:53:13  INFO     [RAMS] Tier switch: SMALL → NANO  (R=0.668)
21:53:13  INFO     [RAMS] Tier switch: NANO → SMALL  (R=0.702)
21:53:13  INFO     [RAMS] Tier switch: SMALL → NANO  (R=0.715)
21:53:14  INFO     [RAMS] Tier switch: NANO → SMALL  (R=0.642)
21:53:14  INFO     [RAMS] Tier switch: SMALL → NANO  (R=0.696)
21:53:15  INFO     [RAMS] Tier switch: NANO → SMALL  (R=0.704)
21:53:16  INFO     [RAMS] Tier switch: SMALL → NANO  (R=0.644)
21:53:16  INFO     [RAMS] Tier switch: NANO → SMALL  (R=0.678)
21:53:17  INFO     [RAMS] Tier switch: SMALL → NANO  (R=0.661)
21:53:18  INFO     [RAMS] Tier switch: NANO → SMALL  (R=0.643)
21:53:18  INFO     [RAMS] Tier switch: SMALL → NANO  (R=0.636)
21:53:19  INFO     [RAMS] Tier switch: NANO → SMALL  (R=0.595)
[safety, conf=0.40] 100/1500
21:53:22  INFO     [RAMS] Tier switch: SMALL → NANO  (R=0.632)
21:53:22  INFO     [RAMS] Tier switch: NANO → SMALL  (R=0.602)
21:53:25  INFO     [RAMS] Tier switch: SMALL → NANO  (R=0.624)
21:53:25  INFO     [RAMS] Tier switch: NANO → SMALL  (R=0.595)
21:53:26  INFO     [RAMS] Tier switch: SMALL → NANO  (R=0.636)
21:53:26  INFO     [RAMS] Tier switch: NANO → SMALL  (R=0.596)
21:53:27  INFO     [RAMS] Tier switch: SMALL → NANO  (R=0.643)
21:53:27  INFO     [RAMS] Tier switch: NANO → SMALL  (R=0.590)
21:53:30  INFO     [RAMS] Tier switch: SMALL → NANO  (R=0.612)
21:53:30  INFO     [RAMS] Tier switch: NANO → SMALL  (R=0.591)
21:53:31  INFO     [RAMS] Tier switch: SMALL → NANO  (R=0.635)
21:53:31  INFO     [RAMS] Tier switch: NANO → SMALL  (R=0.635)
21:53:32  INFO     [RAMS] Tier switch: SMALL → NANO  (R=0.618)
21:53:32  INFO     [RAMS] Tier switch: NANO → SMALL  (R=0.597)
21:53:32  INFO     [RAMS] Tier switch: SMALL → NANO  (R=0.617)
21:53:33  INFO     [RAMS] Tier switch: NANO → SMALL  (R=0.642)
21:53:33  INFO     [RAMS] Tier switch: SMALL → NANO  (R=0.719)
[safety, conf=0.40] 200/1500
21:53:34  INFO     [RAMS] Tier switch: NANO → SMALL  (R=0.669)
21:53:36  INFO     [RAMS] Tier switch: SMALL → NANO  (R=0.685)
21:53:36  INFO     [RAMS] Tier switch: NANO → SMALL  (R=0.639)
21:53:37  INFO     [RAMS] Tier switch: SMALL → NANO  (R=0.686)
21:53:37  INFO     [RAMS] Tier switch: NANO → SMALL  (R=0.656)
21:53:37  INFO     [RAMS] Tier switch: SMALL → NANO  (R=0.704)
21:53:38  INFO     [RAMS] Tier switch: NANO → SMALL  (R=0.665)
21:53:41  INFO     [RAMS] Tier switch: SMALL → NANO  (R=0.619)
21:53:41  INFO     [RAMS] Tier switch: NANO → SMALL  (R=0.607)
21:53:42  INFO     [RAMS] Tier switch: SMALL → NANO  (R=0.618)
21:53:42  INFO     [RAMS] Tier switch: NANO → SMALL  (R=0.597)
21:53:43  INFO     [RAMS] Tier switch: SMALL → NANO  (R=0.618)
21:53:43  INFO     [RAMS] Tier switch: NANO → SMALL  (R=0.596)
21:53:44  INFO     [RAMS] Tier switch: SMALL → NANO  (R=0.609)
21:53:44  INFO     [RAMS] Tier switch: NANO → SMALL  (R=0.596)
21:53:45  INFO     [RAMS] Tier switch: SMALL → NANO  (R=0.631)
[safety, conf=0.40] 300/1500
21:53:45  INFO     [RAMS] Tier switch: NANO → SMALL  (R=0.600)
21:53:46  INFO     [RAMS] Tier switch: SMALL → NANO  (R=0.615)
21:53:46  INFO     [RAMS] Tier switch: NANO → SMALL  (R=0.640)
21:53:48  INFO     [RAMS] Tier switch: SMALL → NANO  (R=0.653)
21:53:49  INFO     [RAMS] Tier switch: NANO → SMALL  (R=0.578)
21:53:50  INFO     [RAMS] Tier switch: SMALL → NANO  (R=0.630)
21:53:51  INFO     [RAMS] Tier switch: NANO → SMALL  (R=0.603)
21:53:53  INFO     [RAMS] Tier switch: SMALL → NANO  (R=0.625)
21:53:53  INFO     [RAMS] Tier switch: NANO → SMALL  (R=0.602)
21:53:54  INFO     [RAMS] Tier switch: SMALL → NANO  (R=0.608)
[safety, conf=0.40] 400/1500
21:53:56  INFO     [RAMS] Tier switch: NANO → SMALL  (R=0.654)
21:53:56  INFO     [RAMS] Tier switch: SMALL → NANO  (R=0.704)
21:53:57  INFO     [RAMS] Tier switch: NANO → SMALL  (R=0.655)
21:53:58  INFO     [RAMS] Tier switch: SMALL → NANO  (R=0.685)
21:53:59  INFO     [RAMS] Tier switch: NANO → SMALL  (R=0.632)
21:53:59  INFO     [RAMS] Tier switch: SMALL → NANO  (R=0.733)
21:54:00  INFO     [RAMS] Tier switch: NANO → SMALL  (R=0.667)
21:54:04  INFO     [RAMS] Tier switch: SMALL → NANO  (R=0.624)
21:54:04  INFO     [RAMS] Tier switch: NANO → SMALL  (R=0.581)
21:54:05  INFO     [RAMS] Tier switch: SMALL → NANO  (R=0.623)
21:54:05  INFO     [RAMS] Tier switch: NANO → SMALL  (R=0.623)
21:54:06  INFO     [RAMS] Tier switch: SMALL → NANO  (R=0.611)
21:54:06  INFO     [RAMS] Tier switch: NANO → SMALL  (R=0.599)
[safety, conf=0.40] 500/1500
21:54:08  INFO     [RAMS] Tier switch: SMALL → NANO  (R=0.632)
21:54:08  INFO     [RAMS] Tier switch: NANO → SMALL  (R=0.653)
21:54:09  INFO     [RAMS] Tier switch: SMALL → NANO  (R=0.631)
21:54:10  INFO     [RAMS] Tier switch: NANO → SMALL  (R=0.607)
21:54:13  INFO     [RAMS] Tier switch: SMALL → NANO  (R=0.609)
21:54:13  INFO     [RAMS] Tier switch: NANO → SMALL  (R=0.604)
21:54:14  INFO     [RAMS] Tier switch: SMALL → NANO  (R=0.608)
21:54:14  INFO     [RAMS] Tier switch: NANO → SMALL  (R=0.602)
21:54:16  INFO     [RAMS] Tier switch: SMALL → NANO  (R=0.634)
21:54:16  INFO     [RAMS] Tier switch: NANO → SMALL  (R=0.590)
21:54:17  INFO     [RAMS] Tier switch: SMALL → NANO  (R=0.653)
21:54:18  INFO     [RAMS] Tier switch: NANO → SMALL  (R=0.694)
[safety, conf=0.40] 600/1500
21:54:22  INFO     [RAMS] Tier switch: SMALL → NANO  (R=0.672)
21:54:22  INFO     [RAMS] Tier switch: NANO → SMALL  (R=0.644)
21:54:24  INFO     [RAMS] Tier switch: SMALL → NANO  (R=0.613)
21:54:24  INFO     [RAMS] Tier switch: NANO → SMALL  (R=0.612)
21:54:25  INFO     [RAMS] Tier switch: SMALL → NANO  (R=0.613)
21:54:25  INFO     [RAMS] Tier switch: NANO → SMALL  (R=0.591)
21:54:27  INFO     [RAMS] Tier switch: SMALL → NANO  (R=0.632)
21:54:27  INFO     [RAMS] Tier switch: NANO → SMALL  (R=0.599)
21:54:27  INFO     [RAMS] Tier switch: SMALL → NANO  (R=0.636)
21:54:27  INFO     [RAMS] Tier switch: NANO → SMALL  (R=0.609)
21:54:28  INFO     [RAMS] Tier switch: SMALL → NANO  (R=0.630)
21:54:28  INFO     [RAMS] Tier switch: NANO → SMALL  (R=0.630)
21:54:31  INFO     [RAMS] Tier switch: SMALL → NANO  (R=0.615)
21:54:31  INFO     [RAMS] Tier switch: NANO → SMALL  (R=0.660)
[safety, conf=0.40] 700/1500
21:54:33  INFO     [RAMS] Tier switch: SMALL → NANO  (R=0.630)
21:54:34  INFO     [RAMS] Tier switch: NANO → SMALL  (R=0.595)
21:54:34  INFO     [RAMS] Tier switch: SMALL → NANO  (R=0.612)
21:54:34  INFO     [RAMS] Tier switch: NANO → SMALL  (R=0.626)
21:54:36  INFO     [RAMS] Tier switch: SMALL → NANO  (R=0.625)
21:54:36  INFO     [RAMS] Tier switch: NANO → SMALL  (R=0.602)
21:54:37  INFO     [RAMS] Tier switch: SMALL → NANO  (R=0.625)
21:54:37  INFO     [RAMS] Tier switch: NANO → SMALL  (R=0.626)
21:54:38  INFO     [RAMS] Tier switch: SMALL → NANO  (R=0.669)
21:54:39  INFO     [RAMS] Tier switch: NANO → SMALL  (R=0.701)
21:54:39  INFO     [RAMS] Tier switch: SMALL → NANO  (R=0.691)
21:54:39  INFO     [RAMS] Tier switch: NANO → SMALL  (R=0.691)
21:54:40  INFO     [RAMS] Tier switch: SMALL → NANO  (R=0.678)
21:54:41  INFO     [RAMS] Tier switch: NANO → SMALL  (R=0.714)
21:54:42  INFO     [RAMS] Tier switch: SMALL → NANO  (R=0.669)
21:54:42  INFO     [RAMS] Tier switch: NANO → SMALL  (R=0.651)
21:54:42  INFO     [RAMS] Tier switch: SMALL → NANO  (R=0.666)
[safety, conf=0.40] 800/1500
21:54:44  INFO     [RAMS] Tier switch: NANO → SMALL  (R=0.649)
21:54:47  INFO     [RAMS] Tier switch: SMALL → NANO  (R=0.625)
21:54:47  INFO     [RAMS] Tier switch: NANO → SMALL  (R=0.602)
21:54:50  INFO     [RAMS] Tier switch: SMALL → NANO  (R=0.619)
21:54:50  INFO     [RAMS] Tier switch: NANO → SMALL  (R=0.593)
21:54:52  INFO     [RAMS] Tier switch: SMALL → NANO  (R=0.631)
21:54:52  INFO     [RAMS] Tier switch: NANO → SMALL  (R=0.609)
21:54:52  INFO     [RAMS] Tier switch: SMALL → NANO  (R=0.621)
21:54:52  INFO     [RAMS] Tier switch: NANO → SMALL  (R=0.612)
21:54:53  INFO     [RAMS] Tier switch: SMALL → NANO  (R=0.631)
21:54:54  INFO     [RAMS] Tier switch: NANO → SMALL  (R=0.596)
21:54:54  INFO     [RAMS] Tier switch: SMALL → NANO  (R=0.609)
21:54:54  INFO     [RAMS] Tier switch: NANO → SMALL  (R=0.600)
[safety, conf=0.40] 900/1500
21:54:56  INFO     [RAMS] Tier switch: SMALL → NANO  (R=0.630)
21:54:56  INFO     [RAMS] Tier switch: NANO → SMALL  (R=0.595)
21:54:56  INFO     [RAMS] Tier switch: SMALL → NANO  (R=0.684)
21:54:57  INFO     [RAMS] Tier switch: NANO → SMALL  (R=0.605)
21:54:58  INFO     [RAMS] Tier switch: SMALL → NANO  (R=0.624)
21:54:58  INFO     [RAMS] Tier switch: NANO → SMALL  (R=0.607)
21:55:00  INFO     [RAMS] Tier switch: SMALL → NANO  (R=0.660)
21:55:00  INFO     [RAMS] Tier switch: NANO → SMALL  (R=0.653)
21:55:01  INFO     [RAMS] Tier switch: SMALL → NANO  (R=0.664)
21:55:01  INFO     [RAMS] Tier switch: NANO → SMALL  (R=0.660)
21:55:04  INFO     [RAMS] Tier switch: SMALL → NANO  (R=0.654)
21:55:04  INFO     [RAMS] Tier switch: NANO → SMALL  (R=0.644)
21:55:05  INFO     [RAMS] Tier switch: SMALL → NANO  (R=0.715)
21:55:06  INFO     [RAMS] Tier switch: NANO → SMALL  (R=0.647)
21:55:06  INFO     [RAMS] Tier switch: SMALL → NANO  (R=0.701)
21:55:06  INFO     [RAMS] Tier switch: NANO → SMALL  (R=0.701)
21:55:07  INFO     [RAMS] Tier switch: SMALL → NANO  (R=0.636)
[safety, conf=0.40] 1000/1500
21:55:07  INFO     [RAMS] Tier switch: NANO → SMALL  (R=0.591)
21:55:08  INFO     [RAMS] Tier switch: SMALL → NANO  (R=0.619)
21:55:08  INFO     [RAMS] Tier switch: NANO → SMALL  (R=0.604)
21:55:08  INFO     [RAMS] Tier switch: SMALL → NANO  (R=0.684)
21:55:09  INFO     [RAMS] Tier switch: NANO → SMALL  (R=0.607)
21:55:10  INFO     [RAMS] Tier switch: SMALL → NANO  (R=0.633)
21:55:10  INFO     [RAMS] Tier switch: NANO → SMALL  (R=0.583)
21:55:10  INFO     [RAMS] Tier switch: SMALL → NANO  (R=0.619)
21:55:10  INFO     [RAMS] Tier switch: NANO → SMALL  (R=0.684)
21:55:13  INFO     [RAMS] Tier switch: SMALL → NANO  (R=0.614)
21:55:14  INFO     [RAMS] Tier switch: NANO → SMALL  (R=0.609)
21:55:14  INFO     [RAMS] Tier switch: SMALL → NANO  (R=0.621)
21:55:15  INFO     [RAMS] Tier switch: NANO → SMALL  (R=0.603)
21:55:17  INFO     [RAMS] Tier switch: SMALL → NANO  (R=0.615)
21:55:17  INFO     [RAMS] Tier switch: NANO → SMALL  (R=0.601)
21:55:18  INFO     [RAMS] Tier switch: SMALL → NANO  (R=0.619)
21:55:18  INFO     [RAMS] Tier switch: NANO → SMALL  (R=0.619)
[safety, conf=0.40] 1100/1500
21:55:20  INFO     [RAMS] Tier switch: SMALL → NANO  (R=0.624)
21:55:21  INFO     [RAMS] Tier switch: NANO → SMALL  (R=0.607)
21:55:22  INFO     [RAMS] Tier switch: SMALL → NANO  (R=0.661)
21:55:22  INFO     [RAMS] Tier switch: NANO → SMALL  (R=0.692)
21:55:24  INFO     [RAMS] Tier switch: SMALL → NANO  (R=0.703)
21:55:25  INFO     [RAMS] Tier switch: NANO → SMALL  (R=0.657)
21:55:27  INFO     [RAMS] Tier switch: SMALL → NANO  (R=0.658)
21:55:28  INFO     [RAMS] Tier switch: NANO → SMALL  (R=0.650)
21:55:29  INFO     [RAMS] Tier switch: SMALL → NANO  (R=0.658)
21:55:29  INFO     [RAMS] Tier switch: NANO → SMALL  (R=0.593)
21:55:30  INFO     [RAMS] Tier switch: SMALL → NANO  (R=0.613)
21:55:31  INFO     [RAMS] Tier switch: NANO → SMALL  (R=0.603)
[safety, conf=0.40] 1200/1500
21:55:32  INFO     [RAMS] Tier switch: SMALL → NANO  (R=0.626)
21:55:32  INFO     [RAMS] Tier switch: NANO → SMALL  (R=0.595)
21:55:33  INFO     [RAMS] Tier switch: SMALL → NANO  (R=0.623)
21:55:33  INFO     [RAMS] Tier switch: NANO → SMALL  (R=0.603)
21:55:35  INFO     [RAMS] Tier switch: SMALL → NANO  (R=0.636)
21:55:35  INFO     [RAMS] Tier switch: NANO → SMALL  (R=0.657)
21:55:37  INFO     [RAMS] Tier switch: SMALL → NANO  (R=0.686)
21:55:37  INFO     [RAMS] Tier switch: NANO → SMALL  (R=0.686)
21:55:38  INFO     [RAMS] Tier switch: SMALL → NANO  (R=0.617)
21:55:39  INFO     [RAMS] Tier switch: NANO → SMALL  (R=0.600)
21:55:40  INFO     [RAMS] Tier switch: SMALL → NANO  (R=0.625)
21:55:40  INFO     [RAMS] Tier switch: NANO → SMALL  (R=0.591)
21:55:40  INFO     [RAMS] Tier switch: SMALL → NANO  (R=0.623)
21:55:40  INFO     [RAMS] Tier switch: NANO → SMALL  (R=0.623)
21:55:43  INFO     [RAMS] Tier switch: SMALL → NANO  (R=0.696)
21:55:43  INFO     [RAMS] Tier switch: NANO → SMALL  (R=0.696)
[safety, conf=0.40] 1300/1500
21:55:43  INFO     [RAMS] Tier switch: SMALL → NANO  (R=0.613)
21:55:44  INFO     [RAMS] Tier switch: NANO → SMALL  (R=0.608)
21:55:44  INFO     [RAMS] Tier switch: SMALL → NANO  (R=0.684)
21:55:46  INFO     [RAMS] Tier switch: NANO → SMALL  (R=0.644)
21:55:48  INFO     [RAMS] Tier switch: SMALL → NANO  (R=0.678)
21:55:48  INFO     [RAMS] Tier switch: NANO → SMALL  (R=0.649)
21:55:48  INFO     [RAMS] Tier switch: SMALL → NANO  (R=0.662)
21:55:49  INFO     [RAMS] Tier switch: NANO → SMALL  (R=0.632)
21:55:50  INFO     [RAMS] Tier switch: SMALL → NANO  (R=0.662)
21:55:51  INFO     [RAMS] Tier switch: NANO → SMALL  (R=0.667)
[safety, conf=0.40] 1400/1500
21:55:53  INFO     [RAMS] Tier switch: SMALL → NANO  (R=0.607)
21:55:53  INFO     [RAMS] Tier switch: NANO → SMALL  (R=0.597)
21:55:54  INFO     [RAMS] Tier switch: SMALL → NANO  (R=0.618)
21:55:54  INFO     [RAMS] Tier switch: NANO → SMALL  (R=0.590)
21:55:55  INFO     [RAMS] Tier switch: SMALL → NANO  (R=0.625)
21:55:55  INFO     [RAMS] Tier switch: NANO → SMALL  (R=0.587)
21:55:58  INFO     [RAMS] Tier switch: SMALL → NANO  (R=0.612)
21:55:58  INFO     [RAMS] Tier switch: NANO → SMALL  (R=0.603)
21:56:00  INFO     [RAMS] Tier switch: SMALL → NANO  (R=0.624)
21:56:00  INFO     [RAMS] Tier switch: NANO → SMALL  (R=0.602)
21:56:02  INFO     [RAMS] Tier switch: SMALL → NANO  (R=0.609)
21:56:03  INFO     [RAMS] Tier switch: NANO → SMALL  (R=0.596)
[safety, conf=0.40] 1500/1500
21:56:05  INFO     [RAMS] Controller stopped.
21:56:05  INFO     [RAMS] Starting resource monitor ...
21:56:05  INFO     [RAMS] Loading model tiers ...
21:56:05  INFO     [RAMS] YOLOv8-nano ready — ONNX (imgsz=320).
21:56:05  INFO     [RAMS] YOLOv8-small ready — ONNX (imgsz=416).
21:56:06  INFO     [RAMS] YOLOv8-medium ready — ONNX (imgsz=640).
21:56:06  INFO     [RAMS] Controller ready. Policy: safety2
21:56:08  INFO     [RAMS] Tier switch: SMALL → NANO  (R=0.683)
21:56:08  INFO     [RAMS] Tier switch: NANO → MEDIUM  (R=0.683)
21:56:10  INFO     [RAMS] Tier switch: MEDIUM → SMALL  (R=0.673)
21:56:11  INFO     [RAMS] Tier switch: SMALL → MEDIUM  (R=0.673)
21:56:12  INFO     [RAMS] Tier switch: MEDIUM → NANO  (R=0.674)
21:56:13  INFO     [RAMS] Tier switch: NANO → MEDIUM  (R=0.680)
21:56:15  INFO     [RAMS] Tier switch: MEDIUM → NANO  (R=0.621)
21:56:15  INFO     [RAMS] Tier switch: NANO → MEDIUM  (R=0.601)
21:56:18  INFO     [RAMS] Tier switch: MEDIUM → NANO  (R=0.631)
21:56:18  INFO     [RAMS] Tier switch: NANO → SMALL  (R=0.631)
21:56:19  INFO     [RAMS] Tier switch: SMALL → MEDIUM  (R=0.646)
21:56:21  INFO     [RAMS] Tier switch: MEDIUM → SMALL  (R=0.619)
21:56:22  INFO     [RAMS] Tier switch: SMALL → MEDIUM  (R=0.654)
21:56:23  INFO     [RAMS] Tier switch: MEDIUM → NANO  (R=0.638)
21:56:23  INFO     [RAMS] Tier switch: NANO → MEDIUM  (R=0.599)
21:56:26  INFO     [RAMS] Tier switch: MEDIUM → NANO  (R=0.690)
21:56:26  INFO     [RAMS] Tier switch: NANO → MEDIUM  (R=0.607)
21:56:28  INFO     [RAMS] Tier switch: MEDIUM → NANO  (R=0.702)
21:56:29  INFO     [RAMS] Tier switch: NANO → SMALL  (R=0.642)
21:56:29  INFO     [RAMS] Tier switch: SMALL → MEDIUM  (R=0.662)
21:56:30  INFO     [RAMS] Tier switch: MEDIUM → NANO  (R=0.698)
21:56:31  INFO     [RAMS] Tier switch: NANO → SMALL  (R=0.640)
21:56:31  INFO     [RAMS] Tier switch: SMALL → MEDIUM  (R=0.679)
21:56:34  INFO     [RAMS] Tier switch: MEDIUM → SMALL  (R=0.680)
[safety2, conf=0.25] 100/1500
21:56:35  INFO     [RAMS] Tier switch: SMALL → NANO  (R=0.616)
21:56:36  INFO     [RAMS] Tier switch: NANO → SMALL  (R=0.648)
21:56:36  INFO     [RAMS] Tier switch: SMALL → MEDIUM  (R=0.601)
21:56:39  INFO     [RAMS] Tier switch: MEDIUM → NANO  (R=0.626)
21:56:39  INFO     [RAMS] Tier switch: NANO → SMALL  (R=0.626)
21:56:40  INFO     [RAMS] Tier switch: SMALL → NANO  (R=0.672)
21:56:40  INFO     [RAMS] Tier switch: NANO → MEDIUM  (R=0.613)
21:56:42  INFO     [RAMS] Tier switch: MEDIUM → NANO  (R=0.625)
21:56:42  INFO     [RAMS] Tier switch: NANO → SMALL  (R=0.592)
21:56:43  INFO     [RAMS] Tier switch: SMALL → NANO  (R=0.616)
21:56:43  INFO     [RAMS] Tier switch: NANO → SMALL  (R=0.601)
21:56:44  INFO     [RAMS] Tier switch: SMALL → MEDIUM  (R=0.691)
21:56:44  INFO     [RAMS] Tier switch: MEDIUM → SMALL  (R=0.623)
21:56:45  INFO     [RAMS] Tier switch: SMALL → NANO  (R=0.614)
21:56:45  INFO     [RAMS] Tier switch: NANO → MEDIUM  (R=0.601)
21:56:48  INFO     [RAMS] Tier switch: MEDIUM → SMALL  (R=0.638)
21:56:49  INFO     [RAMS] Tier switch: SMALL → MEDIUM  (R=0.634)
21:56:51  INFO     [RAMS] Tier switch: MEDIUM → NANO  (R=0.650)
21:56:52  INFO     [RAMS] Tier switch: NANO → SMALL  (R=0.641)
21:56:52  INFO     [RAMS] Tier switch: SMALL → MEDIUM  (R=0.685)
21:56:54  INFO     [RAMS] Tier switch: MEDIUM → NANO  (R=0.708)
21:56:54  INFO     [RAMS] Tier switch: NANO → MEDIUM  (R=0.650)
21:56:56  INFO     [RAMS] Tier switch: MEDIUM → NANO  (R=0.631)
21:56:57  INFO     [RAMS] Tier switch: NANO → SMALL  (R=0.638)
21:56:58  INFO     [RAMS] Tier switch: SMALL → NANO  (R=0.667)
21:56:58  INFO     [RAMS] Tier switch: NANO → MEDIUM  (R=0.639)
21:57:00  INFO     [RAMS] Tier switch: MEDIUM → SMALL  (R=0.623)
21:57:00  INFO     [RAMS] Tier switch: SMALL → MEDIUM  (R=0.626)
21:57:02  INFO     [RAMS] Tier switch: MEDIUM → NANO  (R=0.646)
[safety2, conf=0.25] 200/1500
21:57:02  INFO     [RAMS] Tier switch: NANO → SMALL  (R=0.602)
21:57:03  INFO     [RAMS] Tier switch: SMALL → NANO  (R=0.609)
21:57:03  INFO     [RAMS] Tier switch: NANO → MEDIUM  (R=0.609)
21:57:05  INFO     [RAMS] Tier switch: MEDIUM → NANO  (R=0.618)
21:57:06  INFO     [RAMS] Tier switch: NANO → MEDIUM  (R=0.648)
21:57:08  INFO     [RAMS] Tier switch: MEDIUM → NANO  (R=0.631)
21:57:08  INFO     [RAMS] Tier switch: NANO → SMALL  (R=0.589)
21:57:08  INFO     [RAMS] Tier switch: SMALL → MEDIUM  (R=0.622)
21:57:09  INFO     [RAMS] Tier switch: MEDIUM → NANO  (R=0.633)
21:57:09  INFO     [RAMS] Tier switch: NANO → SMALL  (R=0.601)
21:57:10  INFO     [RAMS] Tier switch: SMALL → NANO  (R=0.620)
21:57:11  INFO     [RAMS] Tier switch: NANO → SMALL  (R=0.604)
21:57:12  INFO     [RAMS] Tier switch: SMALL → NANO  (R=0.686)
21:57:13  INFO     [RAMS] Tier switch: NANO → SMALL  (R=0.648)
21:57:13  INFO     [RAMS] Tier switch: SMALL → NANO  (R=0.664)
21:57:14  INFO     [RAMS] Tier switch: NANO → MEDIUM  (R=0.656)
21:57:16  INFO     [RAMS] Tier switch: MEDIUM → NANO  (R=0.669)
[safety2, conf=0.25] 300/1500
21:57:17  INFO     [RAMS] Tier switch: NANO → MEDIUM  (R=0.662)
21:57:19  INFO     [RAMS] Tier switch: MEDIUM → NANO  (R=0.643)
21:57:20  INFO     [RAMS] Tier switch: NANO → SMALL  (R=0.609)
21:57:20  INFO     [RAMS] Tier switch: SMALL → MEDIUM  (R=0.625)
21:57:21  INFO     [RAMS] Tier switch: MEDIUM → NANO  (R=0.621)
21:57:21  INFO     [RAMS] Tier switch: NANO → SMALL  (R=0.621)
21:57:22  INFO     [RAMS] Tier switch: SMALL → NANO  (R=0.620)
21:57:22  INFO     [RAMS] Tier switch: NANO → MEDIUM  (R=0.607)
21:57:25  INFO     [RAMS] Tier switch: MEDIUM → NANO  (R=0.625)
21:57:25  INFO     [RAMS] Tier switch: NANO → SMALL  (R=0.595)
21:57:27  INFO     [RAMS] Tier switch: SMALL → NANO  (R=0.631)
21:57:27  INFO     [RAMS] Tier switch: NANO → MEDIUM  (R=0.607)
21:57:29  INFO     [RAMS] Tier switch: MEDIUM → NANO  (R=0.631)
21:57:30  INFO     [RAMS] Tier switch: NANO → MEDIUM  (R=0.613)
21:57:32  INFO     [RAMS] Tier switch: MEDIUM → SMALL  (R=0.626)
21:57:33  INFO     [RAMS] Tier switch: SMALL → NANO  (R=0.635)
21:57:33  INFO     [RAMS] Tier switch: NANO → MEDIUM  (R=0.613)
21:57:35  INFO     [RAMS] Tier switch: MEDIUM → NANO  (R=0.676)
[safety2, conf=0.25] 400/1500
21:57:37  INFO     [RAMS] Tier switch: NANO → MEDIUM  (R=0.667)
21:57:40  INFO     [RAMS] Tier switch: MEDIUM → NANO  (R=0.716)
21:57:40  INFO     [RAMS] Tier switch: NANO → MEDIUM  (R=0.667)
21:57:42  INFO     [RAMS] Tier switch: MEDIUM → NANO  (R=0.633)
21:57:42  INFO     [RAMS] Tier switch: NANO → MEDIUM  (R=0.611)
21:57:44  INFO     [RAMS] Tier switch: MEDIUM → NANO  (R=0.631)
21:57:45  INFO     [RAMS] Tier switch: NANO → SMALL  (R=0.607)
21:57:45  INFO     [RAMS] Tier switch: SMALL → MEDIUM  (R=0.621)
21:57:47  INFO     [RAMS] Tier switch: MEDIUM → SMALL  (R=0.638)
21:57:48  INFO     [RAMS] Tier switch: SMALL → NANO  (R=0.618)
21:57:48  INFO     [RAMS] Tier switch: NANO → MEDIUM  (R=0.680)
21:57:50  INFO     [RAMS] Tier switch: MEDIUM → NANO  (R=0.627)
21:57:50  INFO     [RAMS] Tier switch: NANO → MEDIUM  (R=0.586)
21:57:52  INFO     [RAMS] Tier switch: MEDIUM → SMALL  (R=0.634)
21:57:52  INFO     [RAMS] Tier switch: SMALL → MEDIUM  (R=0.615)
21:57:54  INFO     [RAMS] Tier switch: MEDIUM → SMALL  (R=0.627)
21:57:54  INFO     [RAMS] Tier switch: SMALL → MEDIUM  (R=0.616)
21:57:56  INFO     [RAMS] Tier switch: MEDIUM → NANO  (R=0.679)
21:57:56  INFO     [RAMS] Tier switch: NANO → SMALL  (R=0.649)
21:57:56  INFO     [RAMS] Tier switch: SMALL → NANO  (R=0.673)
21:57:57  INFO     [RAMS] Tier switch: NANO → MEDIUM  (R=0.680)
21:57:59  INFO     [RAMS] Tier switch: MEDIUM → NANO  (R=0.685)
21:57:59  INFO     [RAMS] Tier switch: NANO → SMALL  (R=0.657)
21:58:00  INFO     [RAMS] Tier switch: SMALL → MEDIUM  (R=0.685)
21:58:01  INFO     [RAMS] Tier switch: MEDIUM → NANO  (R=0.698)
21:58:01  INFO     [RAMS] Tier switch: NANO → SMALL  (R=0.638)
21:58:01  INFO     [RAMS] Tier switch: SMALL → NANO  (R=0.657)
21:58:02  INFO     [RAMS] Tier switch: NANO → SMALL  (R=0.667)
21:58:02  INFO     [RAMS] Tier switch: SMALL → MEDIUM  (R=0.620)
21:58:05  INFO     [RAMS] Tier switch: MEDIUM → NANO  (R=0.638)
21:58:05  INFO     [RAMS] Tier switch: NANO → SMALL  (R=0.678)
[safety2, conf=0.25] 500/1500
21:58:06  INFO     [RAMS] Tier switch: SMALL → NANO  (R=0.616)
21:58:06  INFO     [RAMS] Tier switch: NANO → MEDIUM  (R=0.673)
21:58:08  INFO     [RAMS] Tier switch: MEDIUM → NANO  (R=0.631)
21:58:08  INFO     [RAMS] Tier switch: NANO → SMALL  (R=0.594)
21:58:09  INFO     [RAMS] Tier switch: SMALL → NANO  (R=0.686)
21:58:09  INFO     [RAMS] Tier switch: NANO → MEDIUM  (R=0.607)
21:58:11  INFO     [RAMS] Tier switch: MEDIUM → NANO  (R=0.638)
21:58:11  INFO     [RAMS] Tier switch: NANO → MEDIUM  (R=0.593)
21:58:13  INFO     [RAMS] Tier switch: MEDIUM → NANO  (R=0.631)
21:58:13  INFO     [RAMS] Tier switch: NANO → SMALL  (R=0.595)
21:58:15  INFO     [RAMS] Tier switch: SMALL → NANO  (R=0.625)
21:58:15  INFO     [RAMS] Tier switch: NANO → MEDIUM  (R=0.606)
21:58:17  INFO     [RAMS] Tier switch: MEDIUM → SMALL  (R=0.692)
21:58:18  INFO     [RAMS] Tier switch: SMALL → MEDIUM  (R=0.670)
21:58:20  INFO     [RAMS] Tier switch: MEDIUM → SMALL  (R=0.661)
21:58:21  INFO     [RAMS] Tier switch: SMALL → NANO  (R=0.671)
21:58:21  INFO     [RAMS] Tier switch: NANO → SMALL  (R=0.639)
21:58:22  INFO     [RAMS] Tier switch: SMALL → MEDIUM  (R=0.662)
21:58:24  INFO     [RAMS] Tier switch: MEDIUM → SMALL  (R=0.626)
21:58:25  INFO     [RAMS] Tier switch: SMALL → NANO  (R=0.643)
21:58:25  INFO     [RAMS] Tier switch: NANO → SMALL  (R=0.602)
21:58:25  INFO     [RAMS] Tier switch: SMALL → MEDIUM  (R=0.626)
21:58:27  INFO     [RAMS] Tier switch: MEDIUM → NANO  (R=0.633)
21:58:27  INFO     [RAMS] Tier switch: NANO → SMALL  (R=0.595)
21:58:28  INFO     [RAMS] Tier switch: SMALL → NANO  (R=0.636)
21:58:28  INFO     [RAMS] Tier switch: NANO → MEDIUM  (R=0.604)
[safety2, conf=0.25] 600/1500
21:58:33  INFO     [RAMS] Tier switch: MEDIUM → NANO  (R=0.626)
21:58:33  INFO     [RAMS] Tier switch: NANO → MEDIUM  (R=0.609)
21:58:35  INFO     [RAMS] Tier switch: MEDIUM → NANO  (R=0.626)
21:58:35  INFO     [RAMS] Tier switch: NANO → MEDIUM  (R=0.607)
21:58:38  INFO     [RAMS] Tier switch: MEDIUM → NANO  (R=0.677)
21:58:38  INFO     [RAMS] Tier switch: NANO → SMALL  (R=0.594)
21:58:39  INFO     [RAMS] Tier switch: SMALL → NANO  (R=0.636)
21:58:39  INFO     [RAMS] Tier switch: NANO → SMALL  (R=0.667)
21:58:39  INFO     [RAMS] Tier switch: SMALL → MEDIUM  (R=0.613)
21:58:41  INFO     [RAMS] Tier switch: MEDIUM → NANO  (R=0.679)
21:58:41  INFO     [RAMS] Tier switch: NANO → MEDIUM  (R=0.685)
21:58:43  INFO     [RAMS] Tier switch: MEDIUM → SMALL  (R=0.680)
21:58:44  INFO     [RAMS] Tier switch: SMALL → MEDIUM  (R=0.721)
21:58:44  INFO     [RAMS] Tier switch: MEDIUM → NANO  (R=0.669)
21:58:45  INFO     [RAMS] Tier switch: NANO → SMALL  (R=0.716)
21:58:45  INFO     [RAMS] Tier switch: SMALL → NANO  (R=0.679)
21:58:46  INFO     [RAMS] Tier switch: NANO → SMALL  (R=0.660)
21:58:46  INFO     [RAMS] Tier switch: SMALL → MEDIUM  (R=0.691)
21:58:47  INFO     [RAMS] Tier switch: MEDIUM → NANO  (R=0.627)
21:58:47  INFO     [RAMS] Tier switch: NANO → SMALL  (R=0.587)
21:58:48  INFO     [RAMS] Tier switch: SMALL → NANO  (R=0.625)
21:58:48  INFO     [RAMS] Tier switch: NANO → SMALL  (R=0.625)
21:58:50  INFO     [RAMS] Tier switch: SMALL → MEDIUM  (R=0.615)
21:58:52  INFO     [RAMS] Tier switch: MEDIUM → NANO  (R=0.631)
21:58:52  INFO     [RAMS] Tier switch: NANO → SMALL  (R=0.655)
21:58:52  INFO     [RAMS] Tier switch: SMALL → MEDIUM  (R=0.619)
21:58:54  INFO     [RAMS] Tier switch: MEDIUM → NANO  (R=0.636)
21:58:54  INFO     [RAMS] Tier switch: NANO → MEDIUM  (R=0.636)
21:58:56  INFO     [RAMS] Tier switch: MEDIUM → NANO  (R=0.623)
21:58:56  INFO     [RAMS] Tier switch: NANO → SMALL  (R=0.597)
21:58:56  INFO     [RAMS] Tier switch: SMALL → NANO  (R=0.619)
21:58:57  INFO     [RAMS] Tier switch: NANO → MEDIUM  (R=0.618)
21:58:59  INFO     [RAMS] Tier switch: MEDIUM → NANO  (R=0.615)
[safety2, conf=0.25] 700/1500
21:58:59  INFO     [RAMS] Tier switch: NANO → SMALL  (R=0.597)
21:59:00  INFO     [RAMS] Tier switch: SMALL → MEDIUM  (R=0.628)
21:59:02  INFO     [RAMS] Tier switch: MEDIUM → NANO  (R=0.674)
21:59:03  INFO     [RAMS] Tier switch: NANO → SMALL  (R=0.696)
21:59:03  INFO     [RAMS] Tier switch: SMALL → NANO  (R=0.673)
21:59:04  INFO     [RAMS] Tier switch: NANO → MEDIUM  (R=0.656)
21:59:06  INFO     [RAMS] Tier switch: MEDIUM → NANO  (R=0.678)
21:59:07  INFO     [RAMS] Tier switch: NANO → SMALL  (R=0.668)
21:59:09  INFO     [RAMS] Tier switch: SMALL → MEDIUM  (R=0.636)
21:59:11  INFO     [RAMS] Tier switch: MEDIUM → SMALL  (R=0.629)
21:59:12  INFO     [RAMS] Tier switch: SMALL → NANO  (R=0.631)
21:59:12  INFO     [RAMS] Tier switch: NANO → MEDIUM  (R=0.597)
21:59:15  INFO     [RAMS] Tier switch: MEDIUM → NANO  (R=0.631)
21:59:15  INFO     [RAMS] Tier switch: NANO → MEDIUM  (R=0.631)
21:59:17  INFO     [RAMS] Tier switch: MEDIUM → SMALL  (R=0.631)
21:59:18  INFO     [RAMS] Tier switch: SMALL → MEDIUM  (R=0.620)
21:59:21  INFO     [RAMS] Tier switch: MEDIUM → NANO  (R=0.631)
21:59:21  INFO     [RAMS] Tier switch: NANO → MEDIUM  (R=0.673)
21:59:23  INFO     [RAMS] Tier switch: MEDIUM → SMALL  (R=0.691)
21:59:23  INFO     [RAMS] Tier switch: SMALL → NANO  (R=0.654)
[safety2, conf=0.25] 800/1500
21:59:24  INFO     [RAMS] Tier switch: NANO → SMALL  (R=0.662)
21:59:25  INFO     [RAMS] Tier switch: SMALL → NANO  (R=0.693)
21:59:25  INFO     [RAMS] Tier switch: NANO → SMALL  (R=0.685)
21:59:25  INFO     [RAMS] Tier switch: SMALL → NANO  (R=0.661)
21:59:26  INFO     [RAMS] Tier switch: NANO → SMALL  (R=0.661)
21:59:26  INFO     [RAMS] Tier switch: SMALL → MEDIUM  (R=0.703)
21:59:27  INFO     [RAMS] Tier switch: MEDIUM → NANO  (R=0.674)
21:59:27  INFO     [RAMS] Tier switch: NANO → MEDIUM  (R=0.667)
21:59:32  INFO     [RAMS] Tier switch: MEDIUM → SMALL  (R=0.631)
21:59:33  INFO     [RAMS] Tier switch: SMALL → NANO  (R=0.613)
21:59:33  INFO     [RAMS] Tier switch: NANO → SMALL  (R=0.613)
21:59:33  INFO     [RAMS] Tier switch: SMALL → MEDIUM  (R=0.625)
21:59:35  INFO     [RAMS] Tier switch: MEDIUM → NANO  (R=0.671)
21:59:35  INFO     [RAMS] Tier switch: NANO → MEDIUM  (R=0.671)
21:59:42  INFO     [RAMS] Tier switch: MEDIUM → NANO  (R=0.621)
21:59:42  INFO     [RAMS] Tier switch: NANO → MEDIUM  (R=0.660)
21:59:44  INFO     [RAMS] Tier switch: MEDIUM → SMALL  (R=0.631)
21:59:45  INFO     [RAMS] Tier switch: SMALL → NANO  (R=0.708)
21:59:45  INFO     [RAMS] Tier switch: NANO → SMALL  (R=0.693)
21:59:45  INFO     [RAMS] Tier switch: SMALL → NANO  (R=0.666)
21:59:45  INFO     [RAMS] Tier switch: NANO → MEDIUM  (R=0.649)
21:59:48  INFO     [RAMS] Tier switch: MEDIUM → NANO  (R=0.697)
21:59:48  INFO     [RAMS] Tier switch: NANO → SMALL  (R=0.666)
21:59:49  INFO     [RAMS] Tier switch: SMALL → NANO  (R=0.674)
21:59:49  INFO     [RAMS] Tier switch: NANO → MEDIUM  (R=0.655)
21:59:51  INFO     [RAMS] Tier switch: MEDIUM → NANO  (R=0.627)
21:59:51  INFO     [RAMS] Tier switch: NANO → SMALL  (R=0.597)
21:59:52  INFO     [RAMS] Tier switch: SMALL → NANO  (R=0.613)
21:59:52  INFO     [RAMS] Tier switch: NANO → MEDIUM  (R=0.615)
21:59:54  INFO     [RAMS] Tier switch: MEDIUM → NANO  (R=0.614)
21:59:55  INFO     [RAMS] Tier switch: NANO → MEDIUM  (R=0.599)
[safety2, conf=0.25] 900/1500
21:59:59  INFO     [RAMS] Tier switch: MEDIUM → NANO  (R=0.654)
22:00:00  INFO     [RAMS] Tier switch: NANO → SMALL  (R=0.597)
22:00:01  INFO     [RAMS] Tier switch: SMALL → NANO  (R=0.615)
22:00:01  INFO     [RAMS] Tier switch: NANO → SMALL  (R=0.679)
22:00:01  INFO     [RAMS] Tier switch: SMALL → MEDIUM  (R=0.613)
22:00:02  INFO     [RAMS] Tier switch: MEDIUM → SMALL  (R=0.636)
22:00:02  INFO     [RAMS] Tier switch: SMALL → MEDIUM  (R=0.626)
22:00:06  INFO     [RAMS] Tier switch: MEDIUM → NANO  (R=0.665)
22:00:06  INFO     [RAMS] Tier switch: NANO → MEDIUM  (R=0.630)
22:00:12  INFO     [RAMS] Tier switch: MEDIUM → NANO  (R=0.704)
22:00:12  INFO     [RAMS] Tier switch: NANO → SMALL  (R=0.651)
22:00:12  INFO     [RAMS] Tier switch: SMALL → MEDIUM  (R=0.669)
22:00:14  INFO     [RAMS] Tier switch: MEDIUM → NANO  (R=0.679)
22:00:14  INFO     [RAMS] Tier switch: NANO → MEDIUM  (R=0.618)
22:00:18  INFO     [RAMS] Tier switch: MEDIUM → NANO  (R=0.631)
22:00:19  INFO     [RAMS] Tier switch: NANO → MEDIUM  (R=0.597)
22:00:21  INFO     [RAMS] Tier switch: MEDIUM → NANO  (R=0.638)
22:00:21  INFO     [RAMS] Tier switch: NANO → MEDIUM  (R=0.608)
22:00:23  INFO     [RAMS] Tier switch: MEDIUM → NANO  (R=0.631)
22:00:24  INFO     [RAMS] Tier switch: NANO → SMALL  (R=0.602)
22:00:25  INFO     [RAMS] Tier switch: SMALL → NANO  (R=0.631)
22:00:26  INFO     [RAMS] Tier switch: NANO → SMALL  (R=0.569)
22:00:27  INFO     [RAMS] Tier switch: SMALL → NANO  (R=0.613)
[safety2, conf=0.25] 1000/1500
22:00:27  INFO     [RAMS] Tier switch: NANO → MEDIUM  (R=0.604)
22:00:30  INFO     [RAMS] Tier switch: MEDIUM → NANO  (R=0.674)
22:00:30  INFO     [RAMS] Tier switch: NANO → SMALL  (R=0.627)
22:00:31  INFO     [RAMS] Tier switch: SMALL → MEDIUM  (R=0.686)
22:00:33  INFO     [RAMS] Tier switch: MEDIUM → SMALL  (R=0.698)
22:00:35  INFO     [RAMS] Tier switch: SMALL → NANO  (R=0.668)
22:00:35  INFO     [RAMS] Tier switch: NANO → SMALL  (R=0.599)
22:00:36  INFO     [RAMS] Tier switch: SMALL → MEDIUM  (R=0.625)
22:00:39  INFO     [RAMS] Tier switch: MEDIUM → SMALL  (R=0.631)
22:00:40  INFO     [RAMS] Tier switch: SMALL → MEDIUM  (R=0.673)
22:00:41  INFO     [RAMS] Tier switch: MEDIUM → NANO  (R=0.626)
22:00:42  INFO     [RAMS] Tier switch: NANO → MEDIUM  (R=0.650)
22:00:44  INFO     [RAMS] Tier switch: MEDIUM → NANO  (R=0.625)
22:00:44  INFO     [RAMS] Tier switch: NANO → SMALL  (R=0.601)
22:00:45  INFO     [RAMS] Tier switch: SMALL → NANO  (R=0.638)
22:00:45  INFO     [RAMS] Tier switch: NANO → SMALL  (R=0.615)
22:00:46  INFO     [RAMS] Tier switch: SMALL → NANO  (R=0.678)
22:00:46  INFO     [RAMS] Tier switch: NANO → SMALL  (R=0.601)
22:00:46  INFO     [RAMS] Tier switch: SMALL → NANO  (R=0.615)
22:00:47  INFO     [RAMS] Tier switch: NANO → MEDIUM  (R=0.614)
22:00:49  INFO     [RAMS] Tier switch: MEDIUM → NANO  (R=0.638)
22:00:49  INFO     [RAMS] Tier switch: NANO → MEDIUM  (R=0.638)
[safety2, conf=0.25] 1100/1500
22:00:52  INFO     [RAMS] Tier switch: MEDIUM → SMALL  (R=0.678)
22:00:52  INFO     [RAMS] Tier switch: SMALL → NANO  (R=0.657)
22:00:52  INFO     [RAMS] Tier switch: NANO → SMALL  (R=0.657)
22:00:53  INFO     [RAMS] Tier switch: SMALL → NANO  (R=0.691)
22:00:53  INFO     [RAMS] Tier switch: NANO → SMALL  (R=0.654)
22:00:54  INFO     [RAMS] Tier switch: SMALL → MEDIUM  (R=0.673)
22:00:55  INFO     [RAMS] Tier switch: MEDIUM → NANO  (R=0.684)
22:00:55  INFO     [RAMS] Tier switch: NANO → MEDIUM  (R=0.662)
22:00:57  INFO     [RAMS] Tier switch: MEDIUM → NANO  (R=0.633)
22:00:57  INFO     [RAMS] Tier switch: NANO → SMALL  (R=0.598)
22:00:58  INFO     [RAMS] Tier switch: SMALL → MEDIUM  (R=0.608)
22:01:01  INFO     [RAMS] Tier switch: MEDIUM → NANO  (R=0.619)
22:01:01  INFO     [RAMS] Tier switch: NANO → SMALL  (R=0.619)
22:01:02  INFO     [RAMS] Tier switch: SMALL → NANO  (R=0.626)
22:01:02  INFO     [RAMS] Tier switch: NANO → SMALL  (R=0.618)
22:01:03  INFO     [RAMS] Tier switch: SMALL → MEDIUM  (R=0.633)
22:01:08  INFO     [RAMS] Tier switch: MEDIUM → NANO  (R=0.625)
22:01:08  INFO     [RAMS] Tier switch: NANO → MEDIUM  (R=0.613)
22:01:10  INFO     [RAMS] Tier switch: MEDIUM → SMALL  (R=0.625)
22:01:11  INFO     [RAMS] Tier switch: SMALL → NANO  (R=0.613)
22:01:11  INFO     [RAMS] Tier switch: NANO → MEDIUM  (R=0.599)
22:01:13  INFO     [RAMS] Tier switch: MEDIUM → SMALL  (R=0.672)
22:01:14  INFO     [RAMS] Tier switch: SMALL → NANO  (R=0.678)
22:01:14  INFO     [RAMS] Tier switch: NANO → SMALL  (R=0.674)
22:01:15  INFO     [RAMS] Tier switch: SMALL → MEDIUM  (R=0.650)
22:01:17  INFO     [RAMS] Tier switch: MEDIUM → NANO  (R=0.663)
22:01:17  INFO     [RAMS] Tier switch: NANO → SMALL  (R=0.663)
22:01:18  INFO     [RAMS] Tier switch: SMALL → NANO  (R=0.673)
22:01:19  INFO     [RAMS] Tier switch: NANO → MEDIUM  (R=0.666)
[safety2, conf=0.25] 1200/1500
22:01:21  INFO     [RAMS] Tier switch: MEDIUM → SMALL  (R=0.638)
22:01:22  INFO     [RAMS] Tier switch: SMALL → NANO  (R=0.697)
22:01:22  INFO     [RAMS] Tier switch: NANO → MEDIUM  (R=0.697)
22:01:24  INFO     [RAMS] Tier switch: MEDIUM → NANO  (R=0.614)
22:01:24  INFO     [RAMS] Tier switch: NANO → MEDIUM  (R=0.604)
22:01:27  INFO     [RAMS] Tier switch: MEDIUM → NANO  (R=0.629)
22:01:27  INFO     [RAMS] Tier switch: NANO → SMALL  (R=0.629)
22:01:27  INFO     [RAMS] Tier switch: SMALL → MEDIUM  (R=0.614)
22:01:30  INFO     [RAMS] Tier switch: MEDIUM → NANO  (R=0.623)
22:01:30  INFO     [RAMS] Tier switch: NANO → SMALL  (R=0.602)
22:01:31  INFO     [RAMS] Tier switch: SMALL → NANO  (R=0.626)
22:01:31  INFO     [RAMS] Tier switch: NANO → SMALL  (R=0.604)
22:01:33  INFO     [RAMS] Tier switch: SMALL → MEDIUM  (R=0.621)
22:01:34  INFO     [RAMS] Tier switch: MEDIUM → SMALL  (R=0.691)
22:01:34  INFO     [RAMS] Tier switch: SMALL → NANO  (R=0.681)
22:01:35  INFO     [RAMS] Tier switch: NANO → SMALL  (R=0.649)
22:01:35  INFO     [RAMS] Tier switch: SMALL → NANO  (R=0.656)
22:01:36  INFO     [RAMS] Tier switch: NANO → SMALL  (R=0.660)
22:01:37  INFO     [RAMS] Tier switch: SMALL → NANO  (R=0.671)
22:01:37  INFO     [RAMS] Tier switch: NANO → SMALL  (R=0.671)
22:01:38  INFO     [RAMS] Tier switch: SMALL → NANO  (R=0.669)
22:01:38  INFO     [RAMS] Tier switch: NANO → MEDIUM  (R=0.661)
22:01:40  INFO     [RAMS] Tier switch: MEDIUM → NANO  (R=0.662)
22:01:40  INFO     [RAMS] Tier switch: NANO → SMALL  (R=0.681)
22:01:41  INFO     [RAMS] Tier switch: SMALL → MEDIUM  (R=0.631)
22:01:42  INFO     [RAMS] Tier switch: MEDIUM → NANO  (R=0.631)
22:01:42  INFO     [RAMS] Tier switch: NANO → MEDIUM  (R=0.607)
22:01:44  INFO     [RAMS] Tier switch: MEDIUM → SMALL  (R=0.627)
22:01:45  INFO     [RAMS] Tier switch: SMALL → MEDIUM  (R=0.673)
[safety2, conf=0.25] 1300/1500
22:01:47  INFO     [RAMS] Tier switch: MEDIUM → NANO  (R=0.631)
22:01:47  INFO     [RAMS] Tier switch: NANO → SMALL  (R=0.602)
22:01:48  INFO     [RAMS] Tier switch: SMALL → MEDIUM  (R=0.631)
22:01:51  INFO     [RAMS] Tier switch: MEDIUM → NANO  (R=0.631)
22:01:52  INFO     [RAMS] Tier switch: NANO → SMALL  (R=0.585)
22:01:53  INFO     [RAMS] Tier switch: SMALL → NANO  (R=0.658)
22:01:53  INFO     [RAMS] Tier switch: NANO → SMALL  (R=0.614)
22:01:53  INFO     [RAMS] Tier switch: SMALL → MEDIUM  (R=0.626)
22:01:54  INFO     [RAMS] Tier switch: MEDIUM → NANO  (R=0.629)
22:01:54  INFO     [RAMS] Tier switch: NANO → SMALL  (R=0.589)
22:01:55  INFO     [RAMS] Tier switch: SMALL → MEDIUM  (R=0.623)
22:01:58  INFO     [RAMS] Tier switch: MEDIUM → NANO  (R=0.704)
22:01:58  INFO     [RAMS] Tier switch: NANO → MEDIUM  (R=0.649)
22:02:01  INFO     [RAMS] Tier switch: MEDIUM → NANO  (R=0.716)
22:02:01  INFO     [RAMS] Tier switch: NANO → MEDIUM  (R=0.655)
22:02:03  INFO     [RAMS] Tier switch: MEDIUM → NANO  (R=0.623)
22:02:03  INFO     [RAMS] Tier switch: NANO → SMALL  (R=0.590)
22:02:04  INFO     [RAMS] Tier switch: SMALL → MEDIUM  (R=0.627)
22:02:06  INFO     [RAMS] Tier switch: MEDIUM → SMALL  (R=0.631)
22:02:09  INFO     [RAMS] Tier switch: SMALL → MEDIUM  (R=0.636)
22:02:11  INFO     [RAMS] Tier switch: MEDIUM → NANO  (R=0.636)
22:02:11  INFO     [RAMS] Tier switch: NANO → SMALL  (R=0.590)
[safety2, conf=0.25] 1400/1500
22:02:13  INFO     [RAMS] Tier switch: SMALL → NANO  (R=0.615)
22:02:13  INFO     [RAMS] Tier switch: NANO → SMALL  (R=0.595)
22:02:13  INFO     [RAMS] Tier switch: SMALL → MEDIUM  (R=0.620)
22:02:15  INFO     [RAMS] Tier switch: MEDIUM → NANO  (R=0.636)
22:02:15  INFO     [RAMS] Tier switch: NANO → MEDIUM  (R=0.587)
22:02:17  INFO     [RAMS] Tier switch: MEDIUM → NANO  (R=0.661)
22:02:18  INFO     [RAMS] Tier switch: NANO → MEDIUM  (R=0.685)
22:02:21  INFO     [RAMS] Tier switch: MEDIUM → NANO  (R=0.685)
22:02:21  INFO     [RAMS] Tier switch: NANO → SMALL  (R=0.651)
22:02:22  INFO     [RAMS] Tier switch: SMALL → NANO  (R=0.673)
22:02:22  INFO     [RAMS] Tier switch: NANO → MEDIUM  (R=0.673)
22:02:24  INFO     [RAMS] Tier switch: MEDIUM → NANO  (R=0.646)
22:02:24  INFO     [RAMS] Tier switch: NANO → MEDIUM  (R=0.604)
22:02:27  INFO     [RAMS] Tier switch: MEDIUM → NANO  (R=0.655)
22:02:27  INFO     [RAMS] Tier switch: NANO → MEDIUM  (R=0.631)
22:02:29  INFO     [RAMS] Tier switch: MEDIUM → SMALL  (R=0.626)
22:02:30  INFO     [RAMS] Tier switch: SMALL → NANO  (R=0.623)
22:02:30  INFO     [RAMS] Tier switch: NANO → SMALL  (R=0.602)
22:02:31  INFO     [RAMS] Tier switch: SMALL → MEDIUM  (R=0.607)
22:02:32  INFO     [RAMS] Tier switch: MEDIUM → NANO  (R=0.681)
22:02:32  INFO     [RAMS] Tier switch: NANO → SMALL  (R=0.595)
22:02:33  INFO     [RAMS] Tier switch: SMALL → NANO  (R=0.621)
22:02:34  INFO     [RAMS] Tier switch: NANO → SMALL  (R=0.608)
22:02:34  INFO     [RAMS] Tier switch: SMALL → MEDIUM  (R=0.612)
22:02:35  INFO     [RAMS] Tier switch: MEDIUM → NANO  (R=0.631)
22:02:35  INFO     [RAMS] Tier switch: NANO → SMALL  (R=0.613)
22:02:36  INFO     [RAMS] Tier switch: SMALL → NANO  (R=0.615)
[safety2, conf=0.25] 1500/1500
22:02:36  INFO     [RAMS] Controller stopped.
22:02:36  INFO     [RAMS] Starting resource monitor ...
22:02:36  INFO     [RAMS] Loading model tiers ...
22:02:36  INFO     [RAMS] YOLOv8-nano ready — ONNX (imgsz=320).
22:02:36  INFO     [RAMS] YOLOv8-small ready — ONNX (imgsz=416).
22:02:37  INFO     [RAMS] YOLOv8-medium ready — ONNX (imgsz=640).
22:02:37  INFO     [RAMS] Controller ready. Policy: safety2
22:02:39  INFO     [RAMS] Tier switch: SMALL → MEDIUM  (R=0.636)
22:02:42  INFO     [RAMS] Tier switch: MEDIUM → NANO  (R=0.710)
22:02:42  INFO     [RAMS] Tier switch: NANO → MEDIUM  (R=0.720)
22:02:45  INFO     [RAMS] Tier switch: MEDIUM → NANO  (R=0.688)
22:02:45  INFO     [RAMS] Tier switch: NANO → SMALL  (R=0.663)
22:02:46  INFO     [RAMS] Tier switch: SMALL → NANO  (R=0.704)
22:02:46  INFO     [RAMS] Tier switch: NANO → SMALL  (R=0.589)
22:02:47  INFO     [RAMS] Tier switch: SMALL → MEDIUM  (R=0.673)
22:02:49  INFO     [RAMS] Tier switch: MEDIUM → SMALL  (R=0.628)
22:02:50  INFO     [RAMS] Tier switch: SMALL → MEDIUM  (R=0.608)
22:02:50  INFO     [RAMS] Tier switch: MEDIUM → NANO  (R=0.627)
22:02:51  INFO     [RAMS] Tier switch: NANO → SMALL  (R=0.587)
22:02:51  INFO     [RAMS] Tier switch: SMALL → MEDIUM  (R=0.673)
22:02:52  INFO     [RAMS] Tier switch: MEDIUM → NANO  (R=0.636)
22:02:53  INFO     [RAMS] Tier switch: NANO → SMALL  (R=0.595)
22:02:53  INFO     [RAMS] Tier switch: SMALL → NANO  (R=0.618)
22:02:53  INFO     [RAMS] Tier switch: NANO → SMALL  (R=0.601)
22:02:54  INFO     [RAMS] Tier switch: SMALL → MEDIUM  (R=0.621)
22:02:57  INFO     [RAMS] Tier switch: MEDIUM → NANO  (R=0.627)
22:02:57  INFO     [RAMS] Tier switch: NANO → SMALL  (R=0.597)
22:02:57  INFO     [RAMS] Tier switch: SMALL → NANO  (R=0.636)
22:02:57  INFO     [RAMS] Tier switch: NANO → SMALL  (R=0.599)
22:02:58  INFO     [RAMS] Tier switch: SMALL → MEDIUM  (R=0.614)
22:02:58  INFO     [RAMS] Tier switch: MEDIUM → NANO  (R=0.629)
22:02:59  INFO     [RAMS] Tier switch: NANO → SMALL  (R=0.629)
[safety2, conf=0.40] 100/1500
22:03:00  INFO     [RAMS] Tier switch: SMALL → NANO  (R=0.608)
22:03:01  INFO     [RAMS] Tier switch: NANO → MEDIUM  (R=0.599)
22:03:03  INFO     [RAMS] Tier switch: MEDIUM → NANO  (R=0.669)
22:03:03  INFO     [RAMS] Tier switch: NANO → MEDIUM  (R=0.636)
22:03:06  INFO     [RAMS] Tier switch: MEDIUM → NANO  (R=0.680)
22:03:06  INFO     [RAMS] Tier switch: NANO → MEDIUM  (R=0.655)
22:03:09  INFO     [RAMS] Tier switch: MEDIUM → NANO  (R=0.625)
22:03:10  INFO     [RAMS] Tier switch: NANO → MEDIUM  (R=0.631)
22:03:12  INFO     [RAMS] Tier switch: MEDIUM → NANO  (R=0.631)
22:03:12  INFO     [RAMS] Tier switch: NANO → SMALL  (R=0.593)
22:03:13  INFO     [RAMS] Tier switch: SMALL → MEDIUM  (R=0.599)
22:03:15  INFO     [RAMS] Tier switch: MEDIUM → SMALL  (R=0.678)
22:03:16  INFO     [RAMS] Tier switch: SMALL → MEDIUM  (R=0.674)
22:03:17  INFO     [RAMS] Tier switch: MEDIUM → NANO  (R=0.631)
22:03:17  INFO     [RAMS] Tier switch: NANO → SMALL  (R=0.602)
22:03:18  INFO     [RAMS] Tier switch: SMALL → NANO  (R=0.636)
22:03:18  INFO     [RAMS] Tier switch: NANO → SMALL  (R=0.604)
22:03:18  INFO     [RAMS] Tier switch: SMALL → MEDIUM  (R=0.599)
22:03:21  INFO     [RAMS] Tier switch: MEDIUM → NANO  (R=0.620)
22:03:21  INFO     [RAMS] Tier switch: NANO → MEDIUM  (R=0.589)
22:03:23  INFO     [RAMS] Tier switch: MEDIUM → NANO  (R=0.638)
22:03:23  INFO     [RAMS] Tier switch: NANO → SMALL  (R=0.597)
22:03:24  INFO     [RAMS] Tier switch: SMALL → NANO  (R=0.726)
22:03:24  INFO     [RAMS] Tier switch: NANO → MEDIUM  (R=0.656)
22:03:27  INFO     [RAMS] Tier switch: MEDIUM → SMALL  (R=0.733)
[safety2, conf=0.40] 200/1500
22:03:27  INFO     [RAMS] Tier switch: SMALL → NANO  (R=0.667)
22:03:28  INFO     [RAMS] Tier switch: NANO → SMALL  (R=0.687)
22:03:28  INFO     [RAMS] Tier switch: SMALL → NANO  (R=0.674)
22:03:28  INFO     [RAMS] Tier switch: NANO → MEDIUM  (R=0.645)
22:03:31  INFO     [RAMS] Tier switch: MEDIUM → NANO  (R=0.649)
22:03:31  INFO     [RAMS] Tier switch: NANO → MEDIUM  (R=0.601)
22:03:33  INFO     [RAMS] Tier switch: MEDIUM → NANO  (R=0.625)
22:03:34  INFO     [RAMS] Tier switch: NANO → SMALL  (R=0.599)
22:03:34  INFO     [RAMS] Tier switch: SMALL → MEDIUM  (R=0.685)
22:03:35  INFO     [RAMS] Tier switch: MEDIUM → NANO  (R=0.614)
22:03:35  INFO     [RAMS] Tier switch: NANO → SMALL  (R=0.590)
22:03:38  INFO     [RAMS] Tier switch: SMALL → NANO  (R=0.626)
22:03:38  INFO     [RAMS] Tier switch: NANO → SMALL  (R=0.601)
22:03:39  INFO     [RAMS] Tier switch: SMALL → NANO  (R=0.629)
22:03:39  INFO     [RAMS] Tier switch: NANO → SMALL  (R=0.583)
22:03:41  INFO     [RAMS] Tier switch: SMALL → NANO  (R=0.627)
22:03:41  INFO     [RAMS] Tier switch: NANO → MEDIUM  (R=0.619)
22:03:43  INFO     [RAMS] Tier switch: MEDIUM → NANO  (R=0.631)
22:03:44  INFO     [RAMS] Tier switch: NANO → SMALL  (R=0.606)
[safety2, conf=0.40] 300/1500
22:03:45  INFO     [RAMS] Tier switch: SMALL → MEDIUM  (R=0.625)
22:03:46  INFO     [RAMS] Tier switch: MEDIUM → SMALL  (R=0.721)
22:03:46  INFO     [RAMS] Tier switch: SMALL → NANO  (R=0.673)
22:03:46  INFO     [RAMS] Tier switch: NANO → SMALL  (R=0.649)
22:03:47  INFO     [RAMS] Tier switch: SMALL → MEDIUM  (R=0.682)
22:03:48  INFO     [RAMS] Tier switch: MEDIUM → NANO  (R=0.733)
22:03:48  INFO     [RAMS] Tier switch: NANO → SMALL  (R=0.733)
22:03:49  INFO     [RAMS] Tier switch: SMALL → NANO  (R=0.679)
22:03:49  INFO     [RAMS] Tier switch: NANO → MEDIUM  (R=0.631)
22:03:52  INFO     [RAMS] Tier switch: MEDIUM → NANO  (R=0.690)
22:03:52  INFO     [RAMS] Tier switch: NANO → SMALL  (R=0.599)
22:03:53  INFO     [RAMS] Tier switch: SMALL → NANO  (R=0.615)
22:03:53  INFO     [RAMS] Tier switch: NANO → SMALL  (R=0.599)
22:03:54  INFO     [RAMS] Tier switch: SMALL → MEDIUM  (R=0.625)
22:03:54  INFO     [RAMS] Tier switch: MEDIUM → NANO  (R=0.631)
22:03:55  INFO     [RAMS] Tier switch: NANO → SMALL  (R=0.589)
22:03:56  INFO     [RAMS] Tier switch: SMALL → NANO  (R=0.635)
22:03:56  INFO     [RAMS] Tier switch: NANO → MEDIUM  (R=0.655)
22:03:58  INFO     [RAMS] Tier switch: MEDIUM → NANO  (R=0.636)
22:03:58  INFO     [RAMS] Tier switch: NANO → SMALL  (R=0.595)
22:03:59  INFO     [RAMS] Tier switch: SMALL → NANO  (R=0.609)
[safety2, conf=0.40] 400/1500
22:04:00  INFO     [RAMS] Tier switch: NANO → SMALL  (R=0.597)
22:04:01  INFO     [RAMS] Tier switch: SMALL → NANO  (R=0.623)
22:04:01  INFO     [RAMS] Tier switch: NANO → MEDIUM  (R=0.598)
22:04:03  INFO     [RAMS] Tier switch: MEDIUM → NANO  (R=0.625)
22:04:03  INFO     [RAMS] Tier switch: NANO → MEDIUM  (R=0.608)
22:04:06  INFO     [RAMS] Tier switch: MEDIUM → NANO  (R=0.629)
22:04:06  INFO     [RAMS] Tier switch: NANO → MEDIUM  (R=0.592)
22:04:08  INFO     [RAMS] Tier switch: MEDIUM → NANO  (R=0.666)
22:04:09  INFO     [RAMS] Tier switch: NANO → MEDIUM  (R=0.660)
22:04:11  INFO     [RAMS] Tier switch: MEDIUM → NANO  (R=0.683)
22:04:12  INFO     [RAMS] Tier switch: NANO → MEDIUM  (R=0.649)
22:04:14  INFO     [RAMS] Tier switch: MEDIUM → NANO  (R=0.639)
22:04:14  INFO     [RAMS] Tier switch: NANO → MEDIUM  (R=0.578)
22:04:16  INFO     [RAMS] Tier switch: MEDIUM → SMALL  (R=0.634)
22:04:17  INFO     [RAMS] Tier switch: SMALL → MEDIUM  (R=0.597)
22:04:21  INFO     [RAMS] Tier switch: MEDIUM → SMALL  (R=0.631)
22:04:22  INFO     [RAMS] Tier switch: SMALL → MEDIUM  (R=0.611)
22:04:24  INFO     [RAMS] Tier switch: MEDIUM → NANO  (R=0.685)
22:04:24  INFO     [RAMS] Tier switch: NANO → SMALL  (R=0.616)
22:04:24  INFO     [RAMS] Tier switch: SMALL → MEDIUM  (R=0.614)
22:04:25  INFO     [RAMS] Tier switch: MEDIUM → NANO  (R=0.631)
22:04:25  INFO     [RAMS] Tier switch: NANO → SMALL  (R=0.604)
22:04:26  INFO     [RAMS] Tier switch: SMALL → NANO  (R=0.686)
22:04:26  INFO     [RAMS] Tier switch: NANO → SMALL  (R=0.601)
22:04:27  INFO     [RAMS] Tier switch: SMALL → MEDIUM  (R=0.610)
[safety2, conf=0.40] 500/1500
22:04:33  INFO     [RAMS] Tier switch: MEDIUM → NANO  (R=0.723)
22:04:33  INFO     [RAMS] Tier switch: NANO → MEDIUM  (R=0.650)
22:04:36  INFO     [RAMS] Tier switch: MEDIUM → NANO  (R=0.639)
22:04:36  INFO     [RAMS] Tier switch: NANO → MEDIUM  (R=0.595)
22:04:38  INFO     [RAMS] Tier switch: MEDIUM → NANO  (R=0.625)
22:04:39  INFO     [RAMS] Tier switch: NANO → MEDIUM  (R=0.589)
22:04:41  INFO     [RAMS] Tier switch: MEDIUM → NANO  (R=0.631)
22:04:42  INFO     [RAMS] Tier switch: NANO → SMALL  (R=0.605)
22:04:43  INFO     [RAMS] Tier switch: SMALL → MEDIUM  (R=0.627)
22:04:43  INFO     [RAMS] Tier switch: MEDIUM → NANO  (R=0.638)
22:04:44  INFO     [RAMS] Tier switch: NANO → SMALL  (R=0.601)
22:04:44  INFO     [RAMS] Tier switch: SMALL → MEDIUM  (R=0.634)
22:04:46  INFO     [RAMS] Tier switch: MEDIUM → NANO  (R=0.625)
22:04:46  INFO     [RAMS] Tier switch: NANO → SMALL  (R=0.604)
22:04:47  INFO     [RAMS] Tier switch: SMALL → NANO  (R=0.619)
22:04:47  INFO     [RAMS] Tier switch: NANO → MEDIUM  (R=0.657)
22:04:49  INFO     [RAMS] Tier switch: MEDIUM → SMALL  (R=0.631)
22:04:50  INFO     [RAMS] Tier switch: SMALL → NANO  (R=0.638)
22:04:51  INFO     [RAMS] Tier switch: NANO → MEDIUM  (R=0.678)
[safety2, conf=0.40] 600/1500
22:04:57  INFO     [RAMS] Tier switch: MEDIUM → NANO  (R=0.669)
22:04:57  INFO     [RAMS] Tier switch: NANO → MEDIUM  (R=0.688)
22:04:59  INFO     [RAMS] Tier switch: MEDIUM → NANO  (R=0.629)
22:04:59  INFO     [RAMS] Tier switch: NANO → MEDIUM  (R=0.587)
22:05:02  INFO     [RAMS] Tier switch: MEDIUM → NANO  (R=0.637)
22:05:02  INFO     [RAMS] Tier switch: NANO → SMALL  (R=0.639)
22:05:02  INFO     [RAMS] Tier switch: SMALL → MEDIUM  (R=0.611)
22:05:04  INFO     [RAMS] Tier switch: MEDIUM → NANO  (R=0.636)
22:05:04  INFO     [RAMS] Tier switch: NANO → MEDIUM  (R=0.636)
22:05:06  INFO     [RAMS] Tier switch: MEDIUM → NANO  (R=0.632)
22:05:06  INFO     [RAMS] Tier switch: NANO → MEDIUM  (R=0.615)
22:05:09  INFO     [RAMS] Tier switch: MEDIUM → NANO  (R=0.626)
22:05:09  INFO     [RAMS] Tier switch: NANO → SMALL  (R=0.615)
22:05:09  INFO     [RAMS] Tier switch: SMALL → NANO  (R=0.631)
22:05:09  INFO     [RAMS] Tier switch: NANO → SMALL  (R=0.582)
22:05:10  INFO     [RAMS] Tier switch: SMALL → NANO  (R=0.620)
22:05:10  INFO     [RAMS] Tier switch: NANO → MEDIUM  (R=0.601)
22:05:12  INFO     [RAMS] Tier switch: MEDIUM → NANO  (R=0.631)
22:05:12  INFO     [RAMS] Tier switch: NANO → SMALL  (R=0.656)
22:05:13  INFO     [RAMS] Tier switch: SMALL → NANO  (R=0.721)
22:05:13  INFO     [RAMS] Tier switch: NANO → MEDIUM  (R=0.654)
22:05:16  INFO     [RAMS] Tier switch: MEDIUM → NANO  (R=0.709)
22:05:16  INFO     [RAMS] Tier switch: NANO → MEDIUM  (R=0.662)
22:05:19  INFO     [RAMS] Tier switch: MEDIUM → NANO  (R=0.685)
22:05:19  INFO     [RAMS] Tier switch: NANO → MEDIUM  (R=0.635)
22:05:21  INFO     [RAMS] Tier switch: MEDIUM → NANO  (R=0.625)
22:05:21  INFO     [RAMS] Tier switch: NANO → SMALL  (R=0.597)
22:05:22  INFO     [RAMS] Tier switch: SMALL → NANO  (R=0.716)
22:05:22  INFO     [RAMS] Tier switch: NANO → MEDIUM  (R=0.602)
22:05:24  INFO     [RAMS] Tier switch: MEDIUM → NANO  (R=0.619)
[safety2, conf=0.40] 700/1500
22:05:25  INFO     [RAMS] Tier switch: NANO → SMALL  (R=0.606)
22:05:25  INFO     [RAMS] Tier switch: SMALL → MEDIUM  (R=0.649)
22:05:26  INFO     [RAMS] Tier switch: MEDIUM → NANO  (R=0.628)
22:05:27  INFO     [RAMS] Tier switch: NANO → SMALL  (R=0.597)
22:05:27  INFO     [RAMS] Tier switch: SMALL → MEDIUM  (R=0.619)
22:05:28  INFO     [RAMS] Tier switch: MEDIUM → NANO  (R=0.631)
22:05:28  INFO     [RAMS] Tier switch: NANO → SMALL  (R=0.600)
22:05:29  INFO     [RAMS] Tier switch: SMALL → NANO  (R=0.656)
22:05:29  INFO     [RAMS] Tier switch: NANO → SMALL  (R=0.604)
22:05:30  INFO     [RAMS] Tier switch: SMALL → NANO  (R=0.611)
22:05:30  INFO     [RAMS] Tier switch: NANO → SMALL  (R=0.602)
22:05:31  INFO     [RAMS] Tier switch: SMALL → NANO  (R=0.618)
22:05:31  INFO     [RAMS] Tier switch: NANO → MEDIUM  (R=0.589)
22:05:34  INFO     [RAMS] Tier switch: MEDIUM → NANO  (R=0.629)
22:05:34  INFO     [RAMS] Tier switch: NANO → MEDIUM  (R=0.657)
22:05:37  INFO     [RAMS] Tier switch: MEDIUM → NANO  (R=0.679)
22:05:37  INFO     [RAMS] Tier switch: NANO → MEDIUM  (R=0.672)
22:05:39  INFO     [RAMS] Tier switch: MEDIUM → SMALL  (R=0.662)
22:05:40  INFO     [RAMS] Tier switch: SMALL → NANO  (R=0.733)
22:05:40  INFO     [RAMS] Tier switch: NANO → MEDIUM  (R=0.657)
22:05:43  INFO     [RAMS] Tier switch: MEDIUM → NANO  (R=0.636)
22:05:43  INFO     [RAMS] Tier switch: NANO → MEDIUM  (R=0.607)
22:05:45  INFO     [RAMS] Tier switch: MEDIUM → NANO  (R=0.638)
22:05:45  INFO     [RAMS] Tier switch: NANO → SMALL  (R=0.602)
22:05:46  INFO     [RAMS] Tier switch: SMALL → NANO  (R=0.625)
[safety2, conf=0.40] 800/1500
22:05:46  INFO     [RAMS] Tier switch: NANO → SMALL  (R=0.592)
22:05:47  INFO     [RAMS] Tier switch: SMALL → NANO  (R=0.609)
22:05:47  INFO     [RAMS] Tier switch: NANO → SMALL  (R=0.599)
22:05:47  INFO     [RAMS] Tier switch: SMALL → MEDIUM  (R=0.614)
22:05:49  INFO     [RAMS] Tier switch: MEDIUM → NANO  (R=0.627)
22:05:49  INFO     [RAMS] Tier switch: NANO → MEDIUM  (R=0.590)
22:05:51  INFO     [RAMS] Tier switch: MEDIUM → SMALL  (R=0.629)
22:05:52  INFO     [RAMS] Tier switch: SMALL → NANO  (R=0.625)
22:05:53  INFO     [RAMS] Tier switch: NANO → SMALL  (R=0.598)
22:05:53  INFO     [RAMS] Tier switch: SMALL → MEDIUM  (R=0.619)
22:05:54  INFO     [RAMS] Tier switch: MEDIUM → NANO  (R=0.631)
22:05:54  INFO     [RAMS] Tier switch: NANO → MEDIUM  (R=0.631)
22:06:01  INFO     [RAMS] Tier switch: MEDIUM → NANO  (R=0.691)
22:06:02  INFO     [RAMS] Tier switch: NANO → SMALL  (R=0.656)
22:06:02  INFO     [RAMS] Tier switch: SMALL → NANO  (R=0.673)
22:06:03  INFO     [RAMS] Tier switch: NANO → SMALL  (R=0.674)
22:06:03  INFO     [RAMS] Tier switch: SMALL → NANO  (R=0.633)
22:06:03  INFO     [RAMS] Tier switch: NANO → MEDIUM  (R=0.633)
22:06:05  INFO     [RAMS] Tier switch: MEDIUM → NANO  (R=0.621)
22:06:06  INFO     [RAMS] Tier switch: NANO → SMALL  (R=0.586)
22:06:07  INFO     [RAMS] Tier switch: SMALL → MEDIUM  (R=0.601)
22:06:09  INFO     [RAMS] Tier switch: MEDIUM → NANO  (R=0.631)
22:06:09  INFO     [RAMS] Tier switch: NANO → SMALL  (R=0.605)
22:06:10  INFO     [RAMS] Tier switch: SMALL → NANO  (R=0.633)
22:06:10  INFO     [RAMS] Tier switch: NANO → SMALL  (R=0.598)
22:06:10  INFO     [RAMS] Tier switch: SMALL → MEDIUM  (R=0.611)
[safety2, conf=0.40] 900/1500
22:06:14  INFO     [RAMS] Tier switch: MEDIUM → NANO  (R=0.633)
22:06:14  INFO     [RAMS] Tier switch: NANO → SMALL  (R=0.602)
22:06:15  INFO     [RAMS] Tier switch: SMALL → NANO  (R=0.625)
22:06:16  INFO     [RAMS] Tier switch: NANO → SMALL  (R=0.614)
22:06:16  INFO     [RAMS] Tier switch: SMALL → MEDIUM  (R=0.607)
22:06:17  INFO     [RAMS] Tier switch: MEDIUM → NANO  (R=0.625)
22:06:17  INFO     [RAMS] Tier switch: NANO → MEDIUM  (R=0.602)
22:06:19  INFO     [RAMS] Tier switch: MEDIUM → SMALL  (R=0.673)
22:06:19  INFO     [RAMS] Tier switch: SMALL → MEDIUM  (R=0.677)
22:06:21  INFO     [RAMS] Tier switch: MEDIUM → NANO  (R=0.688)
22:06:21  INFO     [RAMS] Tier switch: NANO → MEDIUM  (R=0.632)
22:06:26  INFO     [RAMS] Tier switch: MEDIUM → NANO  (R=0.631)
22:06:26  INFO     [RAMS] Tier switch: NANO → SMALL  (R=0.598)
22:06:27  INFO     [RAMS] Tier switch: SMALL → MEDIUM  (R=0.633)
22:06:28  INFO     [RAMS] Tier switch: MEDIUM → NANO  (R=0.649)
22:06:28  INFO     [RAMS] Tier switch: NANO → MEDIUM  (R=0.608)
22:06:33  INFO     [RAMS] Tier switch: MEDIUM → NANO  (R=0.634)
22:06:33  INFO     [RAMS] Tier switch: NANO → MEDIUM  (R=0.620)
22:06:35  INFO     [RAMS] Tier switch: MEDIUM → NANO  (R=0.631)
22:06:36  INFO     [RAMS] Tier switch: NANO → SMALL  (R=0.602)
22:06:38  INFO     [RAMS] Tier switch: SMALL → NANO  (R=0.607)
22:06:38  INFO     [RAMS] Tier switch: NANO → SMALL  (R=0.663)
22:06:39  INFO     [RAMS] Tier switch: SMALL → NANO  (R=0.621)
[safety2, conf=0.40] 1000/1500
22:06:39  INFO     [RAMS] Tier switch: NANO → MEDIUM  (R=0.583)
22:06:42  INFO     [RAMS] Tier switch: MEDIUM → NANO  (R=0.672)
22:06:43  INFO     [RAMS] Tier switch: NANO → MEDIUM  (R=0.673)
22:06:45  INFO     [RAMS] Tier switch: MEDIUM → SMALL  (R=0.690)
22:06:46  INFO     [RAMS] Tier switch: SMALL → NANO  (R=0.675)
22:06:46  INFO     [RAMS] Tier switch: NANO → SMALL  (R=0.635)
22:06:47  INFO     [RAMS] Tier switch: SMALL → NANO  (R=0.659)
22:06:47  INFO     [RAMS] Tier switch: NANO → MEDIUM  (R=0.616)
22:06:49  INFO     [RAMS] Tier switch: MEDIUM → NANO  (R=0.678)
22:06:49  INFO     [RAMS] Tier switch: NANO → MEDIUM  (R=0.601)
22:06:51  INFO     [RAMS] Tier switch: MEDIUM → NANO  (R=0.636)
22:06:52  INFO     [RAMS] Tier switch: NANO → MEDIUM  (R=0.648)
22:06:54  INFO     [RAMS] Tier switch: MEDIUM → NANO  (R=0.631)
22:06:55  INFO     [RAMS] Tier switch: NANO → SMALL  (R=0.604)
22:06:55  INFO     [RAMS] Tier switch: SMALL → NANO  (R=0.655)
22:06:55  INFO     [RAMS] Tier switch: NANO → SMALL  (R=0.608)
22:06:56  INFO     [RAMS] Tier switch: SMALL → NANO  (R=0.639)
22:06:56  INFO     [RAMS] Tier switch: NANO → SMALL  (R=0.590)
22:06:57  INFO     [RAMS] Tier switch: SMALL → NANO  (R=0.618)
22:06:57  INFO     [RAMS] Tier switch: NANO → MEDIUM  (R=0.655)
22:06:59  INFO     [RAMS] Tier switch: MEDIUM → NANO  (R=0.633)
22:06:59  INFO     [RAMS] Tier switch: NANO → MEDIUM  (R=0.633)
[safety2, conf=0.40] 1100/1500
22:07:02  INFO     [RAMS] Tier switch: MEDIUM → SMALL  (R=0.643)
22:07:02  INFO     [RAMS] Tier switch: SMALL → NANO  (R=0.714)
22:07:02  INFO     [RAMS] Tier switch: NANO → SMALL  (R=0.714)
22:07:03  INFO     [RAMS] Tier switch: SMALL → NANO  (R=0.668)
22:07:03  INFO     [RAMS] Tier switch: NANO → MEDIUM  (R=0.651)
22:07:06  INFO     [RAMS] Tier switch: MEDIUM → NANO  (R=0.674)
22:07:06  INFO     [RAMS] Tier switch: NANO → MEDIUM  (R=0.662)
22:07:09  INFO     [RAMS] Tier switch: MEDIUM → NANO  (R=0.673)
22:07:09  INFO     [RAMS] Tier switch: NANO → SMALL  (R=0.599)
22:07:10  INFO     [RAMS] Tier switch: SMALL → MEDIUM  (R=0.612)
22:07:13  INFO     [RAMS] Tier switch: MEDIUM → NANO  (R=0.630)
22:07:13  INFO     [RAMS] Tier switch: NANO → SMALL  (R=0.598)
22:07:14  INFO     [RAMS] Tier switch: SMALL → NANO  (R=0.633)
22:07:14  INFO     [RAMS] Tier switch: NANO → SMALL  (R=0.615)
22:07:14  INFO     [RAMS] Tier switch: SMALL → MEDIUM  (R=0.614)
22:07:17  INFO     [RAMS] Tier switch: MEDIUM → NANO  (R=0.626)
22:07:17  INFO     [RAMS] Tier switch: NANO → MEDIUM  (R=0.607)
22:07:19  INFO     [RAMS] Tier switch: MEDIUM → NANO  (R=0.631)
22:07:19  INFO     [RAMS] Tier switch: NANO → SMALL  (R=0.595)
22:07:20  INFO     [RAMS] Tier switch: SMALL → NANO  (R=0.631)
22:07:20  INFO     [RAMS] Tier switch: NANO → MEDIUM  (R=0.631)
22:07:22  INFO     [RAMS] Tier switch: MEDIUM → SMALL  (R=0.650)
22:07:23  INFO     [RAMS] Tier switch: SMALL → MEDIUM  (R=0.638)
22:07:26  INFO     [RAMS] Tier switch: MEDIUM → NANO  (R=0.668)
22:07:27  INFO     [RAMS] Tier switch: NANO → MEDIUM  (R=0.655)
[safety2, conf=0.40] 1200/1500
22:07:29  INFO     [RAMS] Tier switch: MEDIUM → NANO  (R=0.679)
22:07:30  INFO     [RAMS] Tier switch: NANO → MEDIUM  (R=0.645)
22:07:32  INFO     [RAMS] Tier switch: MEDIUM → NANO  (R=0.631)
22:07:32  INFO     [RAMS] Tier switch: NANO → SMALL  (R=0.604)
22:07:33  INFO     [RAMS] Tier switch: SMALL → MEDIUM  (R=0.629)
22:07:36  INFO     [RAMS] Tier switch: MEDIUM → NANO  (R=0.620)
22:07:37  INFO     [RAMS] Tier switch: NANO → SMALL  (R=0.599)
22:07:37  INFO     [RAMS] Tier switch: SMALL → NANO  (R=0.631)
22:07:37  INFO     [RAMS] Tier switch: NANO → SMALL  (R=0.601)
22:07:38  INFO     [RAMS] Tier switch: SMALL → NANO  (R=0.611)
22:07:38  INFO     [RAMS] Tier switch: NANO → SMALL  (R=0.613)
22:07:39  INFO     [RAMS] Tier switch: SMALL → MEDIUM  (R=0.626)
22:07:40  INFO     [RAMS] Tier switch: MEDIUM → SMALL  (R=0.623)
22:07:42  INFO     [RAMS] Tier switch: SMALL → NANO  (R=0.631)
22:07:42  INFO     [RAMS] Tier switch: NANO → SMALL  (R=0.609)
22:07:43  INFO     [RAMS] Tier switch: SMALL → NANO  (R=0.655)
22:07:43  INFO     [RAMS] Tier switch: NANO → SMALL  (R=0.655)
22:07:44  INFO     [RAMS] Tier switch: SMALL → MEDIUM  (R=0.611)
22:07:45  INFO     [RAMS] Tier switch: MEDIUM → NANO  (R=0.629)
22:07:45  INFO     [RAMS] Tier switch: NANO → MEDIUM  (R=0.593)
22:07:50  INFO     [RAMS] Tier switch: MEDIUM → SMALL  (R=0.674)
22:07:51  INFO     [RAMS] Tier switch: SMALL → MEDIUM  (R=0.723)
[safety2, conf=0.40] 1300/1500
22:07:54  INFO     [RAMS] Tier switch: MEDIUM → NANO  (R=0.626)
22:07:54  INFO     [RAMS] Tier switch: NANO → SMALL  (R=0.601)
22:07:54  INFO     [RAMS] Tier switch: SMALL → MEDIUM  (R=0.631)
22:07:58  INFO     [RAMS] Tier switch: MEDIUM → NANO  (R=0.638)
22:07:59  INFO     [RAMS] Tier switch: NANO → SMALL  (R=0.597)
22:07:59  INFO     [RAMS] Tier switch: SMALL → NANO  (R=0.611)
22:07:59  INFO     [RAMS] Tier switch: NANO → SMALL  (R=0.594)
22:08:00  INFO     [RAMS] Tier switch: SMALL → MEDIUM  (R=0.615)
22:08:01  INFO     [RAMS] Tier switch: MEDIUM → NANO  (R=0.631)
22:08:01  INFO     [RAMS] Tier switch: NANO → SMALL  (R=0.606)
22:08:02  INFO     [RAMS] Tier switch: SMALL → MEDIUM  (R=0.613)
22:08:04  INFO     [RAMS] Tier switch: MEDIUM → NANO  (R=0.631)
22:08:05  INFO     [RAMS] Tier switch: NANO → MEDIUM  (R=0.598)
22:08:07  INFO     [RAMS] Tier switch: MEDIUM → NANO  (R=0.623)
22:08:07  INFO     [RAMS] Tier switch: NANO → MEDIUM  (R=0.661)
22:08:09  INFO     [RAMS] Tier switch: MEDIUM → NANO  (R=0.674)
22:08:10  INFO     [RAMS] Tier switch: NANO → SMALL  (R=0.621)
22:08:11  INFO     [RAMS] Tier switch: SMALL → NANO  (R=0.661)
22:08:12  INFO     [RAMS] Tier switch: NANO → SMALL  (R=0.645)
22:08:12  INFO     [RAMS] Tier switch: SMALL → NANO  (R=0.681)
22:08:12  INFO     [RAMS] Tier switch: NANO → SMALL  (R=0.681)
22:08:13  INFO     [RAMS] Tier switch: SMALL → NANO  (R=0.686)
[safety2, conf=0.40] 1400/1500
22:08:14  INFO     [RAMS] Tier switch: NANO → MEDIUM  (R=0.599)
22:08:16  INFO     [RAMS] Tier switch: MEDIUM → NANO  (R=0.623)
22:08:17  INFO     [RAMS] Tier switch: NANO → SMALL  (R=0.599)
22:08:17  INFO     [RAMS] Tier switch: SMALL → NANO  (R=0.629)
22:08:17  INFO     [RAMS] Tier switch: NANO → MEDIUM  (R=0.590)
22:08:20  INFO     [RAMS] Tier switch: MEDIUM → NANO  (R=0.631)
22:08:20  INFO     [RAMS] Tier switch: NANO → SMALL  (R=0.604)
22:08:20  INFO     [RAMS] Tier switch: SMALL → MEDIUM  (R=0.626)
22:08:23  INFO     [RAMS] Tier switch: MEDIUM → NANO  (R=0.626)
22:08:23  INFO     [RAMS] Tier switch: NANO → MEDIUM  (R=0.619)
22:08:25  INFO     [RAMS] Tier switch: MEDIUM → NANO  (R=0.631)
22:08:26  INFO     [RAMS] Tier switch: NANO → MEDIUM  (R=0.604)
22:08:28  INFO     [RAMS] Tier switch: MEDIUM → SMALL  (R=0.626)
22:08:29  INFO     [RAMS] Tier switch: SMALL → NANO  (R=0.634)
22:08:30  INFO     [RAMS] Tier switch: NANO → SMALL  (R=0.679)
22:08:30  INFO     [RAMS] Tier switch: SMALL → NANO  (R=0.686)
22:08:31  INFO     [RAMS] Tier switch: NANO → MEDIUM  (R=0.649)
22:08:33  INFO     [RAMS] Tier switch: MEDIUM → NANO  (R=0.681)
[safety2, conf=0.40] 1500/1500
22:08:34  INFO     [RAMS] Controller stopped.
Raw records: /home/soren/rams_sep2026/corrected-20260908/results/full-20260908-v1/onnx/retention/exp12_retention_sensitivity_20260908_220834.csv
Summary: /home/soren/rams_sep2026/corrected-20260908/results/full-20260908-v1/onnx/retention/exp12_retention_sensitivity_20260908_220834.json
