
══════════════════════════════════════════════════════════════
  Experiment 5 — Accuracy–Latency Pareto Frontier
  N=200  simulate=False
══════════════════════════════════════════════════════════════

  ── Load scenario: moderate (intensity=0.5) ──
    block=1/10 method=FIXED_SMALL ...
22:47:49  INFO     [RAMS] Starting resource monitor ...
22:47:50  INFO     [RAMS] Loading model tiers ...
22:47:54  INFO     [RAMS] YOLOv8-nano ready — Ultralytics (imgsz=320).
22:47:55  INFO     [RAMS] YOLOv8-small ready — Ultralytics (imgsz=416).
22:47:56  INFO     [RAMS] YOLOv8-medium ready — Ultralytics (imgsz=640).
22:47:56  INFO     [RAMS] Controller ready. Policy: fixed
22:48:03  INFO     [RAMS] Controller stopped.
    block=1/10 method=FIXED_NANO ...
22:48:03  INFO     [RAMS] Starting resource monitor ...
22:48:03  INFO     [RAMS] Loading model tiers ...
22:48:03  INFO     [RAMS] YOLOv8-nano ready — Ultralytics (imgsz=320).
22:48:04  INFO     [RAMS] YOLOv8-small ready — Ultralytics (imgsz=416).
22:48:05  INFO     [RAMS] YOLOv8-medium ready — Ultralytics (imgsz=640).
22:48:05  INFO     [RAMS] Controller ready. Policy: fixed
22:48:06  INFO     [RAMS] Tier switch: SMALL → NANO  (R=0.528)
22:48:12  INFO     [RAMS] Controller stopped.
    block=1/10 method=threshold ...
22:48:12  INFO     [RAMS] Starting resource monitor ...
22:48:12  INFO     [RAMS] Loading model tiers ...
22:48:12  INFO     [RAMS] YOLOv8-nano ready — Ultralytics (imgsz=320).
22:48:13  INFO     [RAMS] YOLOv8-small ready — Ultralytics (imgsz=416).
22:48:14  INFO     [RAMS] YOLOv8-medium ready — Ultralytics (imgsz=640).
22:48:14  INFO     [RAMS] Controller ready. Policy: threshold
22:48:15  INFO     [RAMS] Tier switch: SMALL → NANO  (R=0.514)
22:48:15  INFO     [RAMS] Tier switch: NANO → SMALL  (R=0.491)
22:48:16  INFO     [RAMS] Tier switch: SMALL → NANO  (R=0.575)
22:48:16  INFO     [RAMS] Tier switch: NANO → SMALL  (R=0.491)
22:48:16  INFO     [RAMS] Tier switch: SMALL → NANO  (R=0.500)
22:48:16  INFO     [RAMS] Tier switch: NANO → SMALL  (R=0.487)
22:48:16  INFO     [RAMS] Tier switch: SMALL → NANO  (R=0.498)
22:48:16  INFO     [RAMS] Tier switch: NANO → SMALL  (R=0.478)
22:48:17  INFO     [RAMS] Tier switch: SMALL → NANO  (R=0.512)
22:48:17  INFO     [RAMS] Tier switch: NANO → SMALL  (R=0.479)
22:48:17  INFO     [RAMS] Tier switch: SMALL → NANO  (R=0.502)
22:48:18  INFO     [RAMS] Tier switch: NANO → SMALL  (R=0.490)
22:48:18  INFO     [RAMS] Tier switch: SMALL → NANO  (R=0.565)
22:48:18  INFO     [RAMS] Tier switch: NANO → SMALL  (R=0.490)
22:48:18  INFO     [RAMS] Tier switch: SMALL → NANO  (R=0.510)
22:48:18  INFO     [RAMS] Tier switch: NANO → SMALL  (R=0.495)
22:48:19  INFO     [RAMS] Tier switch: SMALL → NANO  (R=0.572)
22:48:19  INFO     [RAMS] Tier switch: NANO → SMALL  (R=0.484)
22:48:19  INFO     [RAMS] Tier switch: SMALL → NANO  (R=0.505)
22:48:19  INFO     [RAMS] Tier switch: NANO → SMALL  (R=0.481)
22:48:20  INFO     [RAMS] Tier switch: SMALL → NANO  (R=0.555)
22:48:20  INFO     [RAMS] Tier switch: NANO → SMALL  (R=0.482)
22:48:20  INFO     [RAMS] Tier switch: SMALL → NANO  (R=0.507)
22:48:20  INFO     [RAMS] Tier switch: NANO → SMALL  (R=0.495)
22:48:20  INFO     [RAMS] Tier switch: SMALL → NANO  (R=0.505)
22:48:21  INFO     [RAMS] Tier switch: NANO → SMALL  (R=0.488)
22:48:21  INFO     [RAMS] Tier switch: SMALL → NANO  (R=0.559)
22:48:21  INFO     [RAMS] Tier switch: NANO → SMALL  (R=0.485)
22:48:21  INFO     [RAMS] Tier switch: SMALL → NANO  (R=0.512)
22:48:21  INFO     [RAMS] Tier switch: NANO → SMALL  (R=0.492)
22:48:21  INFO     [RAMS] Controller stopped.
    block=1/10 method=predictive ...
22:48:21  INFO     [RAMS] Starting resource monitor ...
22:48:21  INFO     [RAMS] Loading model tiers ...
22:48:22  INFO     [RAMS] YOLOv8-nano ready — Ultralytics (imgsz=320).
22:48:22  INFO     [RAMS] YOLOv8-small ready — Ultralytics (imgsz=416).
22:48:23  INFO     [RAMS] YOLOv8-medium ready — Ultralytics (imgsz=640).
22:48:23  INFO     [RAMS] Controller ready. Policy: predictive
22:48:24  INFO     [RAMS] Tier switch: SMALL → NANO  (R=0.507)
22:48:24  INFO     [RAMS] Tier switch: NANO → SMALL  (R=0.484)
22:48:25  INFO     [RAMS] Tier switch: SMALL → NANO  (R=0.575)
22:48:25  INFO     [RAMS] Tier switch: NANO → SMALL  (R=0.475)
22:48:26  INFO     [RAMS] Tier switch: SMALL → NANO  (R=0.510)
22:48:26  INFO     [RAMS] Tier switch: NANO → SMALL  (R=0.473)
22:48:26  INFO     [RAMS] Tier switch: SMALL → NANO  (R=0.509)
22:48:30  INFO     [RAMS] Controller stopped.
    block=1/10 method=adaptive ...
22:48:31  INFO     [RAMS] Starting resource monitor ...
22:48:31  INFO     [RAMS] Loading model tiers ...
22:48:31  INFO     [RAMS] YOLOv8-nano ready — Ultralytics (imgsz=320).
22:48:31  INFO     [RAMS] YOLOv8-small ready — Ultralytics (imgsz=416).
22:48:32  INFO     [RAMS] YOLOv8-medium ready — Ultralytics (imgsz=640).
22:48:32  INFO     [RAMS] Controller ready. Policy: adaptive
22:48:34  INFO     [RAMS] Tier switch: SMALL → NANO  (R=0.567)
22:48:34  INFO     [RAMS] Tier switch: NANO → SMALL  (R=0.483)
22:48:35  INFO     [RAMS] Tier switch: SMALL → NANO  (R=0.516)
22:48:35  INFO     [RAMS] Tier switch: NANO → SMALL  (R=0.480)
22:48:35  INFO     [RAMS] Tier switch: SMALL → NANO  (R=0.514)
22:48:35  INFO     [RAMS] Tier switch: NANO → SMALL  (R=0.486)
22:48:36  INFO     [RAMS] Tier switch: SMALL → NANO  (R=0.589)
22:48:36  INFO     [RAMS] Tier switch: NANO → SMALL  (R=0.485)
22:48:37  INFO     [RAMS] Tier switch: SMALL → NANO  (R=0.587)
22:48:37  INFO     [RAMS] Tier switch: NANO → SMALL  (R=0.477)
22:48:37  INFO     [RAMS] Tier switch: SMALL → NANO  (R=0.516)
22:48:37  INFO     [RAMS] Tier switch: NANO → SMALL  (R=0.479)
22:48:38  INFO     [RAMS] Tier switch: SMALL → NANO  (R=0.507)
22:48:38  INFO     [RAMS] Tier switch: NANO → SMALL  (R=0.484)
22:48:38  INFO     [RAMS] Tier switch: SMALL → NANO  (R=0.508)
22:48:39  INFO     [RAMS] Tier switch: NANO → SMALL  (R=0.481)
22:48:39  INFO     [RAMS] Tier switch: SMALL → NANO  (R=0.561)
22:48:39  INFO     [RAMS] Tier switch: NANO → SMALL  (R=0.480)
22:48:39  INFO     [RAMS] Tier switch: SMALL → NANO  (R=0.512)
22:48:39  INFO     [RAMS] Controller stopped.
    block=1/10 method=FIXED_MEDIUM ...
22:48:40  INFO     [RAMS] Starting resource monitor ...
22:48:40  INFO     [RAMS] Loading model tiers ...
22:48:40  INFO     [RAMS] YOLOv8-nano ready — Ultralytics (imgsz=320).
22:48:40  INFO     [RAMS] YOLOv8-small ready — Ultralytics (imgsz=416).
22:48:41  INFO     [RAMS] YOLOv8-medium ready — Ultralytics (imgsz=640).
22:48:41  INFO     [RAMS] Controller ready. Policy: fixed
22:48:42  INFO     [RAMS] Tier switch: SMALL → MEDIUM  (R=0.432)
22:48:50  INFO     [RAMS] Controller stopped.
    block=1/10 method=safety2 ...
22:48:50  INFO     [RAMS] Starting resource monitor ...
22:48:50  INFO     [RAMS] Loading model tiers ...
22:48:50  INFO     [RAMS] YOLOv8-nano ready — Ultralytics (imgsz=320).
22:48:50  INFO     [RAMS] YOLOv8-small ready — Ultralytics (imgsz=416).
22:48:51  INFO     [RAMS] YOLOv8-medium ready — Ultralytics (imgsz=640).
22:48:51  INFO     [RAMS] Controller ready. Policy: safety2
22:48:53  INFO     [RAMS] Tier switch: SMALL → MEDIUM  (R=0.566)
22:48:53  INFO     [RAMS] Tier switch: MEDIUM → NANO  (R=0.625)
22:48:53  INFO     [RAMS] Tier switch: NANO → MEDIUM  (R=0.538)
22:48:54  INFO     [RAMS] Tier switch: MEDIUM → NANO  (R=0.523)
22:48:55  INFO     [RAMS] Tier switch: NANO → SMALL  (R=0.494)
22:48:55  INFO     [RAMS] Tier switch: SMALL → MEDIUM  (R=0.509)
22:48:56  INFO     [RAMS] Tier switch: MEDIUM → SMALL  (R=0.578)
22:48:56  INFO     [RAMS] Tier switch: SMALL → MEDIUM  (R=0.578)
22:48:56  INFO     [RAMS] Tier switch: MEDIUM → NANO  (R=0.512)
22:48:57  INFO     [RAMS] Tier switch: NANO → MEDIUM  (R=0.584)
22:48:57  INFO     [RAMS] Tier switch: MEDIUM → SMALL  (R=0.476)
22:48:58  INFO     [RAMS] Tier switch: SMALL → MEDIUM  (R=0.480)
22:48:59  INFO     [RAMS] Tier switch: MEDIUM → NANO  (R=0.574)
22:48:59  INFO     [RAMS] Tier switch: NANO → MEDIUM  (R=0.501)
22:49:00  INFO     [RAMS] Controller stopped.
    block=1/10 method=safety ...
22:49:00  INFO     [RAMS] Starting resource monitor ...
22:49:00  INFO     [RAMS] Loading model tiers ...
22:49:00  INFO     [RAMS] YOLOv8-nano ready — Ultralytics (imgsz=320).
22:49:00  INFO     [RAMS] YOLOv8-small ready — Ultralytics (imgsz=416).
22:49:01  INFO     [RAMS] YOLOv8-medium ready — Ultralytics (imgsz=640).
22:49:01  INFO     [RAMS] Controller ready. Policy: safety
22:49:09  INFO     [RAMS] Controller stopped.
    block=2/10 method=predictive ...
22:49:09  INFO     [RAMS] Starting resource monitor ...
22:49:09  INFO     [RAMS] Loading model tiers ...
22:49:09  INFO     [RAMS] YOLOv8-nano ready — Ultralytics (imgsz=320).
22:49:09  INFO     [RAMS] YOLOv8-small ready — Ultralytics (imgsz=416).
22:49:10  INFO     [RAMS] YOLOv8-medium ready — Ultralytics (imgsz=640).
22:49:10  INFO     [RAMS] Controller ready. Policy: predictive
22:49:11  INFO     [RAMS] Tier switch: SMALL → NANO  (R=0.573)
22:49:15  INFO     [RAMS] Tier switch: NANO → SMALL  (R=0.487)
22:49:15  INFO     [RAMS] Tier switch: SMALL → NANO  (R=0.510)
22:49:16  INFO     [RAMS] Tier switch: NANO → SMALL  (R=0.497)
22:49:16  INFO     [RAMS] Tier switch: SMALL → NANO  (R=0.585)
22:49:16  INFO     [RAMS] Tier switch: NANO → SMALL  (R=0.488)
22:49:16  INFO     [RAMS] Tier switch: SMALL → NANO  (R=0.506)
22:49:16  INFO     [RAMS] Tier switch: NANO → SMALL  (R=0.478)
22:49:17  INFO     [RAMS] Tier switch: SMALL → NANO  (R=0.511)
22:49:17  INFO     [RAMS] Tier switch: NANO → SMALL  (R=0.485)
22:49:17  INFO     [RAMS] Tier switch: SMALL → NANO  (R=0.504)
22:49:17  INFO     [RAMS] Tier switch: NANO → SMALL  (R=0.480)
22:49:18  INFO     [RAMS] Tier switch: SMALL → NANO  (R=0.507)
22:49:18  INFO     [RAMS] Controller stopped.
    block=2/10 method=FIXED_NANO ...
22:49:18  INFO     [RAMS] Starting resource monitor ...
22:49:18  INFO     [RAMS] Loading model tiers ...
22:49:18  INFO     [RAMS] YOLOv8-nano ready — Ultralytics (imgsz=320).
22:49:18  INFO     [RAMS] YOLOv8-small ready — Ultralytics (imgsz=416).
22:49:19  INFO     [RAMS] YOLOv8-medium ready — Ultralytics (imgsz=640).
22:49:19  INFO     [RAMS] Controller ready. Policy: fixed
22:49:20  INFO     [RAMS] Tier switch: SMALL → NANO  (R=0.411)
22:49:27  INFO     [RAMS] Controller stopped.
    block=2/10 method=safety ...
22:49:27  INFO     [RAMS] Starting resource monitor ...
22:49:27  INFO     [RAMS] Loading model tiers ...
22:49:27  INFO     [RAMS] YOLOv8-nano ready — Ultralytics (imgsz=320).
22:49:27  INFO     [RAMS] YOLOv8-small ready — Ultralytics (imgsz=416).
22:49:28  INFO     [RAMS] YOLOv8-medium ready — Ultralytics (imgsz=640).
22:49:28  INFO     [RAMS] Controller ready. Policy: safety
22:49:35  INFO     [RAMS] Tier switch: SMALL → NANO  (R=0.555)
22:49:35  INFO     [RAMS] Tier switch: NANO → SMALL  (R=0.648)
22:49:36  INFO     [RAMS] Controller stopped.
    block=2/10 method=FIXED_MEDIUM ...
22:49:36  INFO     [RAMS] Starting resource monitor ...
22:49:36  INFO     [RAMS] Loading model tiers ...
22:49:36  INFO     [RAMS] YOLOv8-nano ready — Ultralytics (imgsz=320).
22:49:36  INFO     [RAMS] YOLOv8-small ready — Ultralytics (imgsz=416).
22:49:37  INFO     [RAMS] YOLOv8-medium ready — Ultralytics (imgsz=640).
22:49:37  INFO     [RAMS] Controller ready. Policy: fixed
22:49:38  INFO     [RAMS] Tier switch: SMALL → MEDIUM  (R=0.411)
22:49:46  INFO     [RAMS] Controller stopped.
    block=2/10 method=adaptive ...
22:49:46  INFO     [RAMS] Starting resource monitor ...
22:49:46  INFO     [RAMS] Loading model tiers ...
22:49:46  INFO     [RAMS] YOLOv8-nano ready — Ultralytics (imgsz=320).
22:49:47  INFO     [RAMS] YOLOv8-small ready — Ultralytics (imgsz=416).
22:49:47  INFO     [RAMS] YOLOv8-medium ready — Ultralytics (imgsz=640).
22:49:47  INFO     [RAMS] Controller ready. Policy: adaptive
22:49:49  INFO     [RAMS] Tier switch: SMALL → NANO  (R=0.523)
22:49:49  INFO     [RAMS] Tier switch: NANO → SMALL  (R=0.485)
22:49:49  INFO     [RAMS] Tier switch: SMALL → NANO  (R=0.512)
22:49:49  INFO     [RAMS] Tier switch: NANO → SMALL  (R=0.482)
22:49:50  INFO     [RAMS] Tier switch: SMALL → NANO  (R=0.518)
22:49:50  INFO     [RAMS] Tier switch: NANO → SMALL  (R=0.486)
22:49:50  INFO     [RAMS] Tier switch: SMALL → NANO  (R=0.502)
22:49:50  INFO     [RAMS] Tier switch: NANO → SMALL  (R=0.480)
22:49:51  INFO     [RAMS] Tier switch: SMALL → NANO  (R=0.553)
22:49:51  INFO     [RAMS] Tier switch: NANO → SMALL  (R=0.489)
22:49:51  INFO     [RAMS] Tier switch: SMALL → NANO  (R=0.548)
22:49:55  INFO     [RAMS] Controller stopped.
    block=2/10 method=threshold ...
22:49:55  INFO     [RAMS] Starting resource monitor ...
22:49:55  INFO     [RAMS] Loading model tiers ...
22:49:55  INFO     [RAMS] YOLOv8-nano ready — Ultralytics (imgsz=320).
22:49:56  INFO     [RAMS] YOLOv8-small ready — Ultralytics (imgsz=416).
22:49:57  INFO     [RAMS] YOLOv8-medium ready — Ultralytics (imgsz=640).
22:49:57  INFO     [RAMS] Controller ready. Policy: threshold
22:49:58  INFO     [RAMS] Tier switch: SMALL → NANO  (R=0.524)
22:49:58  INFO     [RAMS] Tier switch: NANO → SMALL  (R=0.490)
22:49:58  INFO     [RAMS] Tier switch: SMALL → NANO  (R=0.516)
22:49:58  INFO     [RAMS] Tier switch: NANO → SMALL  (R=0.497)
22:49:59  INFO     [RAMS] Tier switch: SMALL → NANO  (R=0.540)
22:49:59  INFO     [RAMS] Tier switch: NANO → SMALL  (R=0.471)
22:49:59  INFO     [RAMS] Tier switch: SMALL → NANO  (R=0.568)
22:49:59  INFO     [RAMS] Tier switch: NANO → SMALL  (R=0.490)
22:49:59  INFO     [RAMS] Tier switch: SMALL → NANO  (R=0.506)
22:49:59  INFO     [RAMS] Tier switch: NANO → SMALL  (R=0.489)
22:50:00  INFO     [RAMS] Tier switch: SMALL → NANO  (R=0.501)
22:50:00  INFO     [RAMS] Tier switch: NANO → SMALL  (R=0.486)
22:50:00  INFO     [RAMS] Tier switch: SMALL → NANO  (R=0.504)
22:50:00  INFO     [RAMS] Tier switch: NANO → SMALL  (R=0.480)
22:50:01  INFO     [RAMS] Tier switch: SMALL → NANO  (R=0.511)
22:50:01  INFO     [RAMS] Tier switch: NANO → SMALL  (R=0.479)
22:50:01  INFO     [RAMS] Tier switch: SMALL → NANO  (R=0.506)
22:50:01  INFO     [RAMS] Tier switch: NANO → SMALL  (R=0.494)
22:50:01  INFO     [RAMS] Tier switch: SMALL → NANO  (R=0.500)
22:50:01  INFO     [RAMS] Tier switch: NANO → SMALL  (R=0.482)
22:50:02  INFO     [RAMS] Tier switch: SMALL → NANO  (R=0.504)
22:50:02  INFO     [RAMS] Tier switch: NANO → SMALL  (R=0.480)
22:50:02  INFO     [RAMS] Tier switch: SMALL → NANO  (R=0.516)
22:50:02  INFO     [RAMS] Tier switch: NANO → SMALL  (R=0.491)
22:50:02  INFO     [RAMS] Tier switch: SMALL → NANO  (R=0.506)
22:50:03  INFO     [RAMS] Tier switch: NANO → SMALL  (R=0.488)
22:50:03  INFO     [RAMS] Tier switch: SMALL → NANO  (R=0.585)
22:50:03  INFO     [RAMS] Tier switch: NANO → SMALL  (R=0.484)
22:50:03  INFO     [RAMS] Tier switch: SMALL → NANO  (R=0.512)
22:50:04  INFO     [RAMS] Tier switch: NANO → SMALL  (R=0.498)
22:50:04  INFO     [RAMS] Tier switch: SMALL → NANO  (R=0.589)
22:50:04  INFO     [RAMS] Tier switch: NANO → SMALL  (R=0.483)
22:50:04  INFO     [RAMS] Controller stopped.
    block=2/10 method=safety2 ...
22:50:04  INFO     [RAMS] Starting resource monitor ...
22:50:04  INFO     [RAMS] Loading model tiers ...
22:50:05  INFO     [RAMS] YOLOv8-nano ready — Ultralytics (imgsz=320).
22:50:05  INFO     [RAMS] YOLOv8-small ready — Ultralytics (imgsz=416).
22:50:06  INFO     [RAMS] YOLOv8-medium ready — Ultralytics (imgsz=640).
22:50:06  INFO     [RAMS] Controller ready. Policy: safety2
22:50:07  INFO     [RAMS] Tier switch: SMALL → MEDIUM  (R=0.511)
22:50:08  INFO     [RAMS] Tier switch: MEDIUM → NANO  (R=0.518)
22:50:08  INFO     [RAMS] Tier switch: NANO → SMALL  (R=0.488)
22:50:08  INFO     [RAMS] Tier switch: SMALL → MEDIUM  (R=0.510)
22:50:09  INFO     [RAMS] Tier switch: MEDIUM → NANO  (R=0.526)
22:50:09  INFO     [RAMS] Tier switch: NANO → MEDIUM  (R=0.475)
22:50:09  INFO     [RAMS] Tier switch: MEDIUM → NANO  (R=0.562)
22:50:10  INFO     [RAMS] Tier switch: NANO → MEDIUM  (R=0.537)
22:50:11  INFO     [RAMS] Tier switch: MEDIUM → NANO  (R=0.545)
22:50:11  INFO     [RAMS] Tier switch: NANO → SMALL  (R=0.476)
22:50:11  INFO     [RAMS] Tier switch: SMALL → MEDIUM  (R=0.487)
22:50:13  INFO     [RAMS] Tier switch: MEDIUM → NANO  (R=0.568)
22:50:13  INFO     [RAMS] Tier switch: NANO → SMALL  (R=0.627)
22:50:14  INFO     [RAMS] Tier switch: SMALL → MEDIUM  (R=0.677)
22:50:14  INFO     [RAMS] Controller stopped.
    block=2/10 method=FIXED_SMALL ...
22:50:14  INFO     [RAMS] Starting resource monitor ...
22:50:14  INFO     [RAMS] Loading model tiers ...
22:50:15  INFO     [RAMS] YOLOv8-nano ready — Ultralytics (imgsz=320).
22:50:15  INFO     [RAMS] YOLOv8-small ready — Ultralytics (imgsz=416).
22:50:16  INFO     [RAMS] YOLOv8-medium ready — Ultralytics (imgsz=640).
22:50:16  INFO     [RAMS] Controller ready. Policy: fixed
22:50:23  INFO     [RAMS] Controller stopped.
    block=3/10 method=threshold ...
22:50:23  INFO     [RAMS] Starting resource monitor ...
22:50:23  INFO     [RAMS] Loading model tiers ...
22:50:24  INFO     [RAMS] YOLOv8-nano ready — Ultralytics (imgsz=320).
22:50:24  INFO     [RAMS] YOLOv8-small ready — Ultralytics (imgsz=416).
22:50:25  INFO     [RAMS] YOLOv8-medium ready — Ultralytics (imgsz=640).
22:50:25  INFO     [RAMS] Controller ready. Policy: threshold
22:50:26  INFO     [RAMS] Tier switch: SMALL → NANO  (R=0.503)
22:50:26  INFO     [RAMS] Tier switch: NANO → SMALL  (R=0.490)
22:50:26  INFO     [RAMS] Tier switch: SMALL → NANO  (R=0.507)
22:50:26  INFO     [RAMS] Tier switch: NANO → SMALL  (R=0.486)
22:50:27  INFO     [RAMS] Tier switch: SMALL → NANO  (R=0.572)
22:50:27  INFO     [RAMS] Tier switch: NANO → SMALL  (R=0.483)
22:50:27  INFO     [RAMS] Tier switch: SMALL → NANO  (R=0.505)
22:50:27  INFO     [RAMS] Tier switch: NANO → SMALL  (R=0.489)
22:50:28  INFO     [RAMS] Tier switch: SMALL → NANO  (R=0.514)
22:50:28  INFO     [RAMS] Tier switch: NANO → SMALL  (R=0.486)
22:50:28  INFO     [RAMS] Tier switch: SMALL → NANO  (R=0.500)
22:50:28  INFO     [RAMS] Tier switch: NANO → SMALL  (R=0.490)
22:50:29  INFO     [RAMS] Tier switch: SMALL → NANO  (R=0.508)
22:50:29  INFO     [RAMS] Tier switch: NANO → SMALL  (R=0.490)
22:50:29  INFO     [RAMS] Tier switch: SMALL → NANO  (R=0.561)
22:50:29  INFO     [RAMS] Tier switch: NANO → SMALL  (R=0.498)
22:50:29  INFO     [RAMS] Tier switch: SMALL → NANO  (R=0.511)
22:50:30  INFO     [RAMS] Tier switch: NANO → SMALL  (R=0.492)
22:50:30  INFO     [RAMS] Tier switch: SMALL → NANO  (R=0.509)
22:50:30  INFO     [RAMS] Tier switch: NANO → SMALL  (R=0.490)
22:50:30  INFO     [RAMS] Tier switch: SMALL → NANO  (R=0.508)
22:50:30  INFO     [RAMS] Tier switch: NANO → SMALL  (R=0.494)
22:50:30  INFO     [RAMS] Tier switch: SMALL → NANO  (R=0.506)
22:50:30  INFO     [RAMS] Tier switch: NANO → SMALL  (R=0.486)
22:50:31  INFO     [RAMS] Tier switch: SMALL → NANO  (R=0.502)
22:50:31  INFO     [RAMS] Tier switch: NANO → SMALL  (R=0.489)
22:50:31  INFO     [RAMS] Tier switch: SMALL → NANO  (R=0.506)
22:50:31  INFO     [RAMS] Tier switch: NANO → SMALL  (R=0.473)
22:50:32  INFO     [RAMS] Tier switch: SMALL → NANO  (R=0.502)
22:50:32  INFO     [RAMS] Tier switch: NANO → SMALL  (R=0.495)
22:50:32  INFO     [RAMS] Tier switch: SMALL → NANO  (R=0.568)
22:50:32  INFO     [RAMS] Tier switch: NANO → SMALL  (R=0.484)
22:50:32  INFO     [RAMS] Tier switch: SMALL → NANO  (R=0.508)
22:50:32  INFO     [RAMS] Tier switch: NANO → SMALL  (R=0.495)
22:50:32  INFO     [RAMS] Controller stopped.
    block=3/10 method=safety2 ...
22:50:32  INFO     [RAMS] Starting resource monitor ...
22:50:32  INFO     [RAMS] Loading model tiers ...
22:50:33  INFO     [RAMS] YOLOv8-nano ready — Ultralytics (imgsz=320).
22:50:33  INFO     [RAMS] YOLOv8-small ready — Ultralytics (imgsz=416).
22:50:34  INFO     [RAMS] YOLOv8-medium ready — Ultralytics (imgsz=640).
22:50:34  INFO     [RAMS] Controller ready. Policy: safety2
22:50:35  INFO     [RAMS] Tier switch: SMALL → NANO  (R=0.603)
22:50:35  INFO     [RAMS] Tier switch: NANO → MEDIUM  (R=0.540)
22:50:36  INFO     [RAMS] Tier switch: MEDIUM → SMALL  (R=0.570)
22:50:36  INFO     [RAMS] Tier switch: SMALL → MEDIUM  (R=0.570)
22:50:37  INFO     [RAMS] Tier switch: MEDIUM → NANO  (R=0.635)
22:50:37  INFO     [RAMS] Tier switch: NANO → MEDIUM  (R=0.603)
22:50:39  INFO     [RAMS] Tier switch: MEDIUM → NANO  (R=0.597)
22:50:39  INFO     [RAMS] Tier switch: NANO → MEDIUM  (R=0.535)
22:50:40  INFO     [RAMS] Tier switch: MEDIUM → NANO  (R=0.576)
22:50:41  INFO     [RAMS] Tier switch: NANO → SMALL  (R=0.489)
22:50:41  INFO     [RAMS] Tier switch: SMALL → NANO  (R=0.517)
22:50:41  INFO     [RAMS] Tier switch: NANO → MEDIUM  (R=0.502)
22:50:42  INFO     [RAMS] Tier switch: MEDIUM → SMALL  (R=0.554)
22:50:42  INFO     [RAMS] Controller stopped.
    block=3/10 method=FIXED_NANO ...
22:50:42  INFO     [RAMS] Starting resource monitor ...
22:50:42  INFO     [RAMS] Loading model tiers ...
22:50:43  INFO     [RAMS] YOLOv8-nano ready — Ultralytics (imgsz=320).
22:50:43  INFO     [RAMS] YOLOv8-small ready — Ultralytics (imgsz=416).
22:50:44  INFO     [RAMS] YOLOv8-medium ready — Ultralytics (imgsz=640).
22:50:44  INFO     [RAMS] Controller ready. Policy: fixed
22:50:45  INFO     [RAMS] Tier switch: SMALL → NANO  (R=0.420)
22:50:51  INFO     [RAMS] Controller stopped.
    block=3/10 method=FIXED_SMALL ...
22:50:51  INFO     [RAMS] Starting resource monitor ...
22:50:51  INFO     [RAMS] Loading model tiers ...
22:50:51  INFO     [RAMS] YOLOv8-nano ready — Ultralytics (imgsz=320).
22:50:52  INFO     [RAMS] YOLOv8-small ready — Ultralytics (imgsz=416).
22:50:53  INFO     [RAMS] YOLOv8-medium ready — Ultralytics (imgsz=640).
22:50:53  INFO     [RAMS] Controller ready. Policy: fixed
22:51:01  INFO     [RAMS] Controller stopped.
    block=3/10 method=predictive ...
22:51:01  INFO     [RAMS] Starting resource monitor ...
22:51:01  INFO     [RAMS] Loading model tiers ...
22:51:01  INFO     [RAMS] YOLOv8-nano ready — Ultralytics (imgsz=320).
22:51:01  INFO     [RAMS] YOLOv8-small ready — Ultralytics (imgsz=416).
22:51:02  INFO     [RAMS] YOLOv8-medium ready — Ultralytics (imgsz=640).
22:51:02  INFO     [RAMS] Controller ready. Policy: predictive
22:51:03  INFO     [RAMS] Tier switch: SMALL → NANO  (R=0.505)
22:51:03  INFO     [RAMS] Tier switch: NANO → SMALL  (R=0.488)
22:51:04  INFO     [RAMS] Tier switch: SMALL → NANO  (R=0.532)
22:51:04  INFO     [RAMS] Tier switch: NANO → SMALL  (R=0.477)
22:51:04  INFO     [RAMS] Tier switch: SMALL → NANO  (R=0.503)
22:51:04  INFO     [RAMS] Tier switch: NANO → SMALL  (R=0.468)
22:51:05  INFO     [RAMS] Tier switch: SMALL → NANO  (R=0.512)
22:51:05  INFO     [RAMS] Tier switch: NANO → SMALL  (R=0.477)
22:51:05  INFO     [RAMS] Tier switch: SMALL → NANO  (R=0.504)
22:51:05  INFO     [RAMS] Tier switch: NANO → SMALL  (R=0.496)
22:51:06  INFO     [RAMS] Tier switch: SMALL → NANO  (R=0.552)
22:51:06  INFO     [RAMS] Tier switch: NANO → SMALL  (R=0.473)
22:51:06  INFO     [RAMS] Tier switch: SMALL → NANO  (R=0.505)
22:51:06  INFO     [RAMS] Tier switch: NANO → SMALL  (R=0.478)
22:51:06  INFO     [RAMS] Tier switch: SMALL → NANO  (R=0.504)
22:51:07  INFO     [RAMS] Tier switch: NANO → SMALL  (R=0.488)
22:51:07  INFO     [RAMS] Tier switch: SMALL → NANO  (R=0.508)
22:51:08  INFO     [RAMS] Tier switch: NANO → SMALL  (R=0.479)
22:51:08  INFO     [RAMS] Tier switch: SMALL → NANO  (R=0.509)
22:51:08  INFO     [RAMS] Tier switch: NANO → SMALL  (R=0.477)
22:51:08  INFO     [RAMS] Tier switch: SMALL → NANO  (R=0.506)
22:51:08  INFO     [RAMS] Tier switch: NANO → SMALL  (R=0.490)
22:51:09  INFO     [RAMS] Tier switch: SMALL → NANO  (R=0.501)
22:51:09  INFO     [RAMS] Tier switch: NANO → SMALL  (R=0.490)
22:51:09  INFO     [RAMS] Tier switch: SMALL → NANO  (R=0.509)
22:51:09  INFO     [RAMS] Tier switch: NANO → SMALL  (R=0.484)
22:51:10  INFO     [RAMS] Controller stopped.
    block=3/10 method=adaptive ...
22:51:10  INFO     [RAMS] Starting resource monitor ...
22:51:10  INFO     [RAMS] Loading model tiers ...
22:51:10  INFO     [RAMS] YOLOv8-nano ready — Ultralytics (imgsz=320).
22:51:10  INFO     [RAMS] YOLOv8-small ready — Ultralytics (imgsz=416).
22:51:11  INFO     [RAMS] YOLOv8-medium ready — Ultralytics (imgsz=640).
22:51:11  INFO     [RAMS] Controller ready. Policy: adaptive
22:51:13  INFO     [RAMS] Tier switch: SMALL → NANO  (R=0.559)
22:51:13  INFO     [RAMS] Tier switch: NANO → SMALL  (R=0.494)
22:51:14  INFO     [RAMS] Tier switch: SMALL → NANO  (R=0.585)
22:51:14  INFO     [RAMS] Tier switch: NANO → SMALL  (R=0.475)
22:51:14  INFO     [RAMS] Tier switch: SMALL → NANO  (R=0.500)
22:51:14  INFO     [RAMS] Tier switch: NANO → SMALL  (R=0.482)
22:51:15  INFO     [RAMS] Tier switch: SMALL → NANO  (R=0.561)
22:51:15  INFO     [RAMS] Tier switch: NANO → SMALL  (R=0.484)
22:51:16  INFO     [RAMS] Tier switch: SMALL → NANO  (R=0.563)
22:51:16  INFO     [RAMS] Tier switch: NANO → SMALL  (R=0.485)
22:51:16  INFO     [RAMS] Tier switch: SMALL → NANO  (R=0.499)
22:51:17  INFO     [RAMS] Tier switch: NANO → SMALL  (R=0.481)
22:51:17  INFO     [RAMS] Tier switch: SMALL → NANO  (R=0.567)
22:51:17  INFO     [RAMS] Tier switch: NANO → SMALL  (R=0.488)
22:51:17  INFO     [RAMS] Tier switch: SMALL → NANO  (R=0.526)
22:51:19  INFO     [RAMS] Controller stopped.
    block=3/10 method=FIXED_MEDIUM ...
22:51:19  INFO     [RAMS] Starting resource monitor ...
22:51:19  INFO     [RAMS] Loading model tiers ...
22:51:19  INFO     [RAMS] YOLOv8-nano ready — Ultralytics (imgsz=320).
22:51:19  INFO     [RAMS] YOLOv8-small ready — Ultralytics (imgsz=416).
22:51:20  INFO     [RAMS] YOLOv8-medium ready — Ultralytics (imgsz=640).
22:51:20  INFO     [RAMS] Controller ready. Policy: fixed
22:51:21  INFO     [RAMS] Tier switch: SMALL → MEDIUM  (R=0.492)
22:51:29  INFO     [RAMS] Controller stopped.
    block=3/10 method=safety ...
22:51:29  INFO     [RAMS] Starting resource monitor ...
22:51:29  INFO     [RAMS] Loading model tiers ...
22:51:29  INFO     [RAMS] YOLOv8-nano ready — Ultralytics (imgsz=320).
22:51:30  INFO     [RAMS] YOLOv8-small ready — Ultralytics (imgsz=416).
22:51:30  INFO     [RAMS] YOLOv8-medium ready — Ultralytics (imgsz=640).
22:51:30  INFO     [RAMS] Controller ready. Policy: safety
22:51:37  INFO     [RAMS] Tier switch: SMALL → NANO  (R=0.567)
22:51:37  INFO     [RAMS] Tier switch: NANO → SMALL  (R=0.485)
22:51:38  INFO     [RAMS] Controller stopped.
    block=4/10 method=predictive ...
22:51:38  INFO     [RAMS] Starting resource monitor ...
22:51:38  INFO     [RAMS] Loading model tiers ...
22:51:38  INFO     [RAMS] YOLOv8-nano ready — Ultralytics (imgsz=320).
22:51:39  INFO     [RAMS] YOLOv8-small ready — Ultralytics (imgsz=416).
22:51:40  INFO     [RAMS] YOLOv8-medium ready — Ultralytics (imgsz=640).
22:51:40  INFO     [RAMS] Controller ready. Policy: predictive
22:51:41  INFO     [RAMS] Tier switch: SMALL → NANO  (R=0.628)
22:51:45  INFO     [RAMS] Tier switch: NANO → SMALL  (R=0.481)
22:51:45  INFO     [RAMS] Tier switch: SMALL → NANO  (R=0.512)
22:51:46  INFO     [RAMS] Tier switch: NANO → SMALL  (R=0.481)
22:51:46  INFO     [RAMS] Tier switch: SMALL → NANO  (R=0.511)
22:51:46  INFO     [RAMS] Tier switch: NANO → SMALL  (R=0.482)
22:51:47  INFO     [RAMS] Tier switch: SMALL → NANO  (R=0.512)
22:51:47  INFO     [RAMS] Tier switch: NANO → SMALL  (R=0.494)
22:51:47  INFO     [RAMS] Tier switch: SMALL → NANO  (R=0.507)
22:51:47  INFO     [RAMS] Tier switch: NANO → SMALL  (R=0.495)
22:51:47  INFO     [RAMS] Controller stopped.
    block=4/10 method=FIXED_NANO ...
22:51:47  INFO     [RAMS] Starting resource monitor ...
22:51:47  INFO     [RAMS] Loading model tiers ...
22:51:48  INFO     [RAMS] YOLOv8-nano ready — Ultralytics (imgsz=320).
22:51:48  INFO     [RAMS] YOLOv8-small ready — Ultralytics (imgsz=416).
22:51:49  INFO     [RAMS] YOLOv8-medium ready — Ultralytics (imgsz=640).
22:51:49  INFO     [RAMS] Controller ready. Policy: fixed
22:51:50  INFO     [RAMS] Tier switch: SMALL → NANO  (R=0.457)
22:51:56  INFO     [RAMS] Controller stopped.
    block=4/10 method=FIXED_SMALL ...
22:51:56  INFO     [RAMS] Starting resource monitor ...
22:51:56  INFO     [RAMS] Loading model tiers ...
22:51:56  INFO     [RAMS] YOLOv8-nano ready — Ultralytics (imgsz=320).
22:51:57  INFO     [RAMS] YOLOv8-small ready — Ultralytics (imgsz=416).
22:51:58  INFO     [RAMS] YOLOv8-medium ready — Ultralytics (imgsz=640).
22:51:58  INFO     [RAMS] Controller ready. Policy: fixed
22:52:05  INFO     [RAMS] Controller stopped.
    block=4/10 method=adaptive ...
22:52:05  INFO     [RAMS] Starting resource monitor ...
22:52:05  INFO     [RAMS] Loading model tiers ...
22:52:06  INFO     [RAMS] YOLOv8-nano ready — Ultralytics (imgsz=320).
22:52:06  INFO     [RAMS] YOLOv8-small ready — Ultralytics (imgsz=416).
22:52:07  INFO     [RAMS] YOLOv8-medium ready — Ultralytics (imgsz=640).
22:52:07  INFO     [RAMS] Controller ready. Policy: adaptive
22:52:09  INFO     [RAMS] Tier switch: SMALL → NANO  (R=0.509)
22:52:09  INFO     [RAMS] Tier switch: NANO → SMALL  (R=0.487)
22:52:10  INFO     [RAMS] Tier switch: SMALL → NANO  (R=0.508)
22:52:10  INFO     [RAMS] Tier switch: NANO → SMALL  (R=0.480)
22:52:10  INFO     [RAMS] Tier switch: SMALL → NANO  (R=0.508)
22:52:10  INFO     [RAMS] Tier switch: NANO → SMALL  (R=0.479)
22:52:11  INFO     [RAMS] Tier switch: SMALL → NANO  (R=0.510)
22:52:11  INFO     [RAMS] Tier switch: NANO → SMALL  (R=0.494)
22:52:12  INFO     [RAMS] Tier switch: SMALL → NANO  (R=0.569)
22:52:12  INFO     [RAMS] Tier switch: NANO → SMALL  (R=0.484)
22:52:12  INFO     [RAMS] Tier switch: SMALL → NANO  (R=0.509)
22:52:12  INFO     [RAMS] Tier switch: NANO → SMALL  (R=0.488)
22:52:13  INFO     [RAMS] Tier switch: SMALL → NANO  (R=0.591)
22:52:13  INFO     [RAMS] Tier switch: NANO → SMALL  (R=0.485)
22:52:14  INFO     [RAMS] Tier switch: SMALL → NANO  (R=0.563)
22:52:14  INFO     [RAMS] Tier switch: NANO → SMALL  (R=0.485)
22:52:14  INFO     [RAMS] Controller stopped.
    block=4/10 method=threshold ...
22:52:14  INFO     [RAMS] Starting resource monitor ...
22:52:14  INFO     [RAMS] Loading model tiers ...
22:52:15  INFO     [RAMS] YOLOv8-nano ready — Ultralytics (imgsz=320).
22:52:15  INFO     [RAMS] YOLOv8-small ready — Ultralytics (imgsz=416).
22:52:16  INFO     [RAMS] YOLOv8-medium ready — Ultralytics (imgsz=640).
22:52:16  INFO     [RAMS] Controller ready. Policy: threshold
22:52:17  INFO     [RAMS] Tier switch: SMALL → NANO  (R=0.505)
22:52:18  INFO     [RAMS] Tier switch: NANO → SMALL  (R=0.483)
22:52:18  INFO     [RAMS] Tier switch: SMALL → NANO  (R=0.507)
22:52:18  INFO     [RAMS] Tier switch: NANO → SMALL  (R=0.484)
22:52:18  INFO     [RAMS] Tier switch: SMALL → NANO  (R=0.503)
22:52:18  INFO     [RAMS] Tier switch: NANO → SMALL  (R=0.488)
22:52:19  INFO     [RAMS] Tier switch: SMALL → NANO  (R=0.507)
22:52:19  INFO     [RAMS] Tier switch: NANO → SMALL  (R=0.478)
22:52:19  INFO     [RAMS] Tier switch: SMALL → NANO  (R=0.507)
22:52:19  INFO     [RAMS] Tier switch: NANO → SMALL  (R=0.497)
22:52:20  INFO     [RAMS] Tier switch: SMALL → NANO  (R=0.603)
22:52:20  INFO     [RAMS] Tier switch: NANO → SMALL  (R=0.488)
22:52:20  INFO     [RAMS] Tier switch: SMALL → NANO  (R=0.499)
22:52:20  INFO     [RAMS] Tier switch: NANO → SMALL  (R=0.483)
22:52:21  INFO     [RAMS] Tier switch: SMALL → NANO  (R=0.505)
22:52:21  INFO     [RAMS] Tier switch: NANO → SMALL  (R=0.486)
22:52:21  INFO     [RAMS] Tier switch: SMALL → NANO  (R=0.564)
22:52:21  INFO     [RAMS] Tier switch: NANO → SMALL  (R=0.490)
22:52:21  INFO     [RAMS] Tier switch: SMALL → NANO  (R=0.512)
22:52:21  INFO     [RAMS] Tier switch: NANO → SMALL  (R=0.483)
22:52:22  INFO     [RAMS] Tier switch: SMALL → NANO  (R=0.545)
22:52:23  INFO     [RAMS] Controller stopped.
    block=4/10 method=FIXED_MEDIUM ...
22:52:23  INFO     [RAMS] Starting resource monitor ...
22:52:23  INFO     [RAMS] Loading model tiers ...
22:52:24  INFO     [RAMS] YOLOv8-nano ready — Ultralytics (imgsz=320).
22:52:24  INFO     [RAMS] YOLOv8-small ready — Ultralytics (imgsz=416).
22:52:25  INFO     [RAMS] YOLOv8-medium ready — Ultralytics (imgsz=640).
22:52:25  INFO     [RAMS] Controller ready. Policy: fixed
22:52:26  INFO     [RAMS] Tier switch: SMALL → MEDIUM  (R=0.481)
22:52:34  INFO     [RAMS] Controller stopped.
    block=4/10 method=safety ...
22:52:34  INFO     [RAMS] Starting resource monitor ...
22:52:34  INFO     [RAMS] Loading model tiers ...
22:52:34  INFO     [RAMS] YOLOv8-nano ready — Ultralytics (imgsz=320).
22:52:34  INFO     [RAMS] YOLOv8-small ready — Ultralytics (imgsz=416).
22:52:35  INFO     [RAMS] YOLOv8-medium ready — Ultralytics (imgsz=640).
22:52:35  INFO     [RAMS] Controller ready. Policy: safety
22:52:43  INFO     [RAMS] Controller stopped.
    block=4/10 method=safety2 ...
22:52:43  INFO     [RAMS] Starting resource monitor ...
22:52:43  INFO     [RAMS] Loading model tiers ...
22:52:43  INFO     [RAMS] YOLOv8-nano ready — Ultralytics (imgsz=320).
22:52:43  INFO     [RAMS] YOLOv8-small ready — Ultralytics (imgsz=416).
22:52:44  INFO     [RAMS] YOLOv8-medium ready — Ultralytics (imgsz=640).
22:52:44  INFO     [RAMS] Controller ready. Policy: safety2
22:52:45  INFO     [RAMS] Tier switch: SMALL → MEDIUM  (R=0.574)
22:52:46  INFO     [RAMS] Tier switch: MEDIUM → NANO  (R=0.635)
22:52:46  INFO     [RAMS] Tier switch: NANO → MEDIUM  (R=0.635)
22:52:47  INFO     [RAMS] Tier switch: MEDIUM → SMALL  (R=0.656)
22:52:47  INFO     [RAMS] Tier switch: SMALL → MEDIUM  (R=0.543)
22:52:48  INFO     [RAMS] Tier switch: MEDIUM → SMALL  (R=0.620)
22:52:49  INFO     [RAMS] Tier switch: SMALL → MEDIUM  (R=0.645)
22:52:50  INFO     [RAMS] Tier switch: MEDIUM → SMALL  (R=0.543)
22:52:50  INFO     [RAMS] Tier switch: SMALL → MEDIUM  (R=0.510)
22:52:51  INFO     [RAMS] Tier switch: MEDIUM → NANO  (R=0.511)
22:52:51  INFO     [RAMS] Tier switch: NANO → SMALL  (R=0.488)
22:52:52  INFO     [RAMS] Tier switch: SMALL → MEDIUM  (R=0.536)
22:52:53  INFO     [RAMS] Controller stopped.
    block=5/10 method=adaptive ...
22:52:53  INFO     [RAMS] Starting resource monitor ...
22:52:53  INFO     [RAMS] Loading model tiers ...
22:52:53  INFO     [RAMS] YOLOv8-nano ready — Ultralytics (imgsz=320).
22:52:53  INFO     [RAMS] YOLOv8-small ready — Ultralytics (imgsz=416).
22:52:54  INFO     [RAMS] YOLOv8-medium ready — Ultralytics (imgsz=640).
22:52:54  INFO     [RAMS] Controller ready. Policy: adaptive
22:52:56  INFO     [RAMS] Tier switch: SMALL → NANO  (R=0.526)
22:52:56  INFO     [RAMS] Tier switch: NANO → SMALL  (R=0.477)
22:52:56  INFO     [RAMS] Tier switch: SMALL → NANO  (R=0.509)
22:52:56  INFO     [RAMS] Tier switch: NANO → SMALL  (R=0.475)
22:52:57  INFO     [RAMS] Tier switch: SMALL → NANO  (R=0.516)
22:52:57  INFO     [RAMS] Tier switch: NANO → SMALL  (R=0.490)
22:52:57  INFO     [RAMS] Tier switch: SMALL → NANO  (R=0.515)
22:52:57  INFO     [RAMS] Tier switch: NANO → SMALL  (R=0.484)
22:52:57  INFO     [RAMS] Tier switch: SMALL → NANO  (R=0.516)
22:52:58  INFO     [RAMS] Tier switch: NANO → SMALL  (R=0.485)
22:52:58  INFO     [RAMS] Tier switch: SMALL → NANO  (R=0.546)
22:52:58  INFO     [RAMS] Tier switch: NANO → SMALL  (R=0.485)
22:52:58  INFO     [RAMS] Tier switch: SMALL → NANO  (R=0.516)
22:52:59  INFO     [RAMS] Tier switch: NANO → SMALL  (R=0.479)
22:52:59  INFO     [RAMS] Tier switch: SMALL → NANO  (R=0.554)
22:52:59  INFO     [RAMS] Tier switch: NANO → SMALL  (R=0.482)
22:53:00  INFO     [RAMS] Tier switch: SMALL → NANO  (R=0.530)
22:53:00  INFO     [RAMS] Tier switch: NANO → SMALL  (R=0.474)
22:53:01  INFO     [RAMS] Tier switch: SMALL → NANO  (R=0.576)
22:53:01  INFO     [RAMS] Tier switch: NANO → SMALL  (R=0.480)
22:53:02  INFO     [RAMS] Controller stopped.
    block=5/10 method=FIXED_MEDIUM ...
22:53:02  INFO     [RAMS] Starting resource monitor ...
22:53:02  INFO     [RAMS] Loading model tiers ...
22:53:02  INFO     [RAMS] YOLOv8-nano ready — Ultralytics (imgsz=320).
22:53:02  INFO     [RAMS] YOLOv8-small ready — Ultralytics (imgsz=416).
22:53:03  INFO     [RAMS] YOLOv8-medium ready — Ultralytics (imgsz=640).
22:53:03  INFO     [RAMS] Controller ready. Policy: fixed
22:53:04  INFO     [RAMS] Tier switch: SMALL → MEDIUM  (R=0.420)
22:53:12  INFO     [RAMS] Controller stopped.
    block=5/10 method=safety2 ...
22:53:12  INFO     [RAMS] Starting resource monitor ...
22:53:12  INFO     [RAMS] Loading model tiers ...
22:53:12  INFO     [RAMS] YOLOv8-nano ready — Ultralytics (imgsz=320).
22:53:13  INFO     [RAMS] YOLOv8-small ready — Ultralytics (imgsz=416).
22:53:14  INFO     [RAMS] YOLOv8-medium ready — Ultralytics (imgsz=640).
22:53:14  INFO     [RAMS] Controller ready. Policy: safety2
22:53:15  INFO     [RAMS] Tier switch: SMALL → NANO  (R=0.540)
22:53:15  INFO     [RAMS] Tier switch: NANO → MEDIUM  (R=0.473)
22:53:16  INFO     [RAMS] Tier switch: MEDIUM → SMALL  (R=0.519)
22:53:16  INFO     [RAMS] Tier switch: SMALL → MEDIUM  (R=0.519)
22:53:18  INFO     [RAMS] Tier switch: MEDIUM → SMALL  (R=0.489)
22:53:18  INFO     [RAMS] Tier switch: SMALL → NANO  (R=0.633)
22:53:18  INFO     [RAMS] Tier switch: NANO → MEDIUM  (R=0.473)
22:53:20  INFO     [RAMS] Tier switch: MEDIUM → SMALL  (R=0.568)
22:53:20  INFO     [RAMS] Tier switch: SMALL → MEDIUM  (R=0.568)
22:53:20  INFO     [RAMS] Tier switch: MEDIUM → SMALL  (R=0.476)
22:53:21  INFO     [RAMS] Tier switch: SMALL → NANO  (R=0.519)
22:53:21  INFO     [RAMS] Tier switch: NANO → SMALL  (R=0.497)
22:53:21  INFO     [RAMS] Tier switch: SMALL → MEDIUM  (R=0.512)
22:53:22  INFO     [RAMS] Controller stopped.
    block=5/10 method=FIXED_NANO ...
22:53:22  INFO     [RAMS] Starting resource monitor ...
22:53:22  INFO     [RAMS] Loading model tiers ...
22:53:23  INFO     [RAMS] YOLOv8-nano ready — Ultralytics (imgsz=320).
22:53:23  INFO     [RAMS] YOLOv8-small ready — Ultralytics (imgsz=416).
22:53:24  INFO     [RAMS] YOLOv8-medium ready — Ultralytics (imgsz=640).
22:53:24  INFO     [RAMS] Controller ready. Policy: fixed
22:53:25  INFO     [RAMS] Tier switch: SMALL → NANO  (R=0.417)
22:53:31  INFO     [RAMS] Controller stopped.
    block=5/10 method=FIXED_SMALL ...
22:53:31  INFO     [RAMS] Starting resource monitor ...
22:53:31  INFO     [RAMS] Loading model tiers ...
22:53:31  INFO     [RAMS] YOLOv8-nano ready — Ultralytics (imgsz=320).
22:53:32  INFO     [RAMS] YOLOv8-small ready — Ultralytics (imgsz=416).
22:53:33  INFO     [RAMS] YOLOv8-medium ready — Ultralytics (imgsz=640).
22:53:33  INFO     [RAMS] Controller ready. Policy: fixed
22:53:40  INFO     [RAMS] Controller stopped.
    block=5/10 method=safety ...
22:53:40  INFO     [RAMS] Starting resource monitor ...
22:53:40  INFO     [RAMS] Loading model tiers ...
22:53:41  INFO     [RAMS] YOLOv8-nano ready — Ultralytics (imgsz=320).
22:53:41  INFO     [RAMS] YOLOv8-small ready — Ultralytics (imgsz=416).
22:53:42  INFO     [RAMS] YOLOv8-medium ready — Ultralytics (imgsz=640).
22:53:42  INFO     [RAMS] Controller ready. Policy: safety
22:53:49  INFO     [RAMS] Controller stopped.
    block=5/10 method=threshold ...
22:53:49  INFO     [RAMS] Starting resource monitor ...
22:53:49  INFO     [RAMS] Loading model tiers ...
22:53:50  INFO     [RAMS] YOLOv8-nano ready — Ultralytics (imgsz=320).
22:53:50  INFO     [RAMS] YOLOv8-small ready — Ultralytics (imgsz=416).
22:53:51  INFO     [RAMS] YOLOv8-medium ready — Ultralytics (imgsz=640).
22:53:51  INFO     [RAMS] Controller ready. Policy: threshold
22:53:52  INFO     [RAMS] Tier switch: SMALL → NANO  (R=0.502)
22:53:53  INFO     [RAMS] Tier switch: NANO → SMALL  (R=0.477)
22:53:54  INFO     [RAMS] Tier switch: SMALL → NANO  (R=0.511)
22:53:54  INFO     [RAMS] Tier switch: NANO → SMALL  (R=0.479)
22:53:54  INFO     [RAMS] Tier switch: SMALL → NANO  (R=0.506)
22:53:55  INFO     [RAMS] Tier switch: NANO → SMALL  (R=0.491)
22:53:55  INFO     [RAMS] Tier switch: SMALL → NANO  (R=0.498)
22:53:55  INFO     [RAMS] Tier switch: NANO → SMALL  (R=0.479)
22:53:55  INFO     [RAMS] Tier switch: SMALL → NANO  (R=0.561)
22:53:55  INFO     [RAMS] Tier switch: NANO → SMALL  (R=0.487)
22:53:55  INFO     [RAMS] Tier switch: SMALL → NANO  (R=0.506)
22:53:56  INFO     [RAMS] Tier switch: NANO → SMALL  (R=0.487)
22:53:56  INFO     [RAMS] Tier switch: SMALL → NANO  (R=0.499)
22:53:56  INFO     [RAMS] Tier switch: NANO → SMALL  (R=0.482)
22:53:56  INFO     [RAMS] Tier switch: SMALL → NANO  (R=0.503)
22:53:56  INFO     [RAMS] Tier switch: NANO → SMALL  (R=0.486)
22:53:57  INFO     [RAMS] Tier switch: SMALL → NANO  (R=0.498)
22:53:57  INFO     [RAMS] Tier switch: NANO → SMALL  (R=0.483)
22:53:57  INFO     [RAMS] Tier switch: SMALL → NANO  (R=0.566)
22:53:57  INFO     [RAMS] Tier switch: NANO → SMALL  (R=0.480)
22:53:57  INFO     [RAMS] Tier switch: SMALL → NANO  (R=0.509)
22:53:58  INFO     [RAMS] Tier switch: NANO → SMALL  (R=0.490)
22:53:58  INFO     [RAMS] Tier switch: SMALL → NANO  (R=0.502)
22:53:58  INFO     [RAMS] Tier switch: NANO → SMALL  (R=0.497)
22:53:58  INFO     [RAMS] Tier switch: SMALL → NANO  (R=0.506)
22:53:58  INFO     [RAMS] Tier switch: NANO → SMALL  (R=0.479)
22:53:58  INFO     [RAMS] Controller stopped.
    block=5/10 method=predictive ...
22:53:58  INFO     [RAMS] Starting resource monitor ...
22:53:58  INFO     [RAMS] Loading model tiers ...
22:53:59  INFO     [RAMS] YOLOv8-nano ready — Ultralytics (imgsz=320).
22:53:59  INFO     [RAMS] YOLOv8-small ready — Ultralytics (imgsz=416).
22:54:00  INFO     [RAMS] YOLOv8-medium ready — Ultralytics (imgsz=640).
22:54:00  INFO     [RAMS] Controller ready. Policy: predictive
22:54:01  INFO     [RAMS] Tier switch: SMALL → NANO  (R=0.509)
22:54:01  INFO     [RAMS] Tier switch: NANO → SMALL  (R=0.482)
22:54:01  INFO     [RAMS] Tier switch: SMALL → NANO  (R=0.506)
22:54:02  INFO     [RAMS] Tier switch: NANO → SMALL  (R=0.484)
22:54:02  INFO     [RAMS] Tier switch: SMALL → NANO  (R=0.548)
22:54:02  INFO     [RAMS] Tier switch: NANO → SMALL  (R=0.470)
22:54:02  INFO     [RAMS] Tier switch: SMALL → NANO  (R=0.510)
22:54:02  INFO     [RAMS] Tier switch: NANO → SMALL  (R=0.486)
22:54:02  INFO     [RAMS] Tier switch: SMALL → NANO  (R=0.510)
22:54:03  INFO     [RAMS] Tier switch: NANO → SMALL  (R=0.488)
22:54:03  INFO     [RAMS] Tier switch: SMALL → NANO  (R=0.531)
22:54:03  INFO     [RAMS] Tier switch: NANO → SMALL  (R=0.489)
22:54:03  INFO     [RAMS] Tier switch: SMALL → NANO  (R=0.506)
22:54:03  INFO     [RAMS] Tier switch: NANO → SMALL  (R=0.492)
22:54:04  INFO     [RAMS] Tier switch: SMALL → NANO  (R=0.510)
22:54:04  INFO     [RAMS] Tier switch: NANO → SMALL  (R=0.493)
22:54:04  INFO     [RAMS] Tier switch: SMALL → NANO  (R=0.511)
22:54:05  INFO     [RAMS] Tier switch: NANO → SMALL  (R=0.474)
22:54:05  INFO     [RAMS] Tier switch: SMALL → NANO  (R=0.505)
22:54:05  INFO     [RAMS] Tier switch: NANO → SMALL  (R=0.482)
22:54:06  INFO     [RAMS] Tier switch: SMALL → NANO  (R=0.508)
22:54:06  INFO     [RAMS] Tier switch: NANO → SMALL  (R=0.482)
22:54:06  INFO     [RAMS] Tier switch: SMALL → NANO  (R=0.503)
22:54:06  INFO     [RAMS] Tier switch: NANO → SMALL  (R=0.486)
22:54:06  INFO     [RAMS] Tier switch: SMALL → NANO  (R=0.509)
22:54:07  INFO     [RAMS] Tier switch: NANO → SMALL  (R=0.477)
22:54:07  INFO     [RAMS] Tier switch: SMALL → NANO  (R=0.558)
22:54:07  INFO     [RAMS] Tier switch: NANO → SMALL  (R=0.493)
22:54:07  INFO     [RAMS] Controller stopped.
    block=6/10 method=adaptive ...
22:54:07  INFO     [RAMS] Starting resource monitor ...
22:54:07  INFO     [RAMS] Loading model tiers ...
22:54:08  INFO     [RAMS] YOLOv8-nano ready — Ultralytics (imgsz=320).
22:54:08  INFO     [RAMS] YOLOv8-small ready — Ultralytics (imgsz=416).
22:54:09  INFO     [RAMS] YOLOv8-medium ready — Ultralytics (imgsz=640).
22:54:09  INFO     [RAMS] Controller ready. Policy: adaptive
22:54:10  INFO     [RAMS] Tier switch: SMALL → NANO  (R=0.553)
22:54:15  INFO     [RAMS] Tier switch: NANO → SMALL  (R=0.482)
22:54:16  INFO     [RAMS] Tier switch: SMALL → NANO  (R=0.570)
22:54:16  INFO     [RAMS] Tier switch: NANO → SMALL  (R=0.490)
22:54:16  INFO     [RAMS] Tier switch: SMALL → NANO  (R=0.504)
22:54:17  INFO     [RAMS] Controller stopped.
    block=6/10 method=safety ...
22:54:17  INFO     [RAMS] Starting resource monitor ...
22:54:17  INFO     [RAMS] Loading model tiers ...
22:54:17  INFO     [RAMS] YOLOv8-nano ready — Ultralytics (imgsz=320).
22:54:17  INFO     [RAMS] YOLOv8-small ready — Ultralytics (imgsz=416).
22:54:18  INFO     [RAMS] YOLOv8-medium ready — Ultralytics (imgsz=640).
22:54:18  INFO     [RAMS] Controller ready. Policy: safety
22:54:26  INFO     [RAMS] Controller stopped.
    block=6/10 method=FIXED_NANO ...
22:54:26  INFO     [RAMS] Starting resource monitor ...
22:54:26  INFO     [RAMS] Loading model tiers ...
22:54:26  INFO     [RAMS] YOLOv8-nano ready — Ultralytics (imgsz=320).
22:54:26  INFO     [RAMS] YOLOv8-small ready — Ultralytics (imgsz=416).
22:54:27  INFO     [RAMS] YOLOv8-medium ready — Ultralytics (imgsz=640).
22:54:27  INFO     [RAMS] Controller ready. Policy: fixed
22:54:28  INFO     [RAMS] Tier switch: SMALL → NANO  (R=0.421)
22:54:35  INFO     [RAMS] Controller stopped.
    block=6/10 method=FIXED_SMALL ...
22:54:35  INFO     [RAMS] Starting resource monitor ...
22:54:35  INFO     [RAMS] Loading model tiers ...
22:54:35  INFO     [RAMS] YOLOv8-nano ready — Ultralytics (imgsz=320).
22:54:35  INFO     [RAMS] YOLOv8-small ready — Ultralytics (imgsz=416).
22:54:36  INFO     [RAMS] YOLOv8-medium ready — Ultralytics (imgsz=640).
22:54:36  INFO     [RAMS] Controller ready. Policy: fixed
22:54:44  INFO     [RAMS] Controller stopped.
    block=6/10 method=safety2 ...
22:54:44  INFO     [RAMS] Starting resource monitor ...
22:54:44  INFO     [RAMS] Loading model tiers ...
22:54:44  INFO     [RAMS] YOLOv8-nano ready — Ultralytics (imgsz=320).
22:54:44  INFO     [RAMS] YOLOv8-small ready — Ultralytics (imgsz=416).
22:54:45  INFO     [RAMS] YOLOv8-medium ready — Ultralytics (imgsz=640).
22:54:45  INFO     [RAMS] Controller ready. Policy: safety2
22:54:46  INFO     [RAMS] Tier switch: SMALL → MEDIUM  (R=0.425)
22:54:47  INFO     [RAMS] Tier switch: MEDIUM → SMALL  (R=0.562)
22:54:47  INFO     [RAMS] Tier switch: SMALL → MEDIUM  (R=0.500)
22:54:48  INFO     [RAMS] Tier switch: MEDIUM → SMALL  (R=0.478)
22:54:49  INFO     [RAMS] Tier switch: SMALL → NANO  (R=0.513)
22:54:49  INFO     [RAMS] Tier switch: NANO → MEDIUM  (R=0.498)
22:54:50  INFO     [RAMS] Tier switch: MEDIUM → NANO  (R=0.573)
22:54:50  INFO     [RAMS] Tier switch: NANO → MEDIUM  (R=0.494)
22:54:50  INFO     [RAMS] Tier switch: MEDIUM → SMALL  (R=0.560)
22:54:51  INFO     [RAMS] Tier switch: SMALL → MEDIUM  (R=0.508)
22:54:51  INFO     [RAMS] Tier switch: MEDIUM → NANO  (R=0.579)
22:54:51  INFO     [RAMS] Tier switch: NANO → SMALL  (R=0.546)
22:54:52  INFO     [RAMS] Tier switch: SMALL → MEDIUM  (R=0.591)
22:54:52  INFO     [RAMS] Tier switch: MEDIUM → NANO  (R=0.581)
22:54:52  INFO     [RAMS] Tier switch: NANO → MEDIUM  (R=0.581)
22:54:53  INFO     [RAMS] Tier switch: MEDIUM → NANO  (R=0.537)
22:54:53  INFO     [RAMS] Tier switch: NANO → SMALL  (R=0.549)
22:54:53  INFO     [RAMS] Tier switch: SMALL → MEDIUM  (R=0.557)
22:54:54  INFO     [RAMS] Controller stopped.
    block=6/10 method=threshold ...
22:54:54  INFO     [RAMS] Starting resource monitor ...
22:54:54  INFO     [RAMS] Loading model tiers ...
22:54:54  INFO     [RAMS] YOLOv8-nano ready — Ultralytics (imgsz=320).
22:54:54  INFO     [RAMS] YOLOv8-small ready — Ultralytics (imgsz=416).
22:54:55  INFO     [RAMS] YOLOv8-medium ready — Ultralytics (imgsz=640).
22:54:55  INFO     [RAMS] Controller ready. Policy: threshold
22:54:56  INFO     [RAMS] Tier switch: SMALL → NANO  (R=0.557)
22:54:58  INFO     [RAMS] Tier switch: NANO → SMALL  (R=0.479)
22:54:58  INFO     [RAMS] Tier switch: SMALL → NANO  (R=0.504)
22:54:59  INFO     [RAMS] Tier switch: NANO → SMALL  (R=0.483)
22:54:59  INFO     [RAMS] Tier switch: SMALL → NANO  (R=0.503)
22:54:59  INFO     [RAMS] Tier switch: NANO → SMALL  (R=0.492)
22:54:59  INFO     [RAMS] Tier switch: SMALL → NANO  (R=0.509)
22:54:59  INFO     [RAMS] Tier switch: NANO → SMALL  (R=0.494)
22:55:00  INFO     [RAMS] Tier switch: SMALL → NANO  (R=0.516)
22:55:00  INFO     [RAMS] Tier switch: NANO → SMALL  (R=0.488)
22:55:00  INFO     [RAMS] Tier switch: SMALL → NANO  (R=0.569)
22:55:00  INFO     [RAMS] Tier switch: NANO → SMALL  (R=0.488)
22:55:00  INFO     [RAMS] Tier switch: SMALL → NANO  (R=0.522)
22:55:01  INFO     [RAMS] Tier switch: NANO → SMALL  (R=0.480)
22:55:01  INFO     [RAMS] Tier switch: SMALL → NANO  (R=0.516)
22:55:01  INFO     [RAMS] Tier switch: NANO → SMALL  (R=0.491)
22:55:01  INFO     [RAMS] Tier switch: SMALL → NANO  (R=0.509)
22:55:01  INFO     [RAMS] Tier switch: NANO → SMALL  (R=0.493)
22:55:02  INFO     [RAMS] Tier switch: SMALL → NANO  (R=0.508)
22:55:02  INFO     [RAMS] Tier switch: NANO → SMALL  (R=0.493)
22:55:03  INFO     [RAMS] Tier switch: SMALL → NANO  (R=0.512)
22:55:03  INFO     [RAMS] Controller stopped.
    block=6/10 method=FIXED_MEDIUM ...
22:55:03  INFO     [RAMS] Starting resource monitor ...
22:55:03  INFO     [RAMS] Loading model tiers ...
22:55:03  INFO     [RAMS] YOLOv8-nano ready — Ultralytics (imgsz=320).
22:55:03  INFO     [RAMS] YOLOv8-small ready — Ultralytics (imgsz=416).
22:55:04  INFO     [RAMS] YOLOv8-medium ready — Ultralytics (imgsz=640).
22:55:04  INFO     [RAMS] Controller ready. Policy: fixed
22:55:05  INFO     [RAMS] Tier switch: SMALL → MEDIUM  (R=0.417)
22:55:13  INFO     [RAMS] Controller stopped.
    block=6/10 method=predictive ...
22:55:13  INFO     [RAMS] Starting resource monitor ...
22:55:13  INFO     [RAMS] Loading model tiers ...
22:55:13  INFO     [RAMS] YOLOv8-nano ready — Ultralytics (imgsz=320).
22:55:14  INFO     [RAMS] YOLOv8-small ready — Ultralytics (imgsz=416).
22:55:14  INFO     [RAMS] YOLOv8-medium ready — Ultralytics (imgsz=640).
22:55:14  INFO     [RAMS] Controller ready. Policy: predictive
22:55:16  INFO     [RAMS] Tier switch: SMALL → NANO  (R=0.533)
22:55:19  INFO     [RAMS] Tier switch: NANO → SMALL  (R=0.487)
22:55:20  INFO     [RAMS] Tier switch: SMALL → NANO  (R=0.506)
22:55:20  INFO     [RAMS] Tier switch: NANO → SMALL  (R=0.482)
22:55:20  INFO     [RAMS] Tier switch: SMALL → NANO  (R=0.509)
22:55:20  INFO     [RAMS] Tier switch: NANO → SMALL  (R=0.493)
22:55:21  INFO     [RAMS] Tier switch: SMALL → NANO  (R=0.510)
22:55:21  INFO     [RAMS] Tier switch: NANO → SMALL  (R=0.494)
22:55:21  INFO     [RAMS] Tier switch: SMALL → NANO  (R=0.558)
22:55:21  INFO     [RAMS] Tier switch: NANO → SMALL  (R=0.478)
22:55:21  INFO     [RAMS] Tier switch: SMALL → NANO  (R=0.506)
22:55:22  INFO     [RAMS] Tier switch: NANO → SMALL  (R=0.481)
22:55:22  INFO     [RAMS] Tier switch: SMALL → NANO  (R=0.518)
22:55:22  INFO     [RAMS] Controller stopped.
    block=7/10 method=adaptive ...
22:55:22  INFO     [RAMS] Starting resource monitor ...
22:55:22  INFO     [RAMS] Loading model tiers ...
22:55:22  INFO     [RAMS] YOLOv8-nano ready — Ultralytics (imgsz=320).
22:55:23  INFO     [RAMS] YOLOv8-small ready — Ultralytics (imgsz=416).
22:55:23  INFO     [RAMS] YOLOv8-medium ready — Ultralytics (imgsz=640).
22:55:23  INFO     [RAMS] Controller ready. Policy: adaptive
22:55:25  INFO     [RAMS] Tier switch: SMALL → NANO  (R=0.568)
22:55:25  INFO     [RAMS] Tier switch: NANO → SMALL  (R=0.475)
22:55:25  INFO     [RAMS] Tier switch: SMALL → NANO  (R=0.500)
22:55:25  INFO     [RAMS] Tier switch: NANO → SMALL  (R=0.490)
22:55:26  INFO     [RAMS] Tier switch: SMALL → NANO  (R=0.588)
22:55:26  INFO     [RAMS] Tier switch: NANO → SMALL  (R=0.487)
22:55:27  INFO     [RAMS] Tier switch: SMALL → NANO  (R=0.586)
22:55:27  INFO     [RAMS] Tier switch: NANO → SMALL  (R=0.470)
22:55:28  INFO     [RAMS] Tier switch: SMALL → NANO  (R=0.512)
22:55:28  INFO     [RAMS] Tier switch: NANO → SMALL  (R=0.496)
22:55:28  INFO     [RAMS] Tier switch: SMALL → NANO  (R=0.544)
22:55:28  INFO     [RAMS] Tier switch: NANO → SMALL  (R=0.488)
22:55:29  INFO     [RAMS] Tier switch: SMALL → NANO  (R=0.566)
22:55:29  INFO     [RAMS] Tier switch: NANO → SMALL  (R=0.490)
22:55:29  INFO     [RAMS] Tier switch: SMALL → NANO  (R=0.540)
22:55:30  INFO     [RAMS] Tier switch: NANO → SMALL  (R=0.479)
22:55:30  INFO     [RAMS] Tier switch: SMALL → NANO  (R=0.518)
22:55:30  INFO     [RAMS] Tier switch: NANO → SMALL  (R=0.477)
22:55:31  INFO     [RAMS] Tier switch: SMALL → NANO  (R=0.503)
22:55:31  INFO     [RAMS] Tier switch: NANO → SMALL  (R=0.490)
22:55:31  INFO     [RAMS] Controller stopped.
    block=7/10 method=FIXED_SMALL ...
22:55:31  INFO     [RAMS] Starting resource monitor ...
22:55:31  INFO     [RAMS] Loading model tiers ...
22:55:31  INFO     [RAMS] YOLOv8-nano ready — Ultralytics (imgsz=320).
22:55:32  INFO     [RAMS] YOLOv8-small ready — Ultralytics (imgsz=416).
22:55:33  INFO     [RAMS] YOLOv8-medium ready — Ultralytics (imgsz=640).
22:55:33  INFO     [RAMS] Controller ready. Policy: fixed
22:55:40  INFO     [RAMS] Controller stopped.
    block=7/10 method=FIXED_NANO ...
22:55:40  INFO     [RAMS] Starting resource monitor ...
22:55:40  INFO     [RAMS] Loading model tiers ...
22:55:41  INFO     [RAMS] YOLOv8-nano ready — Ultralytics (imgsz=320).
22:55:41  INFO     [RAMS] YOLOv8-small ready — Ultralytics (imgsz=416).
22:55:42  INFO     [RAMS] YOLOv8-medium ready — Ultralytics (imgsz=640).
22:55:42  INFO     [RAMS] Controller ready. Policy: fixed
22:55:43  INFO     [RAMS] Tier switch: SMALL → NANO  (R=0.420)
22:55:49  INFO     [RAMS] Controller stopped.
    block=7/10 method=FIXED_MEDIUM ...
22:55:49  INFO     [RAMS] Starting resource monitor ...
22:55:49  INFO     [RAMS] Loading model tiers ...
22:55:49  INFO     [RAMS] YOLOv8-nano ready — Ultralytics (imgsz=320).
22:55:50  INFO     [RAMS] YOLOv8-small ready — Ultralytics (imgsz=416).
22:55:50  INFO     [RAMS] YOLOv8-medium ready — Ultralytics (imgsz=640).
22:55:50  INFO     [RAMS] Controller ready. Policy: fixed
22:55:51  INFO     [RAMS] Tier switch: SMALL → MEDIUM  (R=0.414)
22:55:59  INFO     [RAMS] Controller stopped.
    block=7/10 method=safety ...
22:55:59  INFO     [RAMS] Starting resource monitor ...
22:55:59  INFO     [RAMS] Loading model tiers ...
22:56:00  INFO     [RAMS] YOLOv8-nano ready — Ultralytics (imgsz=320).
22:56:00  INFO     [RAMS] YOLOv8-small ready — Ultralytics (imgsz=416).
22:56:01  INFO     [RAMS] YOLOv8-medium ready — Ultralytics (imgsz=640).
22:56:01  INFO     [RAMS] Controller ready. Policy: safety
22:56:02  INFO     [RAMS] Tier switch: SMALL → NANO  (R=0.530)
22:56:02  INFO     [RAMS] Tier switch: NANO → SMALL  (R=0.478)
22:56:08  INFO     [RAMS] Controller stopped.
    block=7/10 method=threshold ...
22:56:09  INFO     [RAMS] Starting resource monitor ...
22:56:09  INFO     [RAMS] Loading model tiers ...
22:56:09  INFO     [RAMS] YOLOv8-nano ready — Ultralytics (imgsz=320).
22:56:09  INFO     [RAMS] YOLOv8-small ready — Ultralytics (imgsz=416).
22:56:10  INFO     [RAMS] YOLOv8-medium ready — Ultralytics (imgsz=640).
22:56:10  INFO     [RAMS] Controller ready. Policy: threshold
22:56:11  INFO     [RAMS] Tier switch: SMALL → NANO  (R=0.506)
22:56:11  INFO     [RAMS] Tier switch: NANO → SMALL  (R=0.492)
22:56:12  INFO     [RAMS] Tier switch: SMALL → NANO  (R=0.499)
22:56:12  INFO     [RAMS] Tier switch: NANO → SMALL  (R=0.484)
22:56:12  INFO     [RAMS] Tier switch: SMALL → NANO  (R=0.566)
22:56:12  INFO     [RAMS] Tier switch: NANO → SMALL  (R=0.480)
22:56:12  INFO     [RAMS] Tier switch: SMALL → NANO  (R=0.498)
22:56:12  INFO     [RAMS] Tier switch: NANO → SMALL  (R=0.498)
22:56:13  INFO     [RAMS] Tier switch: SMALL → NANO  (R=0.506)
22:56:13  INFO     [RAMS] Tier switch: NANO → SMALL  (R=0.481)
22:56:13  INFO     [RAMS] Tier switch: SMALL → NANO  (R=0.557)
22:56:13  INFO     [RAMS] Tier switch: NANO → SMALL  (R=0.486)
22:56:13  INFO     [RAMS] Tier switch: SMALL → NANO  (R=0.516)
22:56:14  INFO     [RAMS] Tier switch: NANO → SMALL  (R=0.490)
22:56:14  INFO     [RAMS] Tier switch: SMALL → NANO  (R=0.503)
22:56:14  INFO     [RAMS] Tier switch: NANO → SMALL  (R=0.496)
22:56:14  INFO     [RAMS] Tier switch: SMALL → NANO  (R=0.557)
22:56:14  INFO     [RAMS] Tier switch: NANO → SMALL  (R=0.497)
22:56:14  INFO     [RAMS] Tier switch: SMALL → NANO  (R=0.500)
22:56:15  INFO     [RAMS] Tier switch: NANO → SMALL  (R=0.481)
22:56:15  INFO     [RAMS] Tier switch: SMALL → NANO  (R=0.608)
22:56:15  INFO     [RAMS] Tier switch: NANO → SMALL  (R=0.496)
22:56:15  INFO     [RAMS] Tier switch: SMALL → NANO  (R=0.511)
22:56:16  INFO     [RAMS] Tier switch: NANO → SMALL  (R=0.478)
22:56:16  INFO     [RAMS] Tier switch: SMALL → NANO  (R=0.592)
22:56:16  INFO     [RAMS] Tier switch: NANO → SMALL  (R=0.479)
22:56:16  INFO     [RAMS] Tier switch: SMALL → NANO  (R=0.512)
22:56:17  INFO     [RAMS] Tier switch: NANO → SMALL  (R=0.480)
22:56:17  INFO     [RAMS] Tier switch: SMALL → NANO  (R=0.499)
22:56:17  INFO     [RAMS] Tier switch: NANO → SMALL  (R=0.494)
22:56:17  INFO     [RAMS] Tier switch: SMALL → NANO  (R=0.628)
22:56:17  INFO     [RAMS] Controller stopped.
    block=7/10 method=predictive ...
22:56:17  INFO     [RAMS] Starting resource monitor ...
22:56:17  INFO     [RAMS] Loading model tiers ...
22:56:18  INFO     [RAMS] YOLOv8-nano ready — Ultralytics (imgsz=320).
22:56:18  INFO     [RAMS] YOLOv8-small ready — Ultralytics (imgsz=416).
22:56:19  INFO     [RAMS] YOLOv8-medium ready — Ultralytics (imgsz=640).
22:56:19  INFO     [RAMS] Controller ready. Policy: predictive
22:56:20  INFO     [RAMS] Tier switch: SMALL → NANO  (R=0.561)
22:56:23  INFO     [RAMS] Tier switch: NANO → SMALL  (R=0.486)
22:56:23  INFO     [RAMS] Tier switch: SMALL → NANO  (R=0.516)
22:56:24  INFO     [RAMS] Tier switch: NANO → SMALL  (R=0.488)
22:56:24  INFO     [RAMS] Tier switch: SMALL → NANO  (R=0.503)
22:56:24  INFO     [RAMS] Tier switch: NANO → SMALL  (R=0.495)
22:56:25  INFO     [RAMS] Tier switch: SMALL → NANO  (R=0.507)
22:56:25  INFO     [RAMS] Tier switch: NANO → SMALL  (R=0.480)
22:56:25  INFO     [RAMS] Tier switch: SMALL → NANO  (R=0.509)
22:56:25  INFO     [RAMS] Tier switch: NANO → SMALL  (R=0.485)
22:56:25  INFO     [RAMS] Tier switch: SMALL → NANO  (R=0.507)
22:56:26  INFO     [RAMS] Tier switch: NANO → SMALL  (R=0.482)
22:56:26  INFO     [RAMS] Tier switch: SMALL → NANO  (R=0.553)
22:56:26  INFO     [RAMS] Tier switch: NANO → SMALL  (R=0.488)
22:56:26  INFO     [RAMS] Controller stopped.
    block=7/10 method=safety2 ...
22:56:27  INFO     [RAMS] Starting resource monitor ...
22:56:27  INFO     [RAMS] Loading model tiers ...
22:56:27  INFO     [RAMS] YOLOv8-nano ready — Ultralytics (imgsz=320).
22:56:27  INFO     [RAMS] YOLOv8-small ready — Ultralytics (imgsz=416).
22:56:28  INFO     [RAMS] YOLOv8-medium ready — Ultralytics (imgsz=640).
22:56:28  INFO     [RAMS] Controller ready. Policy: safety2
22:56:29  INFO     [RAMS] Tier switch: SMALL → MEDIUM  (R=0.482)
22:56:30  INFO     [RAMS] Tier switch: MEDIUM → SMALL  (R=0.548)
22:56:30  INFO     [RAMS] Tier switch: SMALL → MEDIUM  (R=0.548)
22:56:31  INFO     [RAMS] Tier switch: MEDIUM → SMALL  (R=0.520)
22:56:31  INFO     [RAMS] Tier switch: SMALL → MEDIUM  (R=0.520)
22:56:32  INFO     [RAMS] Tier switch: MEDIUM → NANO  (R=0.515)
22:56:33  INFO     [RAMS] Tier switch: NANO → MEDIUM  (R=0.501)
22:56:33  INFO     [RAMS] Tier switch: MEDIUM → SMALL  (R=0.493)
22:56:33  INFO     [RAMS] Tier switch: SMALL → MEDIUM  (R=0.480)
22:56:34  INFO     [RAMS] Tier switch: MEDIUM → NANO  (R=0.563)
22:56:34  INFO     [RAMS] Tier switch: NANO → SMALL  (R=0.473)
22:56:34  INFO     [RAMS] Tier switch: SMALL → MEDIUM  (R=0.486)
22:56:35  INFO     [RAMS] Tier switch: MEDIUM → SMALL  (R=0.494)
22:56:35  INFO     [RAMS] Tier switch: SMALL → MEDIUM  (R=0.488)
22:56:37  INFO     [RAMS] Controller stopped.
    block=8/10 method=adaptive ...
22:56:37  INFO     [RAMS] Starting resource monitor ...
22:56:37  INFO     [RAMS] Loading model tiers ...
22:56:37  INFO     [RAMS] YOLOv8-nano ready — Ultralytics (imgsz=320).
22:56:37  INFO     [RAMS] YOLOv8-small ready — Ultralytics (imgsz=416).
22:56:38  INFO     [RAMS] YOLOv8-medium ready — Ultralytics (imgsz=640).
22:56:38  INFO     [RAMS] Controller ready. Policy: adaptive
22:56:39  INFO     [RAMS] Tier switch: SMALL → NANO  (R=0.560)
22:56:45  INFO     [RAMS] Tier switch: NANO → SMALL  (R=0.484)
22:56:45  INFO     [RAMS] Tier switch: SMALL → NANO  (R=0.573)
22:56:45  INFO     [RAMS] Tier switch: NANO → SMALL  (R=0.471)
22:56:46  INFO     [RAMS] Controller stopped.
    block=8/10 method=FIXED_SMALL ...
22:56:46  INFO     [RAMS] Starting resource monitor ...
22:56:46  INFO     [RAMS] Loading model tiers ...
22:56:46  INFO     [RAMS] YOLOv8-nano ready — Ultralytics (imgsz=320).
22:56:46  INFO     [RAMS] YOLOv8-small ready — Ultralytics (imgsz=416).
22:56:47  INFO     [RAMS] YOLOv8-medium ready — Ultralytics (imgsz=640).
22:56:47  INFO     [RAMS] Controller ready. Policy: fixed
22:56:55  INFO     [RAMS] Controller stopped.
    block=8/10 method=threshold ...
22:56:55  INFO     [RAMS] Starting resource monitor ...
22:56:55  INFO     [RAMS] Loading model tiers ...
22:56:55  INFO     [RAMS] YOLOv8-nano ready — Ultralytics (imgsz=320).
22:56:55  INFO     [RAMS] YOLOv8-small ready — Ultralytics (imgsz=416).
22:56:56  INFO     [RAMS] YOLOv8-medium ready — Ultralytics (imgsz=640).
22:56:56  INFO     [RAMS] Controller ready. Policy: threshold
22:56:57  INFO     [RAMS] Tier switch: SMALL → NANO  (R=0.501)
22:56:57  INFO     [RAMS] Tier switch: NANO → SMALL  (R=0.487)
22:56:58  INFO     [RAMS] Tier switch: SMALL → NANO  (R=0.506)
22:56:58  INFO     [RAMS] Tier switch: NANO → SMALL  (R=0.498)
22:56:58  INFO     [RAMS] Tier switch: SMALL → NANO  (R=0.560)
22:56:58  INFO     [RAMS] Tier switch: NANO → SMALL  (R=0.491)
22:56:59  INFO     [RAMS] Tier switch: SMALL → NANO  (R=0.510)
22:56:59  INFO     [RAMS] Tier switch: NANO → SMALL  (R=0.476)
22:56:59  INFO     [RAMS] Tier switch: SMALL → NANO  (R=0.594)
22:56:59  INFO     [RAMS] Tier switch: NANO → SMALL  (R=0.494)
22:57:00  INFO     [RAMS] Tier switch: SMALL → NANO  (R=0.534)
22:57:04  INFO     [RAMS] Controller stopped.
    block=8/10 method=FIXED_MEDIUM ...
22:57:04  INFO     [RAMS] Starting resource monitor ...
22:57:04  INFO     [RAMS] Loading model tiers ...
22:57:04  INFO     [RAMS] YOLOv8-nano ready — Ultralytics (imgsz=320).
22:57:04  INFO     [RAMS] YOLOv8-small ready — Ultralytics (imgsz=416).
22:57:05  INFO     [RAMS] YOLOv8-medium ready — Ultralytics (imgsz=640).
22:57:05  INFO     [RAMS] Controller ready. Policy: fixed
22:57:06  INFO     [RAMS] Tier switch: SMALL → MEDIUM  (R=0.423)
22:57:14  INFO     [RAMS] Controller stopped.
    block=8/10 method=safety2 ...
22:57:14  INFO     [RAMS] Starting resource monitor ...
22:57:14  INFO     [RAMS] Loading model tiers ...
22:57:14  INFO     [RAMS] YOLOv8-nano ready — Ultralytics (imgsz=320).
22:57:14  INFO     [RAMS] YOLOv8-small ready — Ultralytics (imgsz=416).
22:57:15  INFO     [RAMS] YOLOv8-medium ready — Ultralytics (imgsz=640).
22:57:15  INFO     [RAMS] Controller ready. Policy: safety2
22:57:16  INFO     [RAMS] Tier switch: SMALL → NANO  (R=0.508)
22:57:16  INFO     [RAMS] Tier switch: NANO → MEDIUM  (R=0.499)
22:57:17  INFO     [RAMS] Tier switch: MEDIUM → NANO  (R=0.579)
22:57:17  INFO     [RAMS] Tier switch: NANO → SMALL  (R=0.485)
22:57:18  INFO     [RAMS] Tier switch: SMALL → NANO  (R=0.508)
22:57:18  INFO     [RAMS] Tier switch: NANO → MEDIUM  (R=0.490)
22:57:19  INFO     [RAMS] Tier switch: MEDIUM → SMALL  (R=0.476)
22:57:19  INFO     [RAMS] Tier switch: SMALL → MEDIUM  (R=0.543)
22:57:20  INFO     [RAMS] Tier switch: MEDIUM → NANO  (R=0.540)
22:57:20  INFO     [RAMS] Tier switch: NANO → MEDIUM  (R=0.540)
22:57:21  INFO     [RAMS] Tier switch: MEDIUM → NANO  (R=0.522)
22:57:21  INFO     [RAMS] Tier switch: NANO → MEDIUM  (R=0.583)
22:57:23  INFO     [RAMS] Tier switch: MEDIUM → SMALL  (R=0.619)
22:57:23  INFO     [RAMS] Tier switch: SMALL → MEDIUM  (R=0.607)
22:57:24  INFO     [RAMS] Controller stopped.
    block=8/10 method=predictive ...
22:57:24  INFO     [RAMS] Starting resource monitor ...
22:57:24  INFO     [RAMS] Loading model tiers ...
22:57:24  INFO     [RAMS] YOLOv8-nano ready — Ultralytics (imgsz=320).
22:57:24  INFO     [RAMS] YOLOv8-small ready — Ultralytics (imgsz=416).
22:57:25  INFO     [RAMS] YOLOv8-medium ready — Ultralytics (imgsz=640).
22:57:25  INFO     [RAMS] Controller ready. Policy: predictive
22:57:26  INFO     [RAMS] Tier switch: SMALL → NANO  (R=0.530)
22:57:27  INFO     [RAMS] Tier switch: NANO → SMALL  (R=0.492)
22:57:28  INFO     [RAMS] Tier switch: SMALL → NANO  (R=0.504)
22:57:28  INFO     [RAMS] Tier switch: NANO → SMALL  (R=0.484)
22:57:28  INFO     [RAMS] Tier switch: SMALL → NANO  (R=0.546)
22:57:28  INFO     [RAMS] Tier switch: NANO → SMALL  (R=0.485)
22:57:28  INFO     [RAMS] Tier switch: SMALL → NANO  (R=0.500)
22:57:28  INFO     [RAMS] Tier switch: NANO → SMALL  (R=0.483)
22:57:28  INFO     [RAMS] Tier switch: SMALL → NANO  (R=0.509)
22:57:28  INFO     [RAMS] Tier switch: NANO → SMALL  (R=0.488)
22:57:29  INFO     [RAMS] Tier switch: SMALL → NANO  (R=0.509)
22:57:29  INFO     [RAMS] Tier switch: NANO → SMALL  (R=0.490)
22:57:29  INFO     [RAMS] Tier switch: SMALL → NANO  (R=0.573)
22:57:29  INFO     [RAMS] Tier switch: NANO → SMALL  (R=0.479)
22:57:29  INFO     [RAMS] Tier switch: SMALL → NANO  (R=0.504)
22:57:29  INFO     [RAMS] Tier switch: NANO → SMALL  (R=0.483)
22:57:30  INFO     [RAMS] Tier switch: SMALL → NANO  (R=0.503)
22:57:30  INFO     [RAMS] Tier switch: NANO → SMALL  (R=0.479)
22:57:30  INFO     [RAMS] Tier switch: SMALL → NANO  (R=0.586)
22:57:30  INFO     [RAMS] Tier switch: NANO → SMALL  (R=0.471)
22:57:31  INFO     [RAMS] Tier switch: SMALL → NANO  (R=0.510)
22:57:31  INFO     [RAMS] Tier switch: NANO → SMALL  (R=0.491)
22:57:31  INFO     [RAMS] Tier switch: SMALL → NANO  (R=0.549)
22:57:31  INFO     [RAMS] Tier switch: NANO → SMALL  (R=0.480)
22:57:32  INFO     [RAMS] Tier switch: SMALL → NANO  (R=0.507)
22:57:32  INFO     [RAMS] Tier switch: NANO → SMALL  (R=0.486)
22:57:32  INFO     [RAMS] Tier switch: SMALL → NANO  (R=0.508)
22:57:32  INFO     [RAMS] Tier switch: NANO → SMALL  (R=0.487)
22:57:32  INFO     [RAMS] Tier switch: SMALL → NANO  (R=0.514)
22:57:33  INFO     [RAMS] Tier switch: NANO → SMALL  (R=0.479)
22:57:33  INFO     [RAMS] Controller stopped.
    block=8/10 method=safety ...
22:57:33  INFO     [RAMS] Starting resource monitor ...
22:57:33  INFO     [RAMS] Loading model tiers ...
22:57:33  INFO     [RAMS] YOLOv8-nano ready — Ultralytics (imgsz=320).
22:57:33  INFO     [RAMS] YOLOv8-small ready — Ultralytics (imgsz=416).
22:57:34  INFO     [RAMS] YOLOv8-medium ready — Ultralytics (imgsz=640).
22:57:34  INFO     [RAMS] Controller ready. Policy: safety
22:57:35  INFO     [RAMS] Tier switch: SMALL → NANO  (R=0.512)
22:57:35  INFO     [RAMS] Tier switch: NANO → SMALL  (R=0.497)
22:57:42  INFO     [RAMS] Controller stopped.
    block=8/10 method=FIXED_NANO ...
22:57:42  INFO     [RAMS] Starting resource monitor ...
22:57:42  INFO     [RAMS] Loading model tiers ...
22:57:42  INFO     [RAMS] YOLOv8-nano ready — Ultralytics (imgsz=320).
22:57:43  INFO     [RAMS] YOLOv8-small ready — Ultralytics (imgsz=416).
22:57:43  INFO     [RAMS] YOLOv8-medium ready — Ultralytics (imgsz=640).
22:57:43  INFO     [RAMS] Controller ready. Policy: fixed
22:57:44  INFO     [RAMS] Tier switch: SMALL → NANO  (R=0.484)
22:57:51  INFO     [RAMS] Controller stopped.
    block=9/10 method=predictive ...
22:57:51  INFO     [RAMS] Starting resource monitor ...
22:57:51  INFO     [RAMS] Loading model tiers ...
22:57:51  INFO     [RAMS] YOLOv8-nano ready — Ultralytics (imgsz=320).
22:57:52  INFO     [RAMS] YOLOv8-small ready — Ultralytics (imgsz=416).
22:57:52  INFO     [RAMS] YOLOv8-medium ready — Ultralytics (imgsz=640).
22:57:52  INFO     [RAMS] Controller ready. Policy: predictive
22:57:54  INFO     [RAMS] Tier switch: SMALL → NANO  (R=0.595)
22:57:54  INFO     [RAMS] Tier switch: NANO → SMALL  (R=0.477)
22:57:54  INFO     [RAMS] Tier switch: SMALL → NANO  (R=0.502)
22:57:55  INFO     [RAMS] Tier switch: NANO → SMALL  (R=0.473)
22:57:55  INFO     [RAMS] Tier switch: SMALL → NANO  (R=0.506)
22:57:55  INFO     [RAMS] Tier switch: NANO → SMALL  (R=0.487)
22:57:55  INFO     [RAMS] Tier switch: SMALL → NANO  (R=0.563)
22:57:55  INFO     [RAMS] Tier switch: NANO → SMALL  (R=0.477)
22:57:56  INFO     [RAMS] Tier switch: SMALL → NANO  (R=0.563)
22:57:56  INFO     [RAMS] Tier switch: NANO → SMALL  (R=0.475)
22:57:56  INFO     [RAMS] Tier switch: SMALL → NANO  (R=0.514)
22:57:56  INFO     [RAMS] Tier switch: NANO → SMALL  (R=0.472)
22:57:57  INFO     [RAMS] Tier switch: SMALL → NANO  (R=0.514)
22:57:57  INFO     [RAMS] Tier switch: NANO → SMALL  (R=0.482)
22:57:57  INFO     [RAMS] Tier switch: SMALL → NANO  (R=0.514)
22:57:57  INFO     [RAMS] Tier switch: NANO → SMALL  (R=0.475)
22:57:58  INFO     [RAMS] Tier switch: SMALL → NANO  (R=0.507)
22:57:58  INFO     [RAMS] Tier switch: NANO → SMALL  (R=0.482)
22:57:58  INFO     [RAMS] Tier switch: SMALL → NANO  (R=0.591)
22:57:58  INFO     [RAMS] Tier switch: NANO → SMALL  (R=0.490)
22:57:59  INFO     [RAMS] Tier switch: SMALL → NANO  (R=0.512)
22:57:59  INFO     [RAMS] Tier switch: NANO → SMALL  (R=0.496)
22:57:59  INFO     [RAMS] Tier switch: SMALL → NANO  (R=0.500)
22:57:59  INFO     [RAMS] Tier switch: NANO → SMALL  (R=0.489)
22:57:59  INFO     [RAMS] Tier switch: SMALL → NANO  (R=0.503)
22:57:59  INFO     [RAMS] Tier switch: NANO → SMALL  (R=0.485)
22:58:00  INFO     [RAMS] Tier switch: SMALL → NANO  (R=0.514)
22:58:00  INFO     [RAMS] Controller stopped.
    block=9/10 method=FIXED_SMALL ...
22:58:00  INFO     [RAMS] Starting resource monitor ...
22:58:00  INFO     [RAMS] Loading model tiers ...
22:58:00  INFO     [RAMS] YOLOv8-nano ready — Ultralytics (imgsz=320).
22:58:00  INFO     [RAMS] YOLOv8-small ready — Ultralytics (imgsz=416).
22:58:01  INFO     [RAMS] YOLOv8-medium ready — Ultralytics (imgsz=640).
22:58:01  INFO     [RAMS] Controller ready. Policy: fixed
22:58:09  INFO     [RAMS] Controller stopped.
    block=9/10 method=FIXED_MEDIUM ...
22:58:09  INFO     [RAMS] Starting resource monitor ...
22:58:09  INFO     [RAMS] Loading model tiers ...
22:58:09  INFO     [RAMS] YOLOv8-nano ready — Ultralytics (imgsz=320).
22:58:10  INFO     [RAMS] YOLOv8-small ready — Ultralytics (imgsz=416).
22:58:11  INFO     [RAMS] YOLOv8-medium ready — Ultralytics (imgsz=640).
22:58:11  INFO     [RAMS] Controller ready. Policy: fixed
22:58:12  INFO     [RAMS] Tier switch: SMALL → MEDIUM  (R=0.411)
22:58:20  INFO     [RAMS] Controller stopped.
    block=9/10 method=safety2 ...
22:58:20  INFO     [RAMS] Starting resource monitor ...
22:58:20  INFO     [RAMS] Loading model tiers ...
22:58:20  INFO     [RAMS] YOLOv8-nano ready — Ultralytics (imgsz=320).
22:58:20  INFO     [RAMS] YOLOv8-small ready — Ultralytics (imgsz=416).
22:58:21  INFO     [RAMS] YOLOv8-medium ready — Ultralytics (imgsz=640).
22:58:21  INFO     [RAMS] Controller ready. Policy: safety2
22:58:22  INFO     [RAMS] Tier switch: SMALL → MEDIUM  (R=0.502)
22:58:23  INFO     [RAMS] Tier switch: MEDIUM → NANO  (R=0.512)
22:58:23  INFO     [RAMS] Tier switch: NANO → MEDIUM  (R=0.573)
22:58:24  INFO     [RAMS] Tier switch: MEDIUM → NANO  (R=0.502)
22:58:24  INFO     [RAMS] Tier switch: NANO → SMALL  (R=0.477)
22:58:24  INFO     [RAMS] Tier switch: SMALL → MEDIUM  (R=0.514)
22:58:25  INFO     [RAMS] Tier switch: MEDIUM → SMALL  (R=0.542)
22:58:25  INFO     [RAMS] Tier switch: SMALL → MEDIUM  (R=0.661)
22:58:26  INFO     [RAMS] Tier switch: MEDIUM → NANO  (R=0.552)
22:58:26  INFO     [RAMS] Tier switch: NANO → SMALL  (R=0.558)
22:58:26  INFO     [RAMS] Tier switch: SMALL → MEDIUM  (R=0.558)
22:58:26  INFO     [RAMS] Tier switch: MEDIUM → SMALL  (R=0.597)
22:58:26  INFO     [RAMS] Tier switch: SMALL → MEDIUM  (R=0.578)
22:58:27  INFO     [RAMS] Tier switch: MEDIUM → NANO  (R=0.577)
22:58:28  INFO     [RAMS] Tier switch: NANO → MEDIUM  (R=0.563)
22:58:28  INFO     [RAMS] Tier switch: MEDIUM → NANO  (R=0.641)
22:58:29  INFO     [RAMS] Tier switch: NANO → MEDIUM  (R=0.541)
22:58:30  INFO     [RAMS] Controller stopped.
    block=9/10 method=safety ...
22:58:30  INFO     [RAMS] Starting resource monitor ...
22:58:30  INFO     [RAMS] Loading model tiers ...
22:58:30  INFO     [RAMS] YOLOv8-nano ready — Ultralytics (imgsz=320).
22:58:30  INFO     [RAMS] YOLOv8-small ready — Ultralytics (imgsz=416).
22:58:31  INFO     [RAMS] YOLOv8-medium ready — Ultralytics (imgsz=640).
22:58:31  INFO     [RAMS] Controller ready. Policy: safety
22:58:39  INFO     [RAMS] Controller stopped.
    block=9/10 method=adaptive ...
22:58:39  INFO     [RAMS] Starting resource monitor ...
22:58:39  INFO     [RAMS] Loading model tiers ...
22:58:39  INFO     [RAMS] YOLOv8-nano ready — Ultralytics (imgsz=320).
22:58:39  INFO     [RAMS] YOLOv8-small ready — Ultralytics (imgsz=416).
22:58:40  INFO     [RAMS] YOLOv8-medium ready — Ultralytics (imgsz=640).
22:58:40  INFO     [RAMS] Controller ready. Policy: adaptive
22:58:42  INFO     [RAMS] Tier switch: SMALL → NANO  (R=0.531)
22:58:42  INFO     [RAMS] Tier switch: NANO → SMALL  (R=0.485)
22:58:43  INFO     [RAMS] Tier switch: SMALL → NANO  (R=0.548)
22:58:43  INFO     [RAMS] Tier switch: NANO → SMALL  (R=0.471)
22:58:43  INFO     [RAMS] Tier switch: SMALL → NANO  (R=0.502)
22:58:44  INFO     [RAMS] Tier switch: NANO → SMALL  (R=0.481)
22:58:44  INFO     [RAMS] Tier switch: SMALL → NANO  (R=0.508)
22:58:45  INFO     [RAMS] Tier switch: NANO → SMALL  (R=0.490)
22:58:45  INFO     [RAMS] Tier switch: SMALL → NANO  (R=0.511)
22:58:45  INFO     [RAMS] Tier switch: NANO → SMALL  (R=0.493)
22:58:45  INFO     [RAMS] Tier switch: SMALL → NANO  (R=0.542)
22:58:46  INFO     [RAMS] Tier switch: NANO → SMALL  (R=0.482)
22:58:46  INFO     [RAMS] Tier switch: SMALL → NANO  (R=0.510)
22:58:46  INFO     [RAMS] Tier switch: NANO → SMALL  (R=0.482)
22:58:46  INFO     [RAMS] Tier switch: SMALL → NANO  (R=0.544)
22:58:46  INFO     [RAMS] Tier switch: NANO → SMALL  (R=0.493)
22:58:47  INFO     [RAMS] Tier switch: SMALL → NANO  (R=0.562)
22:58:48  INFO     [RAMS] Controller stopped.
    block=9/10 method=threshold ...
22:58:48  INFO     [RAMS] Starting resource monitor ...
22:58:48  INFO     [RAMS] Loading model tiers ...
22:58:48  INFO     [RAMS] YOLOv8-nano ready — Ultralytics (imgsz=320).
22:58:48  INFO     [RAMS] YOLOv8-small ready — Ultralytics (imgsz=416).
22:58:49  INFO     [RAMS] YOLOv8-medium ready — Ultralytics (imgsz=640).
22:58:49  INFO     [RAMS] Controller ready. Policy: threshold
22:58:50  INFO     [RAMS] Tier switch: SMALL → NANO  (R=0.512)
22:58:53  INFO     [RAMS] Tier switch: NANO → SMALL  (R=0.469)
22:58:53  INFO     [RAMS] Tier switch: SMALL → NANO  (R=0.509)
22:58:54  INFO     [RAMS] Tier switch: NANO → SMALL  (R=0.488)
22:58:54  INFO     [RAMS] Tier switch: SMALL → NANO  (R=0.501)
22:58:54  INFO     [RAMS] Tier switch: NANO → SMALL  (R=0.482)
22:58:54  INFO     [RAMS] Tier switch: SMALL → NANO  (R=0.567)
22:58:54  INFO     [RAMS] Tier switch: NANO → SMALL  (R=0.479)
22:58:55  INFO     [RAMS] Tier switch: SMALL → NANO  (R=0.507)
22:58:55  INFO     [RAMS] Tier switch: NANO → SMALL  (R=0.485)
22:58:55  INFO     [RAMS] Tier switch: SMALL → NANO  (R=0.508)
22:58:55  INFO     [RAMS] Tier switch: NANO → SMALL  (R=0.497)
22:58:55  INFO     [RAMS] Tier switch: SMALL → NANO  (R=0.566)
22:58:55  INFO     [RAMS] Tier switch: NANO → SMALL  (R=0.483)
22:58:55  INFO     [RAMS] Tier switch: SMALL → NANO  (R=0.503)
22:58:56  INFO     [RAMS] Tier switch: NANO → SMALL  (R=0.489)
22:58:56  INFO     [RAMS] Tier switch: SMALL → NANO  (R=0.503)
22:58:56  INFO     [RAMS] Tier switch: NANO → SMALL  (R=0.478)
22:58:56  INFO     [RAMS] Tier switch: SMALL → NANO  (R=0.510)
22:58:56  INFO     [RAMS] Tier switch: NANO → SMALL  (R=0.475)
22:58:56  INFO     [RAMS] Tier switch: SMALL → NANO  (R=0.516)
22:58:57  INFO     [RAMS] Controller stopped.
    block=9/10 method=FIXED_NANO ...
22:58:57  INFO     [RAMS] Starting resource monitor ...
22:58:57  INFO     [RAMS] Loading model tiers ...
22:58:57  INFO     [RAMS] YOLOv8-nano ready — Ultralytics (imgsz=320).
22:58:57  INFO     [RAMS] YOLOv8-small ready — Ultralytics (imgsz=416).
22:58:58  INFO     [RAMS] YOLOv8-medium ready — Ultralytics (imgsz=640).
22:58:58  INFO     [RAMS] Controller ready. Policy: fixed
22:58:59  INFO     [RAMS] Tier switch: SMALL → NANO  (R=0.497)
22:59:05  INFO     [RAMS] Controller stopped.
    block=10/10 method=threshold ...
22:59:06  INFO     [RAMS] Starting resource monitor ...
22:59:06  INFO     [RAMS] Loading model tiers ...
22:59:06  INFO     [RAMS] YOLOv8-nano ready — Ultralytics (imgsz=320).
22:59:06  INFO     [RAMS] YOLOv8-small ready — Ultralytics (imgsz=416).
22:59:07  INFO     [RAMS] YOLOv8-medium ready — Ultralytics (imgsz=640).
22:59:07  INFO     [RAMS] Controller ready. Policy: threshold
22:59:08  INFO     [RAMS] Tier switch: SMALL → NANO  (R=0.516)
22:59:14  INFO     [RAMS] Tier switch: NANO → SMALL  (R=0.481)
22:59:15  INFO     [RAMS] Controller stopped.
    block=10/10 method=adaptive ...
22:59:15  INFO     [RAMS] Starting resource monitor ...
22:59:15  INFO     [RAMS] Loading model tiers ...
22:59:15  INFO     [RAMS] YOLOv8-nano ready — Ultralytics (imgsz=320).
22:59:15  INFO     [RAMS] YOLOv8-small ready — Ultralytics (imgsz=416).
22:59:16  INFO     [RAMS] YOLOv8-medium ready — Ultralytics (imgsz=640).
22:59:16  INFO     [RAMS] Controller ready. Policy: adaptive
22:59:18  INFO     [RAMS] Tier switch: SMALL → NANO  (R=0.510)
22:59:18  INFO     [RAMS] Tier switch: NANO → SMALL  (R=0.483)
22:59:18  INFO     [RAMS] Tier switch: SMALL → NANO  (R=0.554)
22:59:18  INFO     [RAMS] Tier switch: NANO → SMALL  (R=0.484)
22:59:18  INFO     [RAMS] Tier switch: SMALL → NANO  (R=0.506)
22:59:18  INFO     [RAMS] Tier switch: NANO → SMALL  (R=0.492)
22:59:19  INFO     [RAMS] Tier switch: SMALL → NANO  (R=0.546)
22:59:19  INFO     [RAMS] Tier switch: NANO → SMALL  (R=0.492)
22:59:19  INFO     [RAMS] Tier switch: SMALL → NANO  (R=0.502)
22:59:19  INFO     [RAMS] Tier switch: NANO → SMALL  (R=0.488)
22:59:20  INFO     [RAMS] Tier switch: SMALL → NANO  (R=0.519)
22:59:20  INFO     [RAMS] Tier switch: NANO → SMALL  (R=0.490)
22:59:20  INFO     [RAMS] Tier switch: SMALL → NANO  (R=0.560)
22:59:20  INFO     [RAMS] Tier switch: NANO → SMALL  (R=0.495)
22:59:21  INFO     [RAMS] Tier switch: SMALL → NANO  (R=0.571)
22:59:21  INFO     [RAMS] Tier switch: NANO → SMALL  (R=0.480)
22:59:22  INFO     [RAMS] Tier switch: SMALL → NANO  (R=0.564)
22:59:22  INFO     [RAMS] Tier switch: NANO → SMALL  (R=0.474)
22:59:23  INFO     [RAMS] Tier switch: SMALL → NANO  (R=0.516)
22:59:23  INFO     [RAMS] Tier switch: NANO → SMALL  (R=0.489)
22:59:23  INFO     [RAMS] Tier switch: SMALL → NANO  (R=0.564)
22:59:23  INFO     [RAMS] Tier switch: NANO → SMALL  (R=0.493)
22:59:24  INFO     [RAMS] Controller stopped.
    block=10/10 method=FIXED_NANO ...
22:59:24  INFO     [RAMS] Starting resource monitor ...
22:59:24  INFO     [RAMS] Loading model tiers ...
22:59:24  INFO     [RAMS] YOLOv8-nano ready — Ultralytics (imgsz=320).
22:59:24  INFO     [RAMS] YOLOv8-small ready — Ultralytics (imgsz=416).
22:59:25  INFO     [RAMS] YOLOv8-medium ready — Ultralytics (imgsz=640).
22:59:25  INFO     [RAMS] Controller ready. Policy: fixed
22:59:26  INFO     [RAMS] Tier switch: SMALL → NANO  (R=0.417)
22:59:33  INFO     [RAMS] Controller stopped.
    block=10/10 method=predictive ...
22:59:33  INFO     [RAMS] Starting resource monitor ...
22:59:33  INFO     [RAMS] Loading model tiers ...
22:59:33  INFO     [RAMS] YOLOv8-nano ready — Ultralytics (imgsz=320).
22:59:33  INFO     [RAMS] YOLOv8-small ready — Ultralytics (imgsz=416).
22:59:34  INFO     [RAMS] YOLOv8-medium ready — Ultralytics (imgsz=640).
22:59:34  INFO     [RAMS] Controller ready. Policy: predictive
22:59:35  INFO     [RAMS] Tier switch: SMALL → NANO  (R=0.515)
22:59:36  INFO     [RAMS] Tier switch: NANO → SMALL  (R=0.485)
22:59:36  INFO     [RAMS] Tier switch: SMALL → NANO  (R=0.534)
22:59:36  INFO     [RAMS] Tier switch: NANO → SMALL  (R=0.494)
22:59:37  INFO     [RAMS] Tier switch: SMALL → NANO  (R=0.509)
22:59:37  INFO     [RAMS] Tier switch: NANO → SMALL  (R=0.477)
22:59:37  INFO     [RAMS] Tier switch: SMALL → NANO  (R=0.555)
22:59:37  INFO     [RAMS] Tier switch: NANO → SMALL  (R=0.480)
22:59:38  INFO     [RAMS] Tier switch: SMALL → NANO  (R=0.512)
22:59:38  INFO     [RAMS] Tier switch: NANO → SMALL  (R=0.482)
22:59:38  INFO     [RAMS] Tier switch: SMALL → NANO  (R=0.501)
22:59:38  INFO     [RAMS] Tier switch: NANO → SMALL  (R=0.483)
22:59:39  INFO     [RAMS] Tier switch: SMALL → NANO  (R=0.506)
22:59:39  INFO     [RAMS] Tier switch: NANO → SMALL  (R=0.495)
22:59:39  INFO     [RAMS] Tier switch: SMALL → NANO  (R=0.528)
22:59:39  INFO     [RAMS] Tier switch: NANO → SMALL  (R=0.491)
22:59:40  INFO     [RAMS] Tier switch: SMALL → NANO  (R=0.510)
22:59:40  INFO     [RAMS] Tier switch: NANO → SMALL  (R=0.484)
22:59:40  INFO     [RAMS] Tier switch: SMALL → NANO  (R=0.517)
22:59:40  INFO     [RAMS] Tier switch: NANO → SMALL  (R=0.480)
22:59:41  INFO     [RAMS] Tier switch: SMALL → NANO  (R=0.534)
22:59:41  INFO     [RAMS] Tier switch: NANO → SMALL  (R=0.490)
22:59:42  INFO     [RAMS] Controller stopped.
    block=10/10 method=safety ...
22:59:42  INFO     [RAMS] Starting resource monitor ...
22:59:42  INFO     [RAMS] Loading model tiers ...
22:59:42  INFO     [RAMS] YOLOv8-nano ready — Ultralytics (imgsz=320).
22:59:42  INFO     [RAMS] YOLOv8-small ready — Ultralytics (imgsz=416).
22:59:43  INFO     [RAMS] YOLOv8-medium ready — Ultralytics (imgsz=640).
22:59:43  INFO     [RAMS] Controller ready. Policy: safety
22:59:51  INFO     [RAMS] Controller stopped.
    block=10/10 method=FIXED_SMALL ...
22:59:51  INFO     [RAMS] Starting resource monitor ...
22:59:51  INFO     [RAMS] Loading model tiers ...
22:59:51  INFO     [RAMS] YOLOv8-nano ready — Ultralytics (imgsz=320).
22:59:51  INFO     [RAMS] YOLOv8-small ready — Ultralytics (imgsz=416).
22:59:52  INFO     [RAMS] YOLOv8-medium ready — Ultralytics (imgsz=640).
22:59:52  INFO     [RAMS] Controller ready. Policy: fixed
23:00:00  INFO     [RAMS] Controller stopped.
    block=10/10 method=FIXED_MEDIUM ...
23:00:00  INFO     [RAMS] Starting resource monitor ...
23:00:00  INFO     [RAMS] Loading model tiers ...
23:00:00  INFO     [RAMS] YOLOv8-nano ready — Ultralytics (imgsz=320).
23:00:01  INFO     [RAMS] YOLOv8-small ready — Ultralytics (imgsz=416).
23:00:02  INFO     [RAMS] YOLOv8-medium ready — Ultralytics (imgsz=640).
23:00:02  INFO     [RAMS] Controller ready. Policy: fixed
23:00:03  INFO     [RAMS] Tier switch: SMALL → MEDIUM  (R=0.414)
23:00:11  INFO     [RAMS] Controller stopped.
    block=10/10 method=safety2 ...
23:00:11  INFO     [RAMS] Starting resource monitor ...
23:00:11  INFO     [RAMS] Loading model tiers ...
23:00:11  INFO     [RAMS] YOLOv8-nano ready — Ultralytics (imgsz=320).
23:00:11  INFO     [RAMS] YOLOv8-small ready — Ultralytics (imgsz=416).
23:00:12  INFO     [RAMS] YOLOv8-medium ready — Ultralytics (imgsz=640).
23:00:12  INFO     [RAMS] Controller ready. Policy: safety2
23:00:13  INFO     [RAMS] Tier switch: SMALL → MEDIUM  (R=0.557)
23:00:14  INFO     [RAMS] Tier switch: MEDIUM → NANO  (R=0.623)
23:00:14  INFO     [RAMS] Tier switch: NANO → MEDIUM  (R=0.589)
23:00:15  INFO     [RAMS] Tier switch: MEDIUM → NANO  (R=0.649)
23:00:16  INFO     [RAMS] Tier switch: NANO → MEDIUM  (R=0.538)
23:00:16  INFO     [RAMS] Tier switch: MEDIUM → NANO  (R=0.607)
23:00:16  INFO     [RAMS] Tier switch: NANO → MEDIUM  (R=0.660)
23:00:17  INFO     [RAMS] Tier switch: MEDIUM → NANO  (R=0.612)
23:00:17  INFO     [RAMS] Tier switch: NANO → SMALL  (R=0.544)
23:00:17  INFO     [RAMS] Tier switch: SMALL → MEDIUM  (R=0.546)
23:00:17  INFO     [RAMS] Tier switch: MEDIUM → SMALL  (R=0.530)
23:00:17  INFO     [RAMS] Tier switch: SMALL → MEDIUM  (R=0.530)
23:00:18  INFO     [RAMS] Tier switch: MEDIUM → NANO  (R=0.600)
23:00:19  INFO     [RAMS] Tier switch: NANO → SMALL  (R=0.482)
23:00:19  INFO     [RAMS] Tier switch: SMALL → MEDIUM  (R=0.514)
23:00:19  INFO     [RAMS] Tier switch: MEDIUM → NANO  (R=0.561)
23:00:20  INFO     [RAMS] Tier switch: NANO → MEDIUM  (R=0.498)
23:00:21  INFO     [RAMS] Controller stopped.
      threshold: latency=20.2 ms  acc_proxy=0.404
      predictive: latency=20.2 ms  acc_proxy=0.400
      safety: latency=20.8 ms  acc_proxy=0.447
      adaptive: latency=20.4 ms  acc_proxy=0.405
      safety2: latency=25.2 ms  acc_proxy=0.477
      FIXED_NANO: latency=19.8 ms  acc_proxy=0.372
      FIXED_SMALL: latency=21.1 ms  acc_proxy=0.448
      FIXED_MEDIUM: latency=26.7 ms  acc_proxy=0.503
  Chart saved → exp5_pareto_moderate.png

═════════════════════════════════════════════════════════════════════════════════════════
  Experiment 5: Accuracy–Latency Pareto (mean latency, tier dist)
═════════════════════════════════════════════════════════════════════════════════════════
Label           Group           N      Mean ms   ±Std     P95 ms   Tier dist             
──────────────  ──────────────  ─────  ────────  ───────  ───────  ──────────────────────
threshold       moderate        2000   20.2      1.5      22.5     NANO:59%  SMALL:41%   
predictive      moderate        2000   20.2      1.5      22.5     NANO:63%  SMALL:37%   
safety          moderate        2000   20.8      1.3      23.0     NANO:1%  SMALL:99%    
adaptive        moderate        2000   20.4      1.4      22.7     NANO:56%  SMALL:44%   
safety2         moderate        2000   25.2      3.4      29.7     MEDIUM:70%  NANO:12%  SMALL:17%
FIXED_NANO      moderate        2000   19.8      2.6      22.2     NANO:100%             
FIXED_SMALL     moderate        2000   21.1      2.9      23.7     SMALL:100%            
FIXED_MEDIUM    moderate        2000   26.7      2.7      29.5     MEDIUM:100%           
═════════════════════════════════════════════════════════════════════════════════════════

  LaTeX table → /home/soren/rams_sep2026/corrected-20260908/results/full-20260908-v1/pytorch/pareto_moderate/exp5_latex_moderate.tex

